Command: make build
Started: 2026-08-22T22:05:30+08:00
pnpm --dir shared build

> @tingting/shared@0.1.0 build /Users/dev/Documents/projects/silversea/shared
> tsc && node fix-esm-imports.js

Fixed 0 bare imports in /Users/dev/Documents/projects/silversea/shared/dist
pnpm --dir backend build

> @tingting/backend@0.1.0 prebuild /Users/dev/Documents/projects/silversea/backend
> pnpm --dir ../shared build


> @tingting/shared@0.1.0 build /Users/dev/Documents/projects/silversea/shared
> tsc && node fix-esm-imports.js

Fixed 0 bare imports in /Users/dev/Documents/projects/silversea/shared/dist

> @tingting/backend@0.1.0 build /Users/dev/Documents/projects/silversea/backend
> tsc -p tsconfig.build.json && node fix-esm-imports.js

Fixed 0 bare imports in /Users/dev/Documents/projects/silversea/backend/dist
pnpm --dir frontend build

> @tingting/frontend@0.1.0 build /Users/dev/Documents/projects/silversea/frontend
> tsc -b && vite build

vite v6.4.3 building for production...
transforming...
✓ 5016 modules transformed.
rendering chunks...
computing gzip size...
dist/index.html                                            2.31 kB │ gzip:   0.93 kB
dist/assets/CustomersPage-CHoYw38o.css                     0.13 kB │ gzip:   0.13 kB
dist/assets/Money-tgS0Dch5.css                             0.26 kB │ gzip:   0.19 kB
dist/assets/PhotoViewer-wCVc5Kjd.css                       0.31 kB │ gzip:   0.22 kB
dist/assets/operational-table-typography-vdIY03Hr.css      0.50 kB │ gzip:   0.18 kB
dist/assets/CarrierAllocationSummary-C9XWt-6-.css          0.85 kB │ gzip:   0.33 kB
dist/assets/ShipmentContainerCell-frdUuLnk.css             1.36 kB │ gzip:   0.50 kB
dist/assets/DispatchPlanPage-DmsAums3.css                  1.62 kB │ gzip:   0.59 kB
dist/assets/useGeolocation-DX61K0W9.css                    1.85 kB │ gzip:   0.63 kB
dist/assets/ConfigPage-CWHtkr7-.css                        2.58 kB │ gzip:   0.86 kB
dist/assets/SupplierListPage-DpOVkFeb.css                  2.58 kB │ gzip:   0.76 kB
dist/assets/driver-2DKMumT3.css                            2.97 kB │ gzip:   0.97 kB
dist/assets/catalogs-DGHAf0X3.css                          3.20 kB │ gzip:   1.01 kB
dist/assets/HeroKpiRow-D0_uPXQz.css                        3.28 kB │ gzip:   1.07 kB
dist/assets/ExpenseEntryPage-MaBolNiY.css                  3.85 kB │ gzip:   1.31 kB
dist/assets/SalaryPeriodConfigPage-D2TasUMj.css            4.65 kB │ gzip:   1.36 kB
dist/assets/ForwarderTripDetailPage-ayABMsoF.css           5.45 kB │ gzip:   1.41 kB
dist/assets/ForwarderAdvancesPage-DqfHm65h.css             6.09 kB │ gzip:   1.67 kB
dist/assets/ProfitPage-C26ATvCf.css                        6.15 kB │ gzip:   1.46 kB
dist/assets/AuditLogPage-Bv8PGgAv.css                      6.46 kB │ gzip:   1.65 kB
dist/assets/DriverPenaltyPage-C5Bk8UhG.css                 6.83 kB │ gzip:   1.52 kB
dist/assets/RoleWorkInbox-C4cpJnRh.css                     7.51 kB │ gzip:   1.67 kB
dist/assets/LoginPage-s9iWQUNS.css                         8.30 kB │ gzip:   2.38 kB
dist/assets/TripEditPage-Cag1VBMv.css                      8.35 kB │ gzip:   2.26 kB
dist/assets/DebtListPage-a_50itWn.css                      8.46 kB │ gzip:   2.29 kB
dist/assets/DriverEarningsPage-CZMSxxBI.css                8.68 kB │ gzip:   1.96 kB
dist/assets/SettlementPrintPage-Cux18H8O.css               9.37 kB │ gzip:   2.20 kB
dist/assets/ShipmentDetailPage-DmuIKHWs.css                9.87 kB │ gzip:   2.02 kB
dist/assets/DriverTripDetailPage-CVzsMiaM.css             10.54 kB │ gzip:   2.16 kB
dist/assets/RecoverableCostsPage-Dhk0yf_7.css             10.69 kB │ gzip:   2.16 kB
dist/assets/AccountingWorkspacePage-Dj_YGhBS.css          11.21 kB │ gzip:   2.18 kB
dist/assets/GovernanceActionsPage-BowAPemR.css            11.49 kB │ gzip:   2.32 kB
dist/assets/ExpenseListPage-Cux14uSh.css                  11.59 kB │ gzip:   2.65 kB
dist/assets/TripCreatePage-BDKLSDD2.css                   11.62 kB │ gzip:   2.55 kB
dist/assets/WorkflowFinance-DP5xAYZa.css                  12.69 kB │ gzip:   2.52 kB
dist/assets/CreditOverrideQueuePage-DZKZ9k4v.css          12.99 kB │ gzip:   2.45 kB
dist/assets/PayableListPage-BlA9pS0m.css                  13.63 kB │ gzip:   2.87 kB
dist/assets/FinancePage-DOlmyl2M.css                      13.99 kB │ gzip:   3.16 kB
dist/assets/ForwarderSettlementsPage-D2olZctj.css         14.95 kB │ gzip:   3.10 kB
dist/assets/AgentAssistant-BxBPKmuV.css                   15.00 kB │ gzip:   3.82 kB
dist/assets/LeafletMap-CIGW-MKW.css                       15.61 kB │ gzip:   6.46 kB
dist/assets/FleetPage-C6HvNHEu.css                        16.65 kB │ gzip:   3.27 kB
dist/assets/PortalPages-C_I6uOBl.css                      16.84 kB │ gzip:   3.38 kB
dist/assets/UsersPage-CDz0Rr9W.css                        18.42 kB │ gzip:   3.70 kB
dist/assets/PenaltyPage-gFXiYDqX.css                      19.05 kB │ gzip:   3.61 kB
dist/assets/ClerkShipmentCreatePage-DZHlNjqg.css          19.19 kB │ gzip:   3.96 kB
dist/assets/TruckTiresPage-CqcJAOda.css                   19.22 kB │ gzip:   4.13 kB
dist/assets/config-page-C5O-8R2z.css                      20.89 kB │ gzip:   4.17 kB
dist/assets/TripForm-CJygKBUL.css                         22.22 kB │ gzip:   4.40 kB
dist/assets/DispatchDetailPlanPage-BdNDQnal.css           23.86 kB │ gzip:   4.22 kB
dist/assets/SalaryAttendancePage-DoAZI2zi.css             24.89 kB │ gzip:   4.94 kB
dist/assets/TripDetailPage-8IBxHNC8.css                   26.49 kB │ gzip:   5.63 kB
dist/assets/ShipmentsDetailPage-CUcgdTaf.css              26.74 kB │ gzip:   4.20 kB
dist/assets/AdvanceWorkspacePage-CfTk1rxS.css             27.22 kB │ gzip:   4.23 kB
dist/assets/MasterPlanPage-laXQcokF.css                   28.70 kB │ gzip:   5.11 kB
dist/assets/DebitNoteTemplateEditorPage-WKdlFZ7n.css      33.99 kB │ gzip:   5.76 kB
dist/assets/ShipmentsPage-DzEorODe.css                    35.49 kB │ gzip:   6.22 kB
dist/assets/DashboardPage-BEPIau6p.css                    36.47 kB │ gzip:   6.51 kB
dist/assets/TripListPage-C3Rval48.css                     41.01 kB │ gzip:   6.88 kB
dist/assets/PeriodSummaryCards-D5PkTEAD.css               48.01 kB │ gzip:   8.20 kB
dist/assets/index-Bm2LFGuG.css                           317.19 kB │ gzip:  51.99 kB
dist/assets/Breadcrumbs-Bnvm1v27.js                        0.04 kB │ gzip:   0.06 kB
dist/assets/index-B2MRi5gO.js                              0.08 kB │ gzip:   0.10 kB
dist/assets/expenseCatalogs-YK3wo1OL.js                    0.09 kB │ gzip:   0.10 kB
dist/assets/company-info-BytHoOCh.js                       0.11 kB │ gzip:   0.12 kB
dist/assets/formStyles-D51DQkoZ.js                         0.11 kB │ gzip:   0.12 kB
dist/assets/governance-DX8vO2l5.js                         0.16 kB │ gzip:   0.16 kB
dist/assets/round-CFmSqWfU.js                              0.17 kB │ gzip:   0.15 kB
dist/assets/Field-C1XQT8Mx.js                              0.18 kB │ gzip:   0.16 kB
dist/assets/useCatalogs-BFgn98Kp.js                        0.22 kB │ gzip:   0.19 kB
dist/assets/moneyInput-h-t6GBWC.js                         0.24 kB │ gzip:   0.19 kB
dist/assets/check-D1uW8XIo.js                              0.30 kB │ gzip:   0.25 kB
dist/assets/chevron-left-CByj-Ov5.js                       0.30 kB │ gzip:   0.25 kB
dist/assets/loader-circle-C0STcrjx.js                      0.32 kB │ gzip:   0.26 kB
dist/assets/plus-DPpKlHuQ.js                               0.33 kB │ gzip:   0.26 kB
dist/assets/arrow-right-DRUQ8avG.js                        0.34 kB │ gzip:   0.27 kB
dist/assets/useDirtyGuard-BqGWFxBT.js                      0.34 kB │ gzip:   0.23 kB
dist/assets/search-BMWKJKO8.js                             0.35 kB │ gzip:   0.27 kB
dist/assets/trending-up-DtLGJ6Bs.js                        0.35 kB │ gzip:   0.27 kB
dist/assets/circle-check-DV32EOb7.js                       0.35 kB │ gzip:   0.27 kB
dist/assets/trending-down-F2wzs0SF.js                      0.35 kB │ gzip:   0.27 kB
dist/assets/XClose-IY-1Q8g5.js                             0.35 kB │ gzip:   0.27 kB
dist/assets/clock-qC8NhgDr.js                              0.36 kB │ gzip:   0.27 kB
dist/assets/clock-3-zPzn7_Bz.js                            0.36 kB │ gzip:   0.28 kB
dist/assets/rotate-ccw-DcJG4wDx.js                         0.37 kB │ gzip:   0.29 kB
dist/assets/ellipsis-C4VFU4Gj.js                           0.40 kB │ gzip:   0.27 kB
dist/assets/upload-BJ59nAIL.js                             0.40 kB │ gzip:   0.29 kB
dist/assets/download-BhnLTjyM.js                           0.41 kB │ gzip:   0.30 kB
dist/assets/user-round-check-Cdf37aYd.js                   0.41 kB │ gzip:   0.31 kB
dist/assets/ellipsis-vertical-yLNtgo0K.js                  0.41 kB │ gzip:   0.28 kB
dist/assets/copy-0Uz_ZD76.js                               0.41 kB │ gzip:   0.31 kB
dist/assets/history-flR84JNR.js                            0.41 kB │ gzip:   0.30 kB
dist/assets/photo-DbMm-f8t.js                              0.41 kB │ gzip:   0.25 kB
dist/assets/banknote-Cr1JwGZM.js                           0.42 kB │ gzip:   0.31 kB
dist/assets/Money-BETGSSTw.js                              0.42 kB │ gzip:   0.27 kB
dist/assets/camera-BNfkNo3c.js                             0.42 kB │ gzip:   0.31 kB
dist/assets/circle-dollar-sign-blKfKz3n.js                 0.42 kB │ gzip:   0.31 kB
dist/assets/external-link-CofH4_4j.js                      0.42 kB │ gzip:   0.30 kB
dist/assets/settings-2-CY2Nu-dc.js                         0.43 kB │ gzip:   0.30 kB
dist/assets/eye-BeW9FIg6.js                                0.43 kB │ gzip:   0.31 kB
dist/assets/file-check-2-PvIPx05k.js                       0.43 kB │ gzip:   0.30 kB
dist/assets/map-pin-C4mIlRjI.js                            0.43 kB │ gzip:   0.33 kB
dist/assets/zap-BqeLxekM.js                                0.44 kB │ gzip:   0.31 kB
dist/assets/pencil-DIBXPC7q.js                             0.45 kB │ gzip:   0.33 kB
dist/assets/receipt-text-CKNRnQcw.js                       0.47 kB │ gzip:   0.31 kB
dist/assets/userClient-KoH8ONbK.js                         0.49 kB │ gzip:   0.25 kB
dist/assets/printer-ym4_O7BO.js                            0.49 kB │ gzip:   0.34 kB
dist/assets/shield-check-DyR8sj13.js                       0.49 kB │ gzip:   0.36 kB
dist/assets/refresh-cw-DS83QWAg.js                         0.49 kB │ gzip:   0.33 kB
dist/assets/refresh-ccw-Dv6GXe-Q.js                        0.49 kB │ gzip:   0.33 kB
dist/assets/save-CX2Kq3JM.js                               0.50 kB │ gzip:   0.33 kB
dist/assets/wallet-cards-DpLo696k.js                       0.50 kB │ gzip:   0.36 kB
dist/assets/shield-alert-DtzzIxHd.js                       0.53 kB │ gzip:   0.37 kB
dist/assets/trash-2-Do_dNpGc.js                            0.53 kB │ gzip:   0.36 kB
dist/assets/fuel-BCLQZvKX.js                               0.54 kB │ gzip:   0.35 kB
dist/assets/file-spreadsheet-DhmgQ-Ns.js                   0.55 kB │ gzip:   0.33 kB
dist/assets/calendar-clock-dC9l9O11.js                     0.56 kB │ gzip:   0.36 kB
dist/assets/customerDebitNoteMode-CiBOkO0t.js              0.56 kB │ gzip:   0.38 kB
dist/assets/octagon-alert-BWQE52Qj.js                      0.60 kB │ gzip:   0.35 kB
dist/assets/eye-off-CqGmBoab.js                            0.60 kB │ gzip:   0.38 kB
dist/assets/useFocusDeepLink-BPipGnVo.js                   0.61 kB │ gzip:   0.40 kB
dist/assets/building-2-BO1yZkG4.js                         0.61 kB │ gzip:   0.35 kB
dist/assets/arrow-up-CkvXElxV.js                           0.62 kB │ gzip:   0.32 kB
dist/assets/ClickableCard-IrUYPDVx.js                      0.63 kB │ gzip:   0.38 kB
dist/assets/DriverTripsPage-EY8wbank.js                    0.63 kB │ gzip:   0.45 kB
dist/assets/useCounterAnimation-CrGe-cBf.js                0.63 kB │ gzip:   0.43 kB
dist/assets/star-fPDdu0aV.js                               0.65 kB │ gzip:   0.40 kB
dist/assets/ForwarderTripsPage-Cbz71zo3.js                 0.65 kB │ gzip:   0.46 kB
dist/assets/Skeleton-PDtyBkyX.js                           0.66 kB │ gzip:   0.37 kB
dist/assets/useBackShortcut-BH3DHKnm.js                    0.70 kB │ gzip:   0.45 kB
dist/assets/PortalShipmentsPage-Cnrxt-c_.js                0.71 kB │ gzip:   0.47 kB
dist/assets/FormActions-BFYuu7NW.js                        0.76 kB │ gzip:   0.45 kB
dist/assets/constants-Cv3UB1Xz.js                          0.78 kB │ gzip:   0.41 kB
dist/assets/cap-table-D-EbwnMC.js                          0.86 kB │ gzip:   0.40 kB
dist/assets/utils-CQV1IjPl.js                              0.89 kB │ gzip:   0.62 kB
dist/assets/AccountingLockBanner-TAUNJH46.js               0.91 kB │ gzip:   0.60 kB
dist/assets/StatusStrip-B9wczV0Q.js                        0.95 kB │ gzip:   0.44 kB
dist/assets/usePageAnimations-B2RIlzg5.js                  0.98 kB │ gzip:   0.54 kB
dist/assets/useListAnimations-C93Lh3Kk.js                  1.05 kB │ gzip:   0.58 kB
dist/assets/useDriverQueries-y1VJKjV4.js                   1.07 kB │ gzip:   0.41 kB
dist/assets/TextField-D6GkOfA4.js                          1.12 kB │ gzip:   0.49 kB
dist/assets/ForwarderSettlementsPage-Kd5S2dFb.js           1.21 kB │ gzip:   0.64 kB
dist/assets/shipment-operations-DQSsSNYS.js                1.25 kB │ gzip:   0.67 kB
dist/assets/useDashboardQueries-BkaNJAGY.js                1.27 kB │ gzip:   0.54 kB
dist/assets/maps-BIwSs5Lt.js                               1.27 kB │ gzip:   0.66 kB
dist/assets/useTableQueryState-MOV3QQbJ.js                 1.27 kB │ gzip:   0.67 kB
dist/assets/ShipmentContainerCell-BuuRwEZ7.js              1.36 kB │ gzip:   0.73 kB
dist/assets/Pagination-CVUYPGrv.js                         1.56 kB │ gzip:   0.76 kB
dist/assets/useCRUD-Cd0EEWNH.js                            1.64 kB │ gzip:   0.81 kB
dist/assets/catalogs-BtGngSkX.js                           1.66 kB │ gzip:   0.81 kB
dist/assets/DispatchPlanPage-DLLnpMQv.js                   1.70 kB │ gzip:   0.69 kB
dist/assets/CargoTypesConfigPage-DqpJtpzT.js               1.70 kB │ gzip:   1.00 kB
dist/assets/useTireQueries-CP14hGXR.js                     1.73 kB │ gzip:   0.61 kB
dist/assets/TirePositionsConfigPage-hkdi5iyg.js            1.78 kB │ gzip:   1.04 kB
dist/assets/textarea-CuzJO-8z.js                           1.81 kB │ gzip:   0.94 kB
dist/assets/customerServiceFinanceClient-pcg93hyI.js       1.83 kB │ gzip:   0.73 kB
dist/assets/format-DkVRWOTM.js                             2.01 kB │ gzip:   0.83 kB
dist/assets/credit-override-permissions-VSTouEoo.js        2.10 kB │ gzip:   0.69 kB
dist/assets/EmptyState-DEYR9wna.js                         2.27 kB │ gzip:   0.62 kB
dist/assets/TrucksConfigPage-Cs2gaFql.js                   2.29 kB │ gzip:   1.25 kB
dist/assets/WeightPricingTiersConfigPage-DsQTl8k3.js       2.31 kB │ gzip:   1.10 kB
dist/assets/TrailersConfigPage-rpJqx8Gs.js                 2.51 kB │ gzip:   1.26 kB
dist/assets/CarrierAllocationSummary-BCc5zT-x.js           2.63 kB │ gzip:   1.20 kB
dist/assets/AncillaryRevenueConfigPage-C1xZi-32.js         2.68 kB │ gzip:   1.34 kB
dist/assets/confirm-dialog-D7sMonO4.js                     2.71 kB │ gzip:   1.33 kB
dist/assets/audit-helpers-CxIDfgHa.js                      2.73 kB │ gzip:   1.38 kB
dist/assets/RoadAllowancesConfigPage-_F0Kvc-P.js           2.78 kB │ gzip:   1.44 kB
dist/assets/BusinessCalendarConfigPage-C29w11bB.js         3.14 kB │ gzip:   1.59 kB
dist/assets/LocationAutocomplete-Bgz77zyw.js               3.21 kB │ gzip:   1.56 kB
dist/assets/forwarderClient-0QcsKVu7.js                    3.24 kB │ gzip:   1.13 kB
dist/assets/select-native-CMI-WSoh.js                      3.24 kB │ gzip:   1.09 kB
dist/assets/TreasuryPositionPage-L-UGT_q_.js               3.39 kB │ gzip:   1.49 kB
dist/assets/LiftPricingConfigPage-BEueZ_Et.js              3.41 kB │ gzip:   1.51 kB
dist/assets/useFinancialQueries-nL8IMHb8.js                3.43 kB │ gzip:   1.16 kB
dist/assets/salaryClient-shre4ID6.js                       3.44 kB │ gzip:   0.93 kB
dist/assets/ExpenseCategoriesConfigPage-CLDry_Ql.js        3.58 kB │ gzip:   1.55 kB
dist/assets/driverClient-Bc1WiUWv.js                       3.60 kB │ gzip:   1.35 kB
dist/assets/FleetDriversPage-ByP1pynG.js                   3.73 kB │ gzip:   1.62 kB
dist/assets/DriverFormModal-BqJwxkJn.js                    3.86 kB │ gzip:   1.37 kB
dist/assets/FleetVehiclesPage-BEyztRFA.js                  3.90 kB │ gzip:   1.66 kB
dist/assets/DriverPayslipsPage-CBE7awOK.js                 4.01 kB │ gzip:   1.64 kB
dist/assets/PricingTablesConfigPage-BllnweBn.js            4.04 kB │ gzip:   1.73 kB
dist/assets/DispatchSuppliersPage-D_G7A6zK.js              4.13 kB │ gzip:   1.89 kB
dist/assets/CapTableConfigPage-CQQs0YP4.js                 4.15 kB │ gzip:   1.96 kB
dist/assets/DebitNoteTemplatesConfigPage-DUWZw-k_.js       4.30 kB │ gzip:   1.81 kB
dist/assets/CrudTable-DvQzVqLz.js                          4.42 kB │ gzip:   1.99 kB
dist/assets/FuelNormsConfigPage-Q9qbfd0K.js                4.45 kB │ gzip:   1.81 kB
dist/assets/shipmentClient-XLFAc0bj.js                     4.58 kB │ gzip:   1.19 kB
dist/assets/LoginPage-CHnVgJOW.js                          4.85 kB │ gzip:   1.90 kB
dist/assets/useForwarderQueries-ClJQrgg6.js                4.95 kB │ gzip:   0.92 kB
dist/assets/RevenueTrendChart-B2IcBlJk.js                  4.97 kB │ gzip:   2.11 kB
dist/assets/TripExpenseConfigPage-C-lamJb8.js              5.22 kB │ gzip:   1.82 kB
dist/assets/SalaryPeriodConfigPage-DSleJu5V.js             5.26 kB │ gzip:   2.03 kB
dist/assets/PhotoViewer-BUgSBhI_.js                        5.70 kB │ gzip:   2.34 kB
dist/assets/cusUtils-CwmZDVRK.js                           5.72 kB │ gzip:   2.56 kB
dist/assets/useGeolocation-5_hHXQGi.js                     5.72 kB │ gzip:   2.18 kB
dist/assets/ConfigPage-CoJGIC4a.js                         6.14 kB │ gzip:   2.38 kB
dist/assets/PortsConfigPage-DEs4J6o4.js                    6.17 kB │ gzip:   2.20 kB
dist/assets/DriverPenaltyPage-BGvIHnlv.js                  6.25 kB │ gzip:   2.28 kB
dist/assets/DriverTwoOrdersPage-CnQ7dryH.js                6.47 kB │ gzip:   2.40 kB
dist/assets/TruckFormModal-B5MT7aOy.js                     6.65 kB │ gzip:   2.37 kB
dist/assets/PortalShipmentDetailPage-BsOBqoG1.js           7.24 kB │ gzip:   2.49 kB
dist/assets/roleCommandSender-D7lfEWHd.js                  7.26 kB │ gzip:   2.70 kB
dist/assets/useSalaryQueries-CJbJGSNN.js                   7.40 kB │ gzip:   1.16 kB
dist/assets/PortalStatementPage-G0XmI-M1.js                7.45 kB │ gzip:   2.47 kB
dist/assets/TruckOwnersConfigPage-CDKLtlrc.js              7.48 kB │ gzip:   3.01 kB
dist/assets/FuelEvidenceReviewPage-DGvRSxir.js             7.64 kB │ gzip:   2.90 kB
dist/assets/ForwarderSettlementsPage-CyupWWT-.js           7.83 kB │ gzip:   2.80 kB
dist/assets/CompanyInfoConfigPage-kWigmZNu.js              7.88 kB │ gzip:   2.69 kB
dist/assets/SearchableSelect-D_HlkyR_.js                   7.89 kB │ gzip:   3.02 kB
dist/assets/FuelConfigPage-BEadMjzX.js                     8.20 kB │ gzip:   2.65 kB
dist/assets/PortalDebitNotesPage-xSLeZ4po.js               8.65 kB │ gzip:   3.19 kB
dist/assets/MasterDataImportPage-NLqVNbKz.js               9.09 kB │ gzip:   3.29 kB
dist/assets/ForwarderAdvancesPage-D5DYoRQf.js              9.45 kB │ gzip:   2.92 kB
dist/assets/DriverEarningsPage-CpVY-Qqp.js                10.05 kB │ gzip:   2.95 kB
dist/assets/ForwarderExpenseTypesConfigPage-AjPRhuQ_.js   10.35 kB │ gzip:   3.56 kB
dist/assets/ExpenseListPage-Hm4x6zi7.js                   11.35 kB │ gzip:   3.59 kB
dist/assets/ForwarderSettlementCreatePage-E7qKfuNb.js     13.15 kB │ gzip:   4.12 kB
dist/assets/GovernanceActionsPage-BGZLFQ7_.js             13.32 kB │ gzip:   4.42 kB
dist/assets/RoleWorkInbox-u9j_sTBR.js                     13.35 kB │ gzip:   4.96 kB
dist/assets/AncillaryFeesCard-JRrPuBQ-.js                 14.45 kB │ gzip:   4.24 kB
dist/assets/DebtListPage-D8Qqtv-2.js                      14.79 kB │ gzip:   4.92 kB
dist/assets/AuditLogPage-Cu4Nl0OZ.js                      14.95 kB │ gzip:   5.26 kB
dist/assets/CustomersConfigPage-Dz91oFL5.js               15.86 kB │ gzip:   5.19 kB
dist/assets/PenaltyReasonsConfigPage-DYfQQKP_.js          16.42 kB │ gzip:   5.27 kB
dist/assets/CreditOverrideQueuePage-ChAwm2M2.js           16.79 kB │ gzip:   4.77 kB
dist/assets/SettlementPrintPage-BHKoXOQU.js               16.87 kB │ gzip:   5.07 kB
dist/assets/AccountingWorkspacePage-D1bqT-zG.js           18.78 kB │ gzip:   6.19 kB
dist/assets/PayableDetailPage-DG3yk2gm.js                 20.70 kB │ gzip:   6.26 kB
dist/assets/RecoverableCostsPage-DHbT8hhF.js              21.44 kB │ gzip:   7.18 kB
dist/assets/SupplierListPage-BrL3fbm3.js                  21.52 kB │ gzip:   6.20 kB
dist/assets/driver.js-CK928fzB.js                         22.53 kB │ gzip:   6.55 kB
dist/assets/RoutesConfigPage-CZyaEoJl.js                  24.12 kB │ gzip:   7.04 kB
dist/assets/CustomersPage-DkB8HPnA.js                     24.24 kB │ gzip:   7.56 kB
dist/assets/ExpenseEntryPage-BhiV6dLj.js                  24.24 kB │ gzip:   7.17 kB
dist/assets/AdvanceWorkspacePage-BG6Un1ad.js              25.34 kB │ gzip:   6.56 kB
dist/assets/ProfitPage-Dm6SqO_3.js                        25.54 kB │ gzip:   7.56 kB
dist/assets/PenaltyPage-D1xblL6a.js                       28.08 kB │ gzip:   8.65 kB
dist/assets/DriverTripDetailPage-Cocvc5yb.js              28.58 kB │ gzip:   9.25 kB
dist/assets/DebtDetailPage-SYB_gqgD.js                    29.42 kB │ gzip:   9.00 kB
dist/assets/PeriodSummaryCards-IHA-bnna.js                29.84 kB │ gzip:   9.22 kB
dist/assets/ShipmentDetailPage-Dc4mTLH3.js                31.26 kB │ gzip:   9.12 kB
dist/assets/DebitNoteTemplateEditorPage-DeQ-Va6d.js       31.63 kB │ gzip:   8.69 kB
dist/assets/DispatchDetailPlanPage-byMEbmZJ.js            35.58 kB │ gzip:   9.63 kB
dist/assets/TruckTiresPage-CbWWpMpN.js                    36.93 kB │ gzip:   9.82 kB
dist/assets/FleetPage-DF-zolTd.js                         37.21 kB │ gzip:   7.12 kB
dist/assets/TripCreatePage-D9QPy4kc.js                    37.85 kB │ gzip:  10.76 kB
dist/assets/DashboardPage-C2gPFITX.js                     38.40 kB │ gzip:  12.20 kB
dist/assets/ForwarderTripDetailPage-BP2WmDiZ.js           39.23 kB │ gzip:  11.55 kB
dist/assets/ShipmentsDetailPage-CeNzJh1o.js               40.57 kB │ gzip:  11.18 kB
dist/assets/TripEditPage-DlN_wYRf.js                      40.90 kB │ gzip:  11.19 kB
dist/assets/vendor-anim-CJ4B5Iet.js                       41.97 kB │ gzip:  15.75 kB
dist/assets/AppSettingsConfigPage-BaR_4-km.js             42.12 kB │ gzip:  10.81 kB
dist/assets/FinancePage-DbTUdouu.js                       44.70 kB │ gzip:  11.59 kB
dist/assets/PayableListPage-RMwNHaVe.js                   45.19 kB │ gzip:  12.01 kB
dist/assets/MasterPlanPage-CnpWzsYi.js                    46.23 kB │ gzip:  11.71 kB
dist/assets/ClerkShipmentCreatePage-BVmc8c7f.js           48.41 kB │ gzip:  13.39 kB
dist/assets/SalaryAttendancePage-CqzWW8_j.js              50.65 kB │ gzip:  12.60 kB
dist/assets/UsersPage-Be7_NoxG.js                         50.72 kB │ gzip:  13.36 kB
dist/assets/TripDetailPage-D3xc44aC.js                    54.13 kB │ gzip:  15.12 kB
dist/assets/ShipmentsPage-Bg6Znn1l.js                     54.94 kB │ gzip:  14.71 kB
dist/assets/TripForm-BqppVg3u.js                          67.27 kB │ gzip:  20.36 kB
dist/assets/TripListPage-BGlv0FDV.js                      90.10 kB │ gzip:  25.61 kB
dist/assets/AgentAssistant-CzLz6KTR.js                   134.86 kB │ gzip:  41.84 kB
dist/assets/LeafletMap-CV9Vkaqn.js                       156.36 kB │ gzip:  45.57 kB
dist/assets/vendor-react-BZzewrSf.js                     280.28 kB │ gzip:  88.22 kB
dist/assets/index-DeoeouU8.js                            684.05 kB │ gzip: 197.95 kB
dist/assets/csv-CGrnTSdx.js                              945.82 kB │ gzip: 273.69 kB

(!) Some chunks are larger than 500 kB after minification. Consider:
- Using dynamic import() to code-split the application
- Use build.rollupOptions.output.manualChunks to improve chunking: https://rollupjs.org/configuration-options/#output-manualchunks
- Adjust chunk size limit for this warning via build.chunkSizeWarningLimit.
✓ built in 5.12s
Exit status: 0
Finished: 2026-08-22T22:05:47+08:00
