pnpm --dir shared build

> @tingting/shared@0.1.0 build /Users/dev/Documents/projects/silversea/shared
> tsc && node fix-esm-imports.js

Fixed 0 bare imports in /Users/dev/Documents/projects/silversea/shared/dist
pnpm --dir backend build

> @tingting/backend@0.1.0 prebuild /Users/dev/Documents/projects/silversea/backend
> pnpm --dir ../shared build


> @tingting/shared@0.1.0 build /Users/dev/Documents/projects/silversea/shared
> tsc && node fix-esm-imports.js

Fixed 0 bare imports in /Users/dev/Documents/projects/silversea/shared/dist

> @tingting/backend@0.1.0 build /Users/dev/Documents/projects/silversea/backend
> tsc -p tsconfig.build.json && node fix-esm-imports.js

Fixed 25 bare imports in /Users/dev/Documents/projects/silversea/backend/dist
pnpm --dir frontend build

> @tingting/frontend@0.1.0 build /Users/dev/Documents/projects/silversea/frontend
> tsc -b && vite build

vite v6.4.3 building for production...
transforming...
✓ 5053 modules transformed.
rendering chunks...
computing gzip size...
dist/index.html                                            2.31 kB │ gzip:   0.93 kB
dist/assets/CustomersPage-BEt5uPQ0.css                     0.25 kB │ gzip:   0.18 kB
dist/assets/Money-tgS0Dch5.css                             0.26 kB │ gzip:   0.19 kB
dist/assets/PhotoViewer-wCVc5Kjd.css                       0.31 kB │ gzip:   0.22 kB
dist/assets/CarrierAllocationSummary-C9XWt-6-.css          0.85 kB │ gzip:   0.33 kB
dist/assets/operational-table-typography-Ch7zo45A.css      1.27 kB │ gzip:   0.25 kB
dist/assets/ShipmentContainerCell-frdUuLnk.css             1.36 kB │ gzip:   0.50 kB
dist/assets/useGeolocation-DX61K0W9.css                    1.85 kB │ gzip:   0.63 kB
dist/assets/TreasuryPositionPage-CEbJ_u-j.css              2.38 kB │ gzip:   0.67 kB
dist/assets/ConfigPage-pGVU9eoJ.css                        2.59 kB │ gzip:   0.86 kB
dist/assets/driver-2DKMumT3.css                            2.97 kB │ gzip:   0.97 kB
dist/assets/record-table-9Z1Nfid2.css                      3.01 kB │ gzip:   1.00 kB
dist/assets/DispatchPlanPage-DfyKOdn8.css                  3.06 kB │ gzip:   0.95 kB
dist/assets/catalogs-DBXowrEd.css                          3.11 kB │ gzip:   1.00 kB
dist/assets/HeroKpiRow-D0_uPXQz.css                        3.28 kB │ gzip:   1.07 kB
dist/assets/AdminCenterPage-Djj06H2w.css                   3.88 kB │ gzip:   0.98 kB
dist/assets/DriverTripDetailPage-CMrpHKdq.css              4.28 kB │ gzip:   1.13 kB
dist/assets/DriverTripsPage-Bh9Udo6X.css                   4.47 kB │ gzip:   1.19 kB
dist/assets/SalaryPeriodConfigPage-D2TasUMj.css            4.65 kB │ gzip:   1.36 kB
dist/assets/ExpenseEntryPage-OO3KcX02.css                  4.70 kB │ gzip:   1.38 kB
dist/assets/AuditLogPage-CtesgnM6.css                      5.11 kB │ gzip:   1.39 kB
dist/assets/SupplierListPage-BiNebH_x.css                  5.35 kB │ gzip:   1.44 kB
dist/assets/DebtListPage-DnjfBf8Q.css                      6.06 kB │ gzip:   1.75 kB
dist/assets/ForwarderAdvancesPage-CY80SFPe.css             6.10 kB │ gzip:   1.67 kB
dist/assets/DriverPenaltyPage-jJsLCrvV.css                 6.63 kB │ gzip:   1.48 kB
dist/assets/DriverTripPodPage-CRbc7XiU.css                 7.72 kB │ gzip:   1.89 kB
dist/assets/LoginPage-D-Lg6yKH.css                         8.38 kB │ gzip:   2.40 kB
dist/assets/TripEditPage-COunl64Y.css                      8.46 kB │ gzip:   2.27 kB
dist/assets/CreditOverrideQueuePage-x5QUJe3I.css           8.55 kB │ gzip:   1.84 kB
dist/assets/ForwarderTripDetailPage-DhWn1AHo.css           8.56 kB │ gzip:   2.04 kB
dist/assets/DriverEarningsPage-BcQZltR1.css                8.75 kB │ gzip:   1.98 kB
dist/assets/ExpenseListPage-BDsqIcB6.css                   8.76 kB │ gzip:   2.18 kB
dist/assets/RoleWorkInbox-JLumLIxJ.css                     8.99 kB │ gzip:   2.02 kB
dist/assets/SettlementPrintPage-Cux18H8O.css               9.37 kB │ gzip:   2.20 kB
dist/assets/RecoverableCostsPage-B-2zhUPs.css              9.64 kB │ gzip:   1.98 kB
dist/assets/ShipmentDetailPage-DmuIKHWs.css                9.87 kB │ gzip:   2.02 kB
dist/assets/GovernanceActionsPage-LvKEEsCX.css             9.99 kB │ gzip:   2.08 kB
dist/assets/WorkflowFinance-DVwMpwxj.css                  10.46 kB │ gzip:   2.06 kB
dist/assets/TripCreatePage-JT1zJEAf.css                   11.08 kB │ gzip:   2.46 kB
dist/assets/DriverTripDetailPage-CLKVp6id.css             11.48 kB │ gzip:   2.37 kB
dist/assets/ProfitPage-QWF5W0lP.css                       11.67 kB │ gzip:   2.21 kB
dist/assets/FinancePage-BHrGarFv.css                      12.49 kB │ gzip:   2.87 kB
dist/assets/PayableListPage-CHvf_-Dm.css                  13.45 kB │ gzip:   2.87 kB
dist/assets/AccountingWorkspacePage-B3LOoKcm.css          14.35 kB │ gzip:   2.69 kB
dist/assets/AgentAssistant-BxBPKmuV.css                   15.00 kB │ gzip:   3.82 kB
dist/assets/ForwarderSettlementsPage-CvwK01QX.css         15.05 kB │ gzip:   3.13 kB
dist/assets/PortalPages-XuHi3xKx.css                      15.49 kB │ gzip:   3.20 kB
dist/assets/LeafletMap-CIGW-MKW.css                       15.61 kB │ gzip:   6.46 kB
dist/assets/TruckTiresPage-Dr5xqrb5.css                   17.56 kB │ gzip:   3.80 kB
dist/assets/config-page-CKKN3f8T.css                      18.30 kB │ gzip:   3.88 kB
dist/assets/UsersPage-C2IEi47E.css                        18.81 kB │ gzip:   3.75 kB
dist/assets/FleetPage-BmqFFvaX.css                        20.20 kB │ gzip:   3.73 kB
dist/assets/ClerkShipmentCreatePage-kjQVk-gV.css          20.24 kB │ gzip:   4.12 kB
dist/assets/PenaltyPage-BFeKITc7.css                      21.51 kB │ gzip:   3.78 kB
dist/assets/TripForm-CyBRJxX-.css                         22.31 kB │ gzip:   4.43 kB
dist/assets/DispatchDetailPlanPage-Cm6AZivg.css           26.02 kB │ gzip:   4.59 kB
dist/assets/ShipmentsDetailPage-B0o8IQ8y.css              27.41 kB │ gzip:   4.31 kB
dist/assets/TripDetailPage-De9GWhAR.css                   27.43 kB │ gzip:   5.84 kB
dist/assets/SalaryAttendancePage-BT2mNQnd.css             27.46 kB │ gzip:   5.38 kB
dist/assets/AdvanceWorkspacePage-iXQzecSg.css             27.93 kB │ gzip:   4.39 kB
dist/assets/MasterPlanPage-B661Jj19.css                   30.28 kB │ gzip:   5.32 kB
dist/assets/DebitNoteTemplateEditorPage-CCpS46Rt.css      34.17 kB │ gzip:   5.78 kB
dist/assets/ShipmentsPage-BfICbr0R.css                    36.53 kB │ gzip:   6.39 kB
dist/assets/DashboardPage-ztbeJohY.css                    41.64 kB │ gzip:   7.22 kB
dist/assets/TripListPage-DOT7Pp8d.css                     41.77 kB │ gzip:   6.94 kB
dist/assets/PeriodSummaryCards-BKwBxfVh.css               49.85 kB │ gzip:   8.52 kB
dist/assets/index-C9_JYER1.css                           340.07 kB │ gzip:  55.18 kB
dist/assets/Breadcrumbs-Bnvm1v27.js                        0.04 kB │ gzip:   0.06 kB
dist/assets/index-B2MRi5gO.js                              0.08 kB │ gzip:   0.10 kB
dist/assets/expenseCatalogs-YK3wo1OL.js                    0.09 kB │ gzip:   0.10 kB
dist/assets/company-info-CwACTtJi.js                       0.11 kB │ gzip:   0.12 kB
dist/assets/formStyles-D51DQkoZ.js                         0.11 kB │ gzip:   0.12 kB
dist/assets/tripStatus-DVtu-Uzb.js                         0.16 kB │ gzip:   0.14 kB
dist/assets/governance-DX8vO2l5.js                         0.16 kB │ gzip:   0.16 kB
dist/assets/round-CFmSqWfU.js                              0.17 kB │ gzip:   0.15 kB
dist/assets/Field-C1XQT8Mx.js                              0.18 kB │ gzip:   0.16 kB
dist/assets/useCatalogs-DL8xM-K8.js                        0.22 kB │ gzip:   0.20 kB
dist/assets/InlineForm-B0nn_9x1.js                         0.22 kB │ gzip:   0.20 kB
dist/assets/moneyInput-h-t6GBWC.js                         0.24 kB │ gzip:   0.19 kB
dist/assets/check-CsHyenvf.js                              0.30 kB │ gzip:   0.25 kB
dist/assets/chevron-left-DNffdf2w.js                       0.30 kB │ gzip:   0.25 kB
dist/assets/loader-circle-s2EFZF4l.js                      0.31 kB │ gzip:   0.26 kB
dist/assets/plus-Brj46Wrc.js                               0.32 kB │ gzip:   0.25 kB
dist/assets/arrow-right-s3GGvMIG.js                        0.33 kB │ gzip:   0.26 kB
dist/assets/trending-up-D2ZPjvIo.js                        0.34 kB │ gzip:   0.27 kB
dist/assets/useDirtyGuard-BqGWFxBT.js                      0.34 kB │ gzip:   0.23 kB
dist/assets/search-CSTiOVpx.js                             0.35 kB │ gzip:   0.27 kB
dist/assets/circle-check-DmZCJKmA.js                       0.35 kB │ gzip:   0.27 kB
dist/assets/trending-down-BJGlAoEY.js                      0.35 kB │ gzip:   0.27 kB
dist/assets/XClose-IY-1Q8g5.js                             0.35 kB │ gzip:   0.27 kB
dist/assets/clock-D9nDT3-m.js                              0.36 kB │ gzip:   0.28 kB
dist/assets/clock-3-B71_fBUR.js                            0.36 kB │ gzip:   0.28 kB
dist/assets/rotate-ccw-Di4jN5jb.js                         0.37 kB │ gzip:   0.29 kB
dist/assets/upload-BMXcB8BX.js                             0.40 kB │ gzip:   0.29 kB
dist/assets/ellipsis-DrsDMM6B.js                           0.40 kB │ gzip:   0.27 kB
dist/assets/download-DyRfSSMA.js                           0.40 kB │ gzip:   0.29 kB
dist/assets/history-Bv-ib_Ob.js                            0.41 kB │ gzip:   0.30 kB
dist/assets/ellipsis-vertical-Bq68o7aA.js                  0.41 kB │ gzip:   0.28 kB
dist/assets/copy-CtCQ9RZ_.js                               0.41 kB │ gzip:   0.31 kB
dist/assets/arrow-up-down-B8mQOD7x.js                      0.41 kB │ gzip:   0.30 kB
dist/assets/photo-B5uHFVdP.js                              0.41 kB │ gzip:   0.25 kB
dist/assets/FleetPage-DwXuQoVe.js                          0.42 kB │ gzip:   0.27 kB
dist/assets/banknote-CZgMUJvv.js                           0.42 kB │ gzip:   0.31 kB
dist/assets/Money-BETGSSTw.js                              0.42 kB │ gzip:   0.27 kB
dist/assets/camera-Dpt3P7xj.js                             0.42 kB │ gzip:   0.31 kB
dist/assets/circle-dollar-sign-6LE0GvjY.js                 0.42 kB │ gzip:   0.31 kB
dist/assets/external-link-DNUFQm34.js                      0.42 kB │ gzip:   0.30 kB
dist/assets/settings-2-CGs9-njM.js                         0.43 kB │ gzip:   0.30 kB
dist/assets/eye-BOB-4vhu.js                                0.43 kB │ gzip:   0.31 kB
dist/assets/file-check-2-DxucZCvF.js                       0.43 kB │ gzip:   0.30 kB
dist/assets/map-pin-CMLZThYM.js                            0.43 kB │ gzip:   0.33 kB
dist/assets/zap-KcPuJyZs.js                                0.44 kB │ gzip:   0.31 kB
dist/assets/image-BvfCUj6e.js                              0.44 kB │ gzip:   0.33 kB
dist/assets/pencil-D1fiH1Qe.js                             0.45 kB │ gzip:   0.33 kB
dist/assets/SummaryRail-D49OPucU.js                        0.46 kB │ gzip:   0.30 kB
dist/assets/send-Ci_zxPNj.js                               0.46 kB │ gzip:   0.34 kB
dist/assets/userClient-Be3MxGpl.js                         0.49 kB │ gzip:   0.26 kB
dist/assets/table-sort-Dv1NivTJ.js                         0.49 kB │ gzip:   0.30 kB
dist/assets/printer-D7MgNYwg.js                            0.49 kB │ gzip:   0.34 kB
dist/assets/shield-check-B8OKndma.js                       0.49 kB │ gzip:   0.36 kB
dist/assets/refresh-cw-C7kyljQT.js                         0.49 kB │ gzip:   0.33 kB
dist/assets/refresh-ccw-C-5oE-my.js                        0.49 kB │ gzip:   0.33 kB
dist/assets/save-CyS5I9ka.js                               0.50 kB │ gzip:   0.33 kB
dist/assets/package-2-BiCjg27W.js                          0.51 kB │ gzip:   0.35 kB
dist/assets/shield-alert-lt0vhzTE.js                       0.53 kB │ gzip:   0.37 kB
dist/assets/trash-2-gpSc_VqH.js                            0.53 kB │ gzip:   0.36 kB
dist/assets/fuel-BLm_Ws24.js                               0.54 kB │ gzip:   0.35 kB
dist/assets/file-spreadsheet-BHmTtuFr.js                   0.55 kB │ gzip:   0.33 kB
dist/assets/useAutoRefresh-CfV0CkS9.js                     0.55 kB │ gzip:   0.31 kB
dist/assets/shuffle-C05Ff1m6.js                            0.56 kB │ gzip:   0.35 kB
dist/assets/calendar-clock-e63nlVmz.js                     0.56 kB │ gzip:   0.36 kB
dist/assets/customerDebitNoteMode-CiBOkO0t.js              0.56 kB │ gzip:   0.38 kB
dist/assets/octagon-alert-C3g_fSBV.js                      0.60 kB │ gzip:   0.35 kB
dist/assets/eye-off-DpKhPCZK.js                            0.60 kB │ gzip:   0.38 kB
dist/assets/ForwarderTripsPage-D1ovrvHS.js                 0.61 kB │ gzip:   0.44 kB
dist/assets/useFocusDeepLink-CNmGuMow.js                   0.61 kB │ gzip:   0.40 kB
dist/assets/building-2-DPwJlYYG.js                         0.61 kB │ gzip:   0.35 kB
dist/assets/FormActions-Q0dKhicv.js                        0.61 kB │ gzip:   0.39 kB
dist/assets/arrow-up-J9UUGnWG.js                           0.62 kB │ gzip:   0.32 kB
dist/assets/ClickableCard-IrUYPDVx.js                      0.63 kB │ gzip:   0.38 kB
dist/assets/useCounterAnimation-CrGe-cBf.js                0.63 kB │ gzip:   0.43 kB
dist/assets/image-off-B-RFUhSm.js                          0.64 kB │ gzip:   0.40 kB
dist/assets/star-BmdqtNON.js                               0.65 kB │ gzip:   0.41 kB
dist/assets/PortalShipmentsPage-BjOVUChs.js                0.67 kB │ gzip:   0.46 kB
dist/assets/useBackShortcut-DUFoZz2D.js                    0.70 kB │ gzip:   0.45 kB
dist/assets/SortHeader-J9guTdlA.js                         0.74 kB │ gzip:   0.43 kB
dist/assets/DispatchIssueStatus-C7JWDnPu.js                0.85 kB │ gzip:   0.49 kB
dist/assets/cap-table-D-EbwnMC.js                          0.86 kB │ gzip:   0.40 kB
dist/assets/AccountingLockBanner-TAUNJH46.js               0.91 kB │ gzip:   0.60 kB
dist/assets/StatusStrip-B9wczV0Q.js                        0.95 kB │ gzip:   0.44 kB
dist/assets/usePageAnimations-DZTVqnzW.js                  0.98 kB │ gzip:   0.54 kB
dist/assets/Skeleton-BxkZN0yC.js                           0.98 kB │ gzip:   0.49 kB
dist/assets/Badge-C5vuYM9K.js                              1.00 kB │ gzip:   0.51 kB
dist/assets/useListAnimations-CCCI87ks.js                  1.05 kB │ gzip:   0.58 kB
dist/assets/TextField-Bz8nogzf.js                          1.12 kB │ gzip:   0.49 kB
dist/assets/ForwarderSettlementsPage-Ck-UWTL6.js           1.21 kB │ gzip:   0.64 kB
dist/assets/shipment-operations-DQSsSNYS.js                1.25 kB │ gzip:   0.67 kB
dist/assets/useDashboardQueries-CKVc3FFR.js                1.27 kB │ gzip:   0.54 kB
dist/assets/maps-DCW3oVMt.js                               1.27 kB │ gzip:   0.66 kB
dist/assets/useTableQueryState-MOV3QQbJ.js                 1.27 kB │ gzip:   0.67 kB
dist/assets/Tabs-CY4_eJS9.js                               1.28 kB │ gzip:   0.70 kB
dist/assets/ShipmentContainerCell-BuuRwEZ7.js              1.36 kB │ gzip:   0.73 kB
dist/assets/dispatchPlanningClient-DunkUq0o.js             1.45 kB │ gzip:   0.51 kB
dist/assets/DispatchPlanPage-DD_XBCel.js                   1.50 kB │ gzip:   0.75 kB
dist/assets/Pagination-D_YIkQPF.js                         1.56 kB │ gzip:   0.76 kB
dist/assets/useCRUD-2uK4Gj2F.js                            1.64 kB │ gzip:   0.81 kB
dist/assets/catalogs-BBB-CfF_.js                           1.66 kB │ gzip:   0.81 kB
dist/assets/useTireQueries-BXQLR2iG.js                     1.73 kB │ gzip:   0.62 kB
dist/assets/CargoTypesConfigPage-6q7d2vL5.js               1.74 kB │ gzip:   1.02 kB
dist/assets/textarea-C783bSOa.js                           1.81 kB │ gzip:   0.94 kB
dist/assets/TirePositionsConfigPage-BEMDtA_R.js            1.82 kB │ gzip:   1.06 kB
dist/assets/iso6346-rE2izBiH.js                            1.85 kB │ gzip:   0.98 kB
dist/assets/format-DkVRWOTM.js                             2.01 kB │ gzip:   0.83 kB
dist/assets/customerServiceFinanceClient-58FMKVd7.js       2.14 kB │ gzip:   0.79 kB
dist/assets/credit-override-permissions-UWdWU6_X.js        2.18 kB │ gzip:   0.71 kB
dist/assets/EmptyState-kwlVbDEr.js                         2.27 kB │ gzip:   0.62 kB
dist/assets/TrucksConfigPage-Cs1VPjdD.js                   2.32 kB │ gzip:   1.26 kB
dist/assets/DriverTripDetailPage-a-ilE3LW.js               2.35 kB │ gzip:   1.29 kB
dist/assets/WeightPricingTiersConfigPage-BHOqCUJC.js       2.35 kB │ gzip:   1.12 kB
dist/assets/audit-helpers-BzXsg0UE.js                      2.38 kB │ gzip:   1.28 kB
dist/assets/TrailersConfigPage-CBJI1LeP.js                 2.55 kB │ gzip:   1.27 kB
dist/assets/CarrierAllocationSummary-BCc5zT-x.js           2.63 kB │ gzip:   1.20 kB
dist/assets/DriverFormModal-9Y0Wb_Oy.js                    2.71 kB │ gzip:   1.07 kB
dist/assets/confirm-dialog-DiylV446.js                     2.71 kB │ gzip:   1.33 kB
dist/assets/AncillaryRevenueConfigPage-DlkuW4kw.js         2.72 kB │ gzip:   1.36 kB
dist/assets/AdminCenterPage-C86vi4Cg.js                    2.74 kB │ gzip:   1.33 kB
dist/assets/RoadAllowancesConfigPage-C51y7sTV.js           2.81 kB │ gzip:   1.45 kB
dist/assets/BusinessCalendarConfigPage-WTte1rhd.js         3.17 kB │ gzip:   1.60 kB
dist/assets/LocationAutocomplete-DLbRudYg.js               3.21 kB │ gzip:   1.57 kB
dist/assets/useFinancialQueries-l6woJP7a.js                3.27 kB │ gzip:   1.11 kB
dist/assets/forwarderClient-3sZc1oYU.js                    3.40 kB │ gzip:   1.17 kB
dist/assets/salaryClient-BfiyAFVC.js                       3.44 kB │ gzip:   0.93 kB
dist/assets/LiftPricingConfigPage-5ONAxuCB.js              3.45 kB │ gzip:   1.52 kB
dist/assets/ExpenseCategoriesConfigPage-tar4-14C.js        3.61 kB │ gzip:   1.57 kB
dist/assets/DriverPayslipsPage-BFk-XXPF.js                 3.94 kB │ gzip:   1.61 kB
dist/assets/PricingTablesConfigPage-Bg9ixGMj.js            4.08 kB │ gzip:   1.75 kB
dist/assets/CapTableConfigPage-DV1RPB_x.js                 4.19 kB │ gzip:   1.98 kB
dist/assets/DebitNoteTemplatesConfigPage-CD0DiyJQ.js       4.30 kB │ gzip:   1.82 kB
dist/assets/FleetDriversPage-aGx84Tnn.js                   4.32 kB │ gzip:   1.86 kB
dist/assets/CrudTable-Ddt9eUgg.js                          4.42 kB │ gzip:   1.99 kB
dist/assets/FuelNormsConfigPage-B04PTq0z.js                4.49 kB │ gzip:   1.82 kB
dist/assets/TreasuryPositionPage-FykDI4Vw.js               4.49 kB │ gzip:   1.84 kB
dist/assets/DispatchSuppliersPage-8X-EwevD.js              4.66 kB │ gzip:   2.11 kB
dist/assets/PhotoViewer-DhDvLjfY.js                        4.71 kB │ gzip:   2.04 kB
dist/assets/LoginPage-B9oGqxck.js                          4.85 kB │ gzip:   1.90 kB
dist/assets/useForwarderQueries-RbE8LBr7.js                4.89 kB │ gzip:   0.97 kB
dist/assets/RevenueTrendChart-B2IcBlJk.js                  4.97 kB │ gzip:   2.11 kB
dist/assets/DriverTripsPage-BmLzn48u.js                    5.22 kB │ gzip:   1.97 kB
dist/assets/TripExpenseConfigPage-DHe7nO-m.js              5.22 kB │ gzip:   1.83 kB
dist/assets/SalaryPeriodConfigPage-BtDegIs3.js             5.26 kB │ gzip:   2.04 kB
dist/assets/shipmentClient-ByyBP3xR.js                     5.34 kB │ gzip:   1.34 kB
dist/assets/useGeolocation-DRcOTZ5C.js                     5.58 kB │ gzip:   2.11 kB
dist/assets/cusUtils-BqTP4DyB.js                           5.77 kB │ gzip:   2.58 kB
dist/assets/ContainerScanner-D_KRJuKI.js                   5.98 kB │ gzip:   2.65 kB
dist/assets/TruckFormModal-CeRCwPoI.js                     6.12 kB │ gzip:   2.26 kB
dist/assets/ConfigPage-FmOTnwtE.js                         6.14 kB │ gzip:   2.39 kB
dist/assets/DriverTwoOrdersPage-D5fDB78H.js                6.39 kB │ gzip:   2.37 kB
dist/assets/PortsConfigPage-kNrTCNQs.js                    6.59 kB │ gzip:   2.27 kB
dist/assets/DriverPenaltyPage-CL7IeoMB.js                  6.75 kB │ gzip:   2.40 kB
dist/assets/FleetVehiclesPage-CkRuGyGx.js                  6.92 kB │ gzip:   2.72 kB
dist/assets/roleCommandSender-D30nerYe.js                  7.22 kB │ gzip:   2.69 kB
dist/assets/useSalaryQueries-z5bvrsTn.js                   7.40 kB │ gzip:   1.17 kB
dist/assets/CompanyInfoConfigPage-CwA5mCcE.js              7.88 kB │ gzip:   2.69 kB
dist/assets/SearchableSelect-hIEVXAKN.js                   7.89 kB │ gzip:   3.02 kB
dist/assets/ForwarderSettlementsPage-CkCPbA5Z.js           7.90 kB │ gzip:   2.84 kB
dist/assets/TruckOwnersConfigPage-3Xbh3rbG.js              7.92 kB │ gzip:   3.23 kB
dist/assets/PortalStatementPage-S7XhBZfS.js                7.92 kB │ gzip:   2.68 kB
dist/assets/PortalShipmentDetailPage-BlmVQ6Ex.js           8.12 kB │ gzip:   2.75 kB
dist/assets/FuelEvidenceReviewPage-C0hXxbJ6.js             8.21 kB │ gzip:   3.16 kB
dist/assets/PortalDebitNotesPage-y43f8gmC.js               8.65 kB │ gzip:   3.19 kB
dist/assets/FuelConfigPage-C_MCkLSi.js                     8.92 kB │ gzip:   2.89 kB
dist/assets/ExpenseListPage-CyF5no0q.js                    9.30 kB │ gzip:   3.33 kB
dist/assets/MasterDataImportPage-DcCaLUsQ.js               9.53 kB │ gzip:   3.48 kB
dist/assets/FactoriesConfigPage-BvzW8BJs.js                9.62 kB │ gzip:   3.51 kB
dist/assets/DriverEarningsPage-ByJL_G8w.js                 9.73 kB │ gzip:   2.87 kB
dist/assets/ForwarderAdvancesPage-BB5vYOLg.js              9.80 kB │ gzip:   3.08 kB
dist/assets/ForwarderExpenseTypesConfigPage-1tXf8GzQ.js   10.30 kB │ gzip:   3.54 kB
dist/assets/ForwarderSettlementCreatePage-D3ZUt9sP.js     13.19 kB │ gzip:   4.14 kB
dist/assets/DebtListPage-CGLz59EH.js                      13.91 kB │ gzip:   4.89 kB
dist/assets/GovernanceActionsPage-ChG8XiXb.js             14.33 kB │ gzip:   5.00 kB
dist/assets/AncillaryFeesCard-DXKlbyQW.js                 14.45 kB │ gzip:   4.24 kB
dist/assets/CreditOverrideQueuePage-ByBhrDQ5.js           14.72 kB │ gzip:   4.56 kB
dist/assets/RoleWorkInbox-BkGjeiu0.js                     14.77 kB │ gzip:   5.35 kB
dist/assets/AuditLogPage-PnFKd9b2.js                      15.19 kB │ gzip:   5.38 kB
dist/assets/PenaltyReasonsConfigPage-BRuov5Bq.js          16.42 kB │ gzip:   5.27 kB
dist/assets/DriverTripPodPage-7xWE2wMs.js                 16.62 kB │ gzip:   5.63 kB
dist/assets/CustomersConfigPage-DGXKk7z1.js               16.80 kB │ gzip:   5.46 kB
dist/assets/SettlementPrintPage-CM52HGM7.js               16.91 kB │ gzip:   5.10 kB
dist/assets/SupplierListPage-C6HMRLxN.js                  19.48 kB │ gzip:   6.15 kB
dist/assets/CustomersPage-CRRaV4ug.js                     21.68 kB │ gzip:   7.03 kB
dist/assets/driver.js-CK928fzB.js                         22.53 kB │ gzip:   6.55 kB
dist/assets/RecoverableCostsPage-C21rQX8P.js              23.00 kB │ gzip:   7.69 kB
dist/assets/ExpenseEntryPage-Y8YYuF1S.js                  23.05 kB │ gzip:   6.98 kB
dist/assets/PayableDetailPage-GcT6DO8Z.js                 23.29 kB │ gzip:   6.75 kB
dist/assets/ProfitPage-CRlRa0vY.js                        23.90 kB │ gzip:   7.03 kB
dist/assets/RoutesConfigPage-CJ92ttCk.js                  25.28 kB │ gzip:   7.39 kB
dist/assets/AdvanceWorkspacePage-CKKWvFgm.js              26.06 kB │ gzip:   6.97 kB
dist/assets/AccountingWorkspacePage-Bd5ePeBh.js           26.10 kB │ gzip:   8.57 kB
dist/assets/PenaltyPage-IXnaRJ94.js                       29.09 kB │ gzip:   9.15 kB
dist/assets/DriverTripDetailPage-BicNb7aM.js              29.16 kB │ gzip:   9.42 kB
dist/assets/PeriodSummaryCards-GhmS1VmJ.js                29.86 kB │ gzip:   9.23 kB
dist/assets/DebtDetailPage-DXErzG8X.js                    30.51 kB │ gzip:   9.28 kB
dist/assets/ShipmentDetailPage-BvY0X5xl.js                30.89 kB │ gzip:   9.00 kB
dist/assets/DebitNoteTemplateEditorPage-BKHlKMXa.js       31.63 kB │ gzip:   8.69 kB
dist/assets/FleetPage-B1_nf0l5.js                         37.00 kB │ gzip:   7.28 kB
dist/assets/ForwarderTripDetailPage-BDO_U6Su.js           37.39 kB │ gzip:  11.34 kB
dist/assets/TripCreatePage-DEx3p4Es.js                    37.75 kB │ gzip:  10.75 kB
dist/assets/TruckTiresPage-B6gKiyHC.js                    38.00 kB │ gzip:  10.01 kB
dist/assets/TripEditPage-BfcCbq8d.js                      41.04 kB │ gzip:  11.23 kB
dist/assets/AppSettingsConfigPage-CxE--UMt.js             41.65 kB │ gzip:  10.72 kB
dist/assets/vendor-anim-CJ4B5Iet.js                       41.97 kB │ gzip:  15.75 kB
dist/assets/DashboardPage-DZ2qEmAt.js                     45.30 kB │ gzip:  14.48 kB
dist/assets/FinancePage-C_RZKSXk.js                       45.49 kB │ gzip:  11.86 kB
dist/assets/PayableListPage-GVPXUyFU.js                   45.79 kB │ gzip:  12.35 kB
dist/assets/ShipmentsDetailPage-C1-HRrhU.js               46.26 kB │ gzip:  12.49 kB
dist/assets/UsersPage-MKvlX56D.js                         47.69 kB │ gzip:  12.80 kB
dist/assets/DispatchDetailPlanPage-C4wOu25f.js            47.91 kB │ gzip:  12.76 kB
dist/assets/SalaryAttendancePage-L-35yapv.js              48.45 kB │ gzip:  12.15 kB
dist/assets/MasterPlanPage-BzBVKVbq.js                    50.39 kB │ gzip:  12.94 kB
dist/assets/ClerkShipmentCreatePage-BaRt5_04.js           52.60 kB │ gzip:  14.21 kB
dist/assets/TripDetailPage-AFuju5VA.js                    53.32 kB │ gzip:  14.96 kB
dist/assets/ShipmentsPage-NL-gUdPH.js                     58.49 kB │ gzip:  15.87 kB
dist/assets/TripForm-uf0p160T.js                          60.25 kB │ gzip:  17.38 kB
dist/assets/TripListPage-45NKuyCu.js                      90.79 kB │ gzip:  25.82 kB
dist/assets/AgentAssistant-C-zPdU8O.js                   134.86 kB │ gzip:  41.84 kB
dist/assets/LeafletMap-B4ujcf7t.js                       156.37 kB │ gzip:  45.57 kB
dist/assets/vendor-react-BZzewrSf.js                     280.28 kB │ gzip:  88.22 kB
dist/assets/index-CwdS2QPi.js                            699.28 kB │ gzip: 202.28 kB
dist/assets/csv-BzPrFAuf.js                              945.82 kB │ gzip: 273.69 kB

(!) Some chunks are larger than 500 kB after minification. Consider:
- Using dynamic import() to code-split the application
- Use build.rollupOptions.output.manualChunks to improve chunking: https://rollupjs.org/configuration-options/#output-manualchunks
- Adjust chunk size limit for this warning via build.chunkSizeWarningLimit.
✓ built in 12.85s
EXIT=0
