Command: cd frontend && pnpm build
Started: 2026-08-14T16:08:52+08:00

> @tingting/frontend@0.1.0 build /Users/dev/Documents/projects/silversea/frontend
> tsc -b && vite build

vite v6.4.3 building for production...
transforming...
✓ 4943 modules transformed.
rendering chunks...
computing gzip size...
dist/index.html                                            2.21 kB │ gzip:   0.92 kB
dist/assets/CustomersPage-CHoYw38o.css                     0.13 kB │ gzip:   0.13 kB
dist/assets/SupplierListPage-DikaH7Wm.css                  0.17 kB │ gzip:   0.13 kB
dist/assets/Money-UpSjbZMz.css                             0.27 kB │ gzip:   0.19 kB
dist/assets/PhotoViewer-wCVc5Kjd.css                       0.31 kB │ gzip:   0.22 kB
dist/assets/CarrierAllocationSummary-C9XWt-6-.css          0.85 kB │ gzip:   0.33 kB
dist/assets/useGeolocation-BbztBVQs.css                    1.88 kB │ gzip:   0.65 kB
dist/assets/CarrierAllocationDialog-CTyfyY-8.css           1.98 kB │ gzip:   0.63 kB
dist/assets/DriverTripsPage-DyD2Za2j.css                   2.27 kB │ gzip:   0.83 kB
dist/assets/ConfigPage-Dctwi-gc.css                        2.58 kB │ gzip:   0.86 kB
dist/assets/VehicleAllocationPage-BapEWkxi.css             2.79 kB │ gzip:   0.81 kB
dist/assets/EmptyState-BAaCTisI.css                        3.20 kB │ gzip:   0.89 kB
dist/assets/HeroKpiRow--M97C-ph.css                        3.28 kB │ gzip:   1.07 kB
dist/assets/ExpenseEntryPage-MaBolNiY.css                  3.85 kB │ gzip:   1.31 kB
dist/assets/SearchableSelect-BAho5spv.css                  4.20 kB │ gzip:   1.25 kB
dist/assets/SalaryPeriodConfigPage-C7-iWPh4.css            4.74 kB │ gzip:   1.38 kB
dist/assets/ForwarderTripDetailPage-D9XrD1nY.css           5.45 kB │ gzip:   1.41 kB
dist/assets/ForwarderAdvancesPage-0D5poaq5.css             6.09 kB │ gzip:   1.67 kB
dist/assets/ProfitPage-BZcGu7_Q.css                        6.15 kB │ gzip:   1.46 kB
dist/assets/AuditLogPage-DAopSWXf.css                      6.46 kB │ gzip:   1.65 kB
dist/assets/DriverPenaltyPage-C5Bk8UhG.css                 6.83 kB │ gzip:   1.52 kB
dist/assets/LoginPage-s9iWQUNS.css                         8.30 kB │ gzip:   2.38 kB
dist/assets/TripEditPage-Cag1VBMv.css                      8.35 kB │ gzip:   2.26 kB
dist/assets/DebtListPage-CCp7YGlt.css                      8.75 kB │ gzip:   2.37 kB
dist/assets/DriverEarningsPage-yJbcKKnh.css                8.88 kB │ gzip:   1.99 kB
dist/assets/SettlementPrintPage-DI7wFJFH.css               9.48 kB │ gzip:   2.23 kB
dist/assets/ShipmentDetailPage-B2K9HegC.css                9.91 kB │ gzip:   2.06 kB
dist/assets/WorkflowFinance-CnJl59Sz.css                  10.00 kB │ gzip:   2.11 kB
dist/assets/ShipmentCreateWorkspace-BErUQm5X.css          10.20 kB │ gzip:   2.42 kB
dist/assets/DriverTripDetailPage-CVzsMiaM.css             10.54 kB │ gzip:   2.16 kB
dist/assets/AccountingWorkspacePage-B0SIOXpw.css          10.79 kB │ gzip:   2.13 kB
dist/assets/GovernanceActionsPage-CGcXJioM.css            11.39 kB │ gzip:   2.31 kB
dist/assets/TripCreatePage-BDKLSDD2.css                   11.62 kB │ gzip:   2.55 kB
dist/assets/ExpenseListPage-ve2Fd6kJ.css                  11.68 kB │ gzip:   2.74 kB
dist/assets/CreditOverrideQueuePage-C6aD7Lua.css          12.82 kB │ gzip:   2.44 kB
dist/assets/CrudFormModal-9xj--_o6.css                    13.05 kB │ gzip:   2.87 kB
dist/assets/PayableListPage-kEP2mSwR.css                  13.64 kB │ gzip:   2.87 kB
dist/assets/FinancePage-lBlHo_hc.css                      14.00 kB │ gzip:   3.16 kB
dist/assets/ForwarderSettlementsPage-CjClqKPr.css         15.20 kB │ gzip:   3.14 kB
dist/assets/FleetPage-BdTKA2V5.css                        16.65 kB │ gzip:   3.27 kB
dist/assets/ForwarderTripsPage-CU5Bab-R.css               16.95 kB │ gzip:   3.41 kB
dist/assets/PortalPages-DCl9MAGx.css                      17.08 kB │ gzip:   3.42 kB
dist/assets/UsersPage-D581SqVs.css                        18.34 kB │ gzip:   3.67 kB
dist/assets/PenaltyPage-C_fkojyr.css                      19.05 kB │ gzip:   3.61 kB
dist/assets/TruckTiresPage-CIQF45UE.css                   19.08 kB │ gzip:   4.11 kB
dist/assets/config-page-BNrZnfmW.css                      21.02 kB │ gzip:   4.20 kB
dist/assets/TripForm-CF5wQS1J.css                         22.19 kB │ gzip:   4.39 kB
dist/assets/SalaryAttendancePage-BucbRX3e.css             24.89 kB │ gzip:   4.93 kB
dist/assets/ShipmentsPage-DHQ0hh-x.css                    26.42 kB │ gzip:   4.96 kB
dist/assets/TripDetailPage-nBExUm9B.css                   26.56 kB │ gzip:   5.65 kB
dist/assets/AdvanceWorkspacePage-DFVn1vMK.css             27.40 kB │ gzip:   4.27 kB
dist/assets/DispatchPage-BD_d2xtE.css                     27.98 kB │ gzip:   5.40 kB
dist/assets/DebitNoteTemplateEditorPage-C6hW2cZh.css      34.14 kB │ gzip:   5.75 kB
dist/assets/DashboardPage-BdhSrH7c.css                    36.59 kB │ gzip:   6.55 kB
dist/assets/TripListPage-84VjOx50.css                     40.43 kB │ gzip:   6.92 kB
dist/assets/PeriodSummaryCards-XUQ3qy3B.css               48.02 kB │ gzip:   8.21 kB
dist/assets/index-BqJyDGVK.css                           252.61 kB │ gzip:  47.44 kB
dist/assets/index-B2MRi5gO.js                              0.08 kB │ gzip:   0.10 kB
dist/assets/expenseCatalogs-YK3wo1OL.js                    0.09 kB │ gzip:   0.10 kB
dist/assets/company-info-BTdahog3.js                       0.11 kB │ gzip:   0.12 kB
dist/assets/governance-DX8vO2l5.js                         0.16 kB │ gzip:   0.16 kB
dist/assets/round-CFmSqWfU.js                              0.17 kB │ gzip:   0.15 kB
dist/assets/Field-B9e8VciH.js                              0.17 kB │ gzip:   0.16 kB
dist/assets/useCatalogs-DPxeA4k6.js                        0.18 kB │ gzip:   0.17 kB
dist/assets/useDebouncedValue-CYpd3vMi.js                  0.21 kB │ gzip:   0.18 kB
dist/assets/check-BojaPlR0.js                              0.30 kB │ gzip:   0.24 kB
dist/assets/chevron-left-a3sx7nWZ.js                       0.30 kB │ gzip:   0.25 kB
dist/assets/loader-circle-CFnjO0Ge.js                      0.32 kB │ gzip:   0.26 kB
dist/assets/plus-BOpkLWnH.js                               0.33 kB │ gzip:   0.26 kB
dist/assets/useDirtyGuard-BF9qG7lF.js                      0.34 kB │ gzip:   0.23 kB
dist/assets/arrow-right-BO3Jr4jU.js                        0.34 kB │ gzip:   0.27 kB
dist/assets/search-BZkOEzmd.js                             0.35 kB │ gzip:   0.27 kB
dist/assets/trending-up-ZQ7K0DAb.js                        0.35 kB │ gzip:   0.27 kB
dist/assets/trending-down-0fYQjOLm.js                      0.35 kB │ gzip:   0.27 kB
dist/assets/circle-check-G6UHiKNz.js                       0.35 kB │ gzip:   0.27 kB
dist/assets/clock-CjY4aMs-.js                              0.36 kB │ gzip:   0.28 kB
dist/assets/clock-3-CGnXsFCN.js                            0.36 kB │ gzip:   0.28 kB
dist/assets/rotate-ccw-DnUA4jD0.js                         0.37 kB │ gzip:   0.29 kB
dist/assets/Money-N4xfpL0w.js                              0.38 kB │ gzip:   0.24 kB
dist/assets/ellipsis-sAo_zL07.js                           0.40 kB │ gzip:   0.27 kB
dist/assets/upload-C8kgH5AD.js                             0.40 kB │ gzip:   0.29 kB
dist/assets/download-CI9WSVXU.js                           0.41 kB │ gzip:   0.30 kB
dist/assets/user-round-check-COko_7Mx.js                   0.41 kB │ gzip:   0.31 kB
dist/assets/ellipsis-vertical-C9Sds4Lo.js                  0.41 kB │ gzip:   0.28 kB
dist/assets/copy-DZpVr6PV.js                               0.41 kB │ gzip:   0.31 kB
dist/assets/history-DFtjMD-t.js                            0.41 kB │ gzip:   0.30 kB
dist/assets/photo-BITJR9Dw.js                              0.41 kB │ gzip:   0.25 kB
dist/assets/banknote-CKdlN0Gq.js                           0.42 kB │ gzip:   0.31 kB
dist/assets/circle-dollar-sign-BI3n81w5.js                 0.42 kB │ gzip:   0.31 kB
dist/assets/camera-5qWNaMZn.js                             0.42 kB │ gzip:   0.31 kB
dist/assets/external-link-9Juqk4GH.js                      0.42 kB │ gzip:   0.30 kB
dist/assets/settings-2-B4nQVmsp.js                         0.43 kB │ gzip:   0.30 kB
dist/assets/eye-ks0NCM6J.js                                0.43 kB │ gzip:   0.31 kB
dist/assets/file-check-2-E33tS8ub.js                       0.43 kB │ gzip:   0.30 kB
dist/assets/map-pin-D-4Zi7Vk.js                            0.43 kB │ gzip:   0.33 kB
dist/assets/zap-S9Q3kHP_.js                                0.44 kB │ gzip:   0.31 kB
dist/assets/pencil-CmdOrgWp.js                             0.45 kB │ gzip:   0.33 kB
dist/assets/send-BPewHbVm.js                               0.46 kB │ gzip:   0.33 kB
dist/assets/receipt-text-Bjq66vF_.js                       0.47 kB │ gzip:   0.31 kB
dist/assets/printer-CGWsOb9W.js                            0.49 kB │ gzip:   0.34 kB
dist/assets/shield-check-mUIBiZRX.js                       0.49 kB │ gzip:   0.36 kB
dist/assets/formStyles-DC2esDEJ.js                         0.49 kB │ gzip:   0.36 kB
dist/assets/refresh-cw-0Wjw6FBq.js                         0.49 kB │ gzip:   0.33 kB
dist/assets/refresh-ccw-CWOWJ1W-.js                        0.49 kB │ gzip:   0.33 kB
dist/assets/save-D-XRxSuD.js                               0.50 kB │ gzip:   0.33 kB
dist/assets/wallet-cards-PAaZzPxm.js                       0.50 kB │ gzip:   0.36 kB
dist/assets/shield-alert-DG3dGBwE.js                       0.53 kB │ gzip:   0.36 kB
dist/assets/trash-2-BC5IXvcJ.js                            0.53 kB │ gzip:   0.35 kB
dist/assets/fuel-vH4AGrAX.js                               0.54 kB │ gzip:   0.35 kB
dist/assets/file-spreadsheet-6rJQx4l7.js                   0.55 kB │ gzip:   0.33 kB
dist/assets/calendar-clock-BgLl0uEg.js                     0.56 kB │ gzip:   0.36 kB
dist/assets/customerDebitNoteMode-CiBOkO0t.js              0.56 kB │ gzip:   0.38 kB
dist/assets/useFocusDeepLink-CUjZIyMz.js                   0.57 kB │ gzip:   0.38 kB
dist/assets/useCounterAnimation-CDmXrdBA.js                0.59 kB │ gzip:   0.41 kB
dist/assets/octagon-alert-DpkSHKzp.js                      0.60 kB │ gzip:   0.35 kB
dist/assets/eye-off-B4uzmZHn.js                            0.60 kB │ gzip:   0.38 kB
dist/assets/building-2-C1VezpSX.js                         0.61 kB │ gzip:   0.35 kB
dist/assets/container-C4QCawnb.js                          0.62 kB │ gzip:   0.41 kB
dist/assets/ClickableCard-CyCXjq7B.js                      0.62 kB │ gzip:   0.37 kB
dist/assets/arrow-up-4fMrcoUx.js                           0.62 kB │ gzip:   0.32 kB
dist/assets/Breadcrumbs-NhinS35U.js                        0.63 kB │ gzip:   0.41 kB
dist/assets/star-DUQFHIQo.js                               0.65 kB │ gzip:   0.40 kB
dist/assets/useBackShortcut-D4gX_WWI.js                    0.66 kB │ gzip:   0.43 kB
dist/assets/FormActions-CUSrGAFT.js                        0.72 kB │ gzip:   0.43 kB
dist/assets/ClerkShipmentCreatePage-JucpDc6n.js            0.78 kB │ gzip:   0.42 kB
dist/assets/cap-table-D-EbwnMC.js                          0.86 kB │ gzip:   0.40 kB
dist/assets/utils-C9b7Ofrq.js                              0.89 kB │ gzip:   0.62 kB
dist/assets/usePageAnimations-DcA1i8_X.js                  0.90 kB │ gzip:   0.50 kB
dist/assets/AccountingLockBanner-BsZet7Qd.js               0.90 kB │ gzip:   0.60 kB
dist/assets/StatusStrip-DGIpuWVL.js                        0.94 kB │ gzip:   0.43 kB
dist/assets/useListAnimations-DOUi1V2r.js                  0.97 kB │ gzip:   0.54 kB
dist/assets/TextField-dF9__Y08.js                          1.12 kB │ gzip:   0.48 kB
dist/assets/ForwarderSettlementsPage-Dgim1Ocy.js           1.21 kB │ gzip:   0.64 kB
dist/assets/useDashboardQueries-DXEP1KBB.js                1.23 kB │ gzip:   0.52 kB
dist/assets/maps-WSNfQEAz.js                               1.27 kB │ gzip:   0.66 kB
dist/assets/Pagination-B0UyoFGg.js                         1.50 kB │ gzip:   0.73 kB
dist/assets/useCRUD-CTNCu5mZ.js                            1.60 kB │ gzip:   0.79 kB
dist/assets/useTireQueries-DqVpmCIF.js                     1.69 kB │ gzip:   0.60 kB
dist/assets/CargoTypesConfigPage-DyL0fQP5.js               1.73 kB │ gzip:   0.97 kB
dist/assets/TirePositionsConfigPage-CkIW5yXi.js            1.81 kB │ gzip:   1.01 kB
dist/assets/customerServiceFinanceClient-DjgigCTn.js       1.83 kB │ gzip:   0.73 kB
dist/assets/credit-override-permissions-EuRMjrDA.js        2.07 kB │ gzip:   0.67 kB
dist/assets/EmptyState-UpaBOf14.js                         2.26 kB │ gzip:   0.61 kB
dist/assets/WeightPricingTiersConfigPage-DlHboLRb.js       2.35 kB │ gzip:   1.08 kB
dist/assets/TrucksConfigPage-B9YRz65P.js                   2.37 kB │ gzip:   1.22 kB
dist/assets/CarrierAllocationSummary-CZpuHzye.js           2.44 kB │ gzip:   1.16 kB
dist/assets/confirm-dialog-D_d_UgF-.js                     2.64 kB │ gzip:   1.30 kB
dist/assets/TrailersConfigPage-BLjs2ZrU.js                 2.66 kB │ gzip:   1.23 kB
dist/assets/audit-helpers-IM6k189W.js                      2.73 kB │ gzip:   1.38 kB
dist/assets/AncillaryRevenueConfigPage-MYBwfQQJ.js         2.83 kB │ gzip:   1.32 kB
dist/assets/RoadAllowancesConfigPage-CXy7Ai8h.js           2.89 kB │ gzip:   1.39 kB
dist/assets/LocationAutocomplete-4ukWbB9j.js               3.17 kB │ gzip:   1.55 kB
dist/assets/BusinessCalendarConfigPage-CjCb1TVG.js         3.19 kB │ gzip:   1.56 kB
dist/assets/TreasuryPositionPage-YeqoC0k-.js               3.39 kB │ gzip:   1.45 kB
dist/assets/salaryClient-9ODe225e.js                       3.44 kB │ gzip:   0.93 kB
dist/assets/shipmentClient-COf9BaXk.js                     3.45 kB │ gzip:   0.99 kB
dist/assets/useFinancialQueries-Ci_6EcB6.js                3.51 kB │ gzip:   1.16 kB
dist/assets/ExpenseCategoriesConfigPage-xJ-dp03l.js        3.68 kB │ gzip:   1.52 kB
dist/assets/LiftPricingConfigPage-BCRDI917.js              3.76 kB │ gzip:   1.49 kB
dist/assets/DriverPayslipsPage-DKl5B23k.js                 3.87 kB │ gzip:   1.57 kB
dist/assets/CapTableConfigPage-CWZGUN30.js                 4.18 kB │ gzip:   1.92 kB
dist/assets/DebitNoteTemplatesConfigPage-xB62Qq8H.js       4.23 kB │ gzip:   1.78 kB
dist/assets/PricingTablesConfigPage-CXR_6Yxv.js            4.24 kB │ gzip:   1.68 kB
dist/assets/PortalShipmentsPage-afbg4TRy.js                4.27 kB │ gzip:   1.67 kB
dist/assets/shipment-operations-B5bCST-U.js                4.37 kB │ gzip:   2.10 kB
dist/assets/DriverTripsPage-Cb8FH8-9.js                    4.41 kB │ gzip:   1.69 kB
dist/assets/CrudTable-CwpVAEZt.js                          4.46 kB │ gzip:   1.98 kB
dist/assets/FuelNormsConfigPage-Co7CCAjb.js                4.54 kB │ gzip:   1.77 kB
dist/assets/useDriverQueries-Kfawaej2.js                   4.63 kB │ gzip:   1.61 kB
dist/assets/LoginPage-D3IB7NQv.js                          4.77 kB │ gzip:   1.87 kB
dist/assets/RevenueTrendChart-DRnrF0Gp.js                  5.04 kB │ gzip:   2.12 kB
dist/assets/TripExpenseConfigPage-BVeFL9uB.js              5.15 kB │ gzip:   1.78 kB
dist/assets/VehicleAllocationPage-BihKI5zn.js              5.15 kB │ gzip:   1.74 kB
dist/assets/SalaryPeriodConfigPage-hvHIsGPL.js             5.31 kB │ gzip:   2.03 kB
dist/assets/RecoverableCostsPage-CLDnDXaV.js               5.38 kB │ gzip:   2.24 kB
dist/assets/useGeolocation-B6ZSqeCo.js                     5.47 kB │ gzip:   2.07 kB
dist/assets/SearchableSelect-Brwbj6xx.js                   5.79 kB │ gzip:   2.33 kB
dist/assets/PhotoViewer-DXm02g9o.js                        5.83 kB │ gzip:   2.40 kB
dist/assets/DriverPenaltyPage--725dfuI.js                  6.10 kB │ gzip:   2.18 kB
dist/assets/DriverTwoOrdersPage-DWmId4EU.js                6.36 kB │ gzip:   2.35 kB
dist/assets/CarrierAllocationDialog-CnwDrxs5.js            7.01 kB │ gzip:   2.91 kB
dist/assets/PortalShipmentDetailPage-Ay6f4JD3.js           7.31 kB │ gzip:   2.47 kB
dist/assets/CompanyInfoConfigPage-xtCRIPQq.js              7.32 kB │ gzip:   2.55 kB
dist/assets/useSalaryQueries-BPV_1c2o.js                   7.36 kB │ gzip:   1.14 kB
dist/assets/ForwarderSettlementsPage-D8MZKqN5.js           7.41 kB │ gzip:   2.62 kB
dist/assets/TruckOwnersConfigPage-DqXGHE0D.js              7.52 kB │ gzip:   2.99 kB
dist/assets/PortalStatementPage-BR1KuU17.js                7.55 kB │ gzip:   2.47 kB
dist/assets/useForwarderQueries-BzJ9-s1k.js                7.85 kB │ gzip:   1.73 kB
dist/assets/FuelEvidenceReviewPage-dPvc_fey.js             7.94 kB │ gzip:   2.87 kB
dist/assets/FuelConfigPage-CJCcncQJ.js                     8.09 kB │ gzip:   2.61 kB
dist/assets/PortalDebitNotesPage-CZkU4tRA.js               8.68 kB │ gzip:   3.17 kB
dist/assets/MasterDataImportPage-C7AgVclu.js               9.13 kB │ gzip:   3.28 kB
dist/assets/ForwarderAdvancesPage-CXUugfQB.js              9.30 kB │ gzip:   2.85 kB
dist/assets/DriverEarningsPage-BTpdl7uq.js                 9.91 kB │ gzip:   2.88 kB
dist/assets/ForwarderExpenseTypesConfigPage-Dh8Vs51E.js   10.37 kB │ gzip:   3.53 kB
dist/assets/ConfigPage-CDSwf_I3.js                        10.66 kB │ gzip:   4.18 kB
dist/assets/ExpenseListPage-BYqtsr8k.js                   12.00 kB │ gzip:   3.70 kB
dist/assets/GovernanceActionsPage-B1ilTIx5.js             12.52 kB │ gzip:   4.22 kB
dist/assets/ForwarderSettlementCreatePage-7KcvkIJz.js     13.01 kB │ gzip:   4.06 kB
dist/assets/AncillaryFeesCard-DWr-W6Gw.js                 14.48 kB │ gzip:   4.18 kB
dist/assets/DebtListPage-WyJRKRfY.js                      14.80 kB │ gzip:   4.80 kB
dist/assets/ForwarderTripsPage-Dd8fKY1p.js                15.30 kB │ gzip:   5.18 kB
dist/assets/AuditLogPage-Dm0gMcCT.js                      15.99 kB │ gzip:   5.61 kB
dist/assets/PenaltyReasonsConfigPage-BmnWJDNf.js          16.35 kB │ gzip:   5.24 kB
dist/assets/CustomersConfigPage-D0O9xucC.js               16.39 kB │ gzip:   5.25 kB
dist/assets/SettlementPrintPage-D2_hGHB9.js               16.72 kB │ gzip:   5.02 kB
dist/assets/CreditOverrideQueuePage-BSr0guI_.js           16.91 kB │ gzip:   4.71 kB
dist/assets/AccountingWorkspacePage-BTUPy0To.js           19.14 kB │ gzip:   6.14 kB
dist/assets/PayableDetailPage-BChJn3w0.js                 20.96 kB │ gzip:   6.38 kB
dist/assets/SupplierListPage-bycN46G3.js                  21.58 kB │ gzip:   6.08 kB
dist/assets/RoutesConfigPage-PRqG2R_r.js                  23.77 kB │ gzip:   6.98 kB
dist/assets/ExpenseEntryPage-DosTZaam.js                  24.32 kB │ gzip:   7.05 kB
dist/assets/CustomersPage-BUppp6d5.js                     24.34 kB │ gzip:   7.38 kB
dist/assets/AdvanceWorkspacePage-DXI8kJNm.js              25.29 kB │ gzip:   6.33 kB
dist/assets/ProfitPage-BZ6n6ie6.js                        25.53 kB │ gzip:   7.46 kB
dist/assets/PenaltyPage-DEGEmawb.js                       28.01 kB │ gzip:   8.59 kB
dist/assets/DebtDetailPage-BAgYlOl_.js                    29.60 kB │ gzip:   9.10 kB
dist/assets/PeriodSummaryCards-DDoA2Pee.js                29.61 kB │ gzip:   8.98 kB
dist/assets/DispatchPage-D9B4B5ta.js                      31.90 kB │ gzip:   8.74 kB
dist/assets/DebitNoteTemplateEditorPage-D9nFli9w.js       31.98 kB │ gzip:   8.67 kB
dist/assets/ClerkShipmentDocsPage-DT7-ciVD.js             32.26 kB │ gzip:   9.17 kB
dist/assets/ShipmentDetailPage-DeYKOKgo.js                32.47 kB │ gzip:   9.35 kB
dist/assets/DriverTripDetailPage-IUbuN3ni.js              33.47 kB │ gzip:  10.73 kB
dist/assets/TruckTiresPage-rt5i7gdW.js                    37.00 kB │ gzip:   9.78 kB
dist/assets/ShipmentCreateWorkspace-Du1OgiP9.js           37.74 kB │ gzip:  11.11 kB
dist/assets/TripCreatePage-DSWR_2zU.js                    38.22 kB │ gzip:  10.79 kB
dist/assets/ForwarderTripDetailPage-ste7N-b7.js           38.29 kB │ gzip:  10.97 kB
dist/assets/AppSettingsConfigPage-N-K4CAs6.js             38.50 kB │ gzip:   9.70 kB
dist/assets/DashboardPage-CfxbIiMb.js                     39.39 kB │ gzip:  12.39 kB
dist/assets/TripEditPage-DJvutDl1.js                      41.17 kB │ gzip:  11.13 kB
dist/assets/FinancePage-Dlgw_R14.js                       44.59 kB │ gzip:  11.55 kB
dist/assets/PayableListPage-af5rqzZ5.js                   45.03 kB │ gzip:  11.85 kB
dist/assets/SalaryAttendancePage-wRiF29ne.js              47.50 kB │ gzip:  11.60 kB
dist/assets/FleetPage-BsmtLQ8X.js                         47.84 kB │ gzip:   9.23 kB
dist/assets/UsersPage-9pazakIW.js                         52.45 kB │ gzip:  13.70 kB
dist/assets/TripDetailPage-DsBK7NWi.js                    54.08 kB │ gzip:  14.93 kB
dist/assets/TripForm-Cnt-VnXe.js                          67.16 kB │ gzip:  20.29 kB
dist/assets/TripListPage-BV4voeWw.js                      91.76 kB │ gzip:  26.12 kB
dist/assets/LeafletMap-C9BjaZDm.js                       156.36 kB │ gzip:  45.56 kB
dist/assets/ShipmentsPage-Op5YdylO.js                    166.07 kB │ gzip:  50.56 kB
dist/assets/index-B42hdt05.js                            852.31 kB │ gzip: 255.19 kB
dist/assets/csv-CGyjl5jx.js                              945.74 kB │ gzip: 273.66 kB

(!) Some chunks are larger than 500 kB after minification. Consider:
- Using dynamic import() to code-split the application
- Use build.rollupOptions.output.manualChunks to improve chunking: https://rollupjs.org/configuration-options/#output-manualchunks
- Adjust chunk size limit for this warning via build.chunkSizeWarningLimit.
✓ built in 5.21s
Exit status: 0
Finished: 2026-08-14T16:09:08+08:00
