Command: make build
pnpm --dir shared build

> @tingting/shared@0.1.0 build /Users/dev/Documents/projects/silversea/shared
> tsc && node fix-esm-imports.js

Fixed 0 bare imports in /Users/dev/Documents/projects/silversea/shared/dist
pnpm --dir backend build

> @tingting/backend@0.1.0 prebuild /Users/dev/Documents/projects/silversea/backend
> pnpm --dir ../shared build


> @tingting/shared@0.1.0 build /Users/dev/Documents/projects/silversea/shared
> tsc && node fix-esm-imports.js

Fixed 0 bare imports in /Users/dev/Documents/projects/silversea/shared/dist

> @tingting/backend@0.1.0 build /Users/dev/Documents/projects/silversea/backend
> tsc -p tsconfig.build.json && node fix-esm-imports.js

Fixed 179 bare imports in /Users/dev/Documents/projects/silversea/backend/dist
pnpm --dir frontend build

> @tingting/frontend@0.1.0 build /Users/dev/Documents/projects/silversea/frontend
> tsc -b && vite build

vite v6.4.3 building for production...
transforming...
✓ 5025 modules transformed.
rendering chunks...
computing gzip size...
dist/index.html                                            2.31 kB │ gzip:   0.93 kB
dist/assets/CustomersPage-CHoYw38o.css                     0.13 kB │ gzip:   0.13 kB
dist/assets/Money-tgS0Dch5.css                             0.26 kB │ gzip:   0.19 kB
dist/assets/PhotoViewer-wCVc5Kjd.css                       0.31 kB │ gzip:   0.22 kB
dist/assets/operational-table-typography-vdIY03Hr.css      0.50 kB │ gzip:   0.18 kB
dist/assets/CarrierAllocationSummary-C9XWt-6-.css          0.85 kB │ gzip:   0.33 kB
dist/assets/ShipmentContainerCell-frdUuLnk.css             1.36 kB │ gzip:   0.50 kB
dist/assets/DispatchPlanPage-DmsAums3.css                  1.62 kB │ gzip:   0.59 kB
dist/assets/useGeolocation-DX61K0W9.css                    1.85 kB │ gzip:   0.63 kB
dist/assets/SupplierListPage-DpOVkFeb.css                  2.58 kB │ gzip:   0.76 kB
dist/assets/record-table-5R1PPnnv.css                      2.60 kB │ gzip:   0.87 kB
dist/assets/driver-2DKMumT3.css                            2.97 kB │ gzip:   0.97 kB
dist/assets/catalogs-DGHAf0X3.css                          3.20 kB │ gzip:   1.01 kB
dist/assets/HeroKpiRow-D0_uPXQz.css                        3.28 kB │ gzip:   1.07 kB
dist/assets/ExpenseEntryPage-MaBolNiY.css                  3.85 kB │ gzip:   1.31 kB
dist/assets/SalaryPeriodConfigPage-D2TasUMj.css            4.65 kB │ gzip:   1.36 kB
dist/assets/ForwarderTripDetailPage-ayABMsoF.css           5.45 kB │ gzip:   1.41 kB
dist/assets/ForwarderAdvancesPage-DqfHm65h.css             6.09 kB │ gzip:   1.67 kB
dist/assets/ProfitPage-C26ATvCf.css                        6.15 kB │ gzip:   1.46 kB
dist/assets/ConfigPage-B7C1H1Q5.css                        6.21 kB │ gzip:   1.47 kB
dist/assets/AuditLogPage-BhEN35x0.css                      6.79 kB │ gzip:   1.75 kB
dist/assets/DriverPenaltyPage-C5Bk8UhG.css                 6.83 kB │ gzip:   1.52 kB
dist/assets/RoleWorkInbox-CeWOPPxy.css                     7.68 kB │ gzip:   1.71 kB
dist/assets/LoginPage-s9iWQUNS.css                         8.30 kB │ gzip:   2.38 kB
dist/assets/TripEditPage-Cag1VBMv.css                      8.35 kB │ gzip:   2.26 kB
dist/assets/DebtListPage-a_50itWn.css                      8.46 kB │ gzip:   2.29 kB
dist/assets/DriverEarningsPage-CZMSxxBI.css                8.68 kB │ gzip:   1.96 kB
dist/assets/SettlementPrintPage-Cux18H8O.css               9.37 kB │ gzip:   2.20 kB
dist/assets/ShipmentDetailPage-DmuIKHWs.css                9.87 kB │ gzip:   2.02 kB
dist/assets/DriverTripDetailPage-CVzsMiaM.css             10.54 kB │ gzip:   2.16 kB
dist/assets/RecoverableCostsPage-Dhk0yf_7.css             10.69 kB │ gzip:   2.16 kB
dist/assets/TripCreatePage-BDKLSDD2.css                   11.62 kB │ gzip:   2.55 kB
dist/assets/GovernanceActionsPage-CiNR6Oyi.css            11.77 kB │ gzip:   2.36 kB
dist/assets/ExpenseListPage-DO6h2vp2.css                  12.12 kB │ gzip:   2.72 kB
dist/assets/CreditOverrideQueuePage-uy5bGOGB.css          12.14 kB │ gzip:   2.39 kB
dist/assets/WorkflowFinance-DP5xAYZa.css                  12.69 kB │ gzip:   2.52 kB
dist/assets/PayableListPage-BlA9pS0m.css                  13.63 kB │ gzip:   2.87 kB
dist/assets/FinancePage-DOlmyl2M.css                      13.99 kB │ gzip:   3.16 kB
dist/assets/ForwarderSettlementsPage-D2olZctj.css         14.95 kB │ gzip:   3.10 kB
dist/assets/AgentAssistant-BxBPKmuV.css                   15.00 kB │ gzip:   3.82 kB
dist/assets/LeafletMap-CIGW-MKW.css                       15.61 kB │ gzip:   6.46 kB
dist/assets/FleetPage-C6HvNHEu.css                        16.65 kB │ gzip:   3.27 kB
dist/assets/AccountingWorkspacePage-B91geJh_.css          16.72 kB │ gzip:   2.96 kB
dist/assets/PortalPages-DC0FAB3O.css                      16.97 kB │ gzip:   3.43 kB
dist/assets/UsersPage-CDz0Rr9W.css                        18.42 kB │ gzip:   3.70 kB
dist/assets/ClerkShipmentCreatePage-DZHlNjqg.css          19.19 kB │ gzip:   3.96 kB
dist/assets/TruckTiresPage-CqcJAOda.css                   19.22 kB │ gzip:   4.13 kB
dist/assets/PenaltyPage-CQSWCRCh.css                      19.78 kB │ gzip:   3.76 kB
dist/assets/config-page-C5O-8R2z.css                      20.89 kB │ gzip:   4.17 kB
dist/assets/TripForm-CJygKBUL.css                         22.22 kB │ gzip:   4.40 kB
dist/assets/DispatchDetailPlanPage-BdNDQnal.css           23.86 kB │ gzip:   4.22 kB
dist/assets/SalaryAttendancePage-DoAZI2zi.css             24.89 kB │ gzip:   4.94 kB
dist/assets/TripDetailPage-8IBxHNC8.css                   26.49 kB │ gzip:   5.63 kB
dist/assets/ShipmentsDetailPage-CUcgdTaf.css              26.74 kB │ gzip:   4.20 kB
dist/assets/AdvanceWorkspacePage-zGj2XnD5.css             27.40 kB │ gzip:   4.31 kB
dist/assets/MasterPlanPage-laXQcokF.css                   28.70 kB │ gzip:   5.11 kB
dist/assets/DebitNoteTemplateEditorPage-WKdlFZ7n.css      33.99 kB │ gzip:   5.76 kB
dist/assets/ShipmentsPage-DzEorODe.css                    35.49 kB │ gzip:   6.22 kB
dist/assets/TripListPage-C3Rval48.css                     41.01 kB │ gzip:   6.88 kB
dist/assets/DashboardPage-BYOFKkIr.css                    42.92 kB │ gzip:   7.36 kB
dist/assets/PeriodSummaryCards-D5PkTEAD.css               48.01 kB │ gzip:   8.20 kB
dist/assets/index-CPo19nvk.css                           317.00 kB │ gzip:  51.97 kB
dist/assets/Breadcrumbs-Bnvm1v27.js                        0.04 kB │ gzip:   0.06 kB
dist/assets/index-B2MRi5gO.js                              0.08 kB │ gzip:   0.10 kB
dist/assets/expenseCatalogs-YK3wo1OL.js                    0.09 kB │ gzip:   0.10 kB
dist/assets/company-info-C_9i8dpE.js                       0.11 kB │ gzip:   0.12 kB
dist/assets/formStyles-D51DQkoZ.js                         0.11 kB │ gzip:   0.12 kB
dist/assets/governance-DX8vO2l5.js                         0.16 kB │ gzip:   0.16 kB
dist/assets/round-CFmSqWfU.js                              0.17 kB │ gzip:   0.15 kB
dist/assets/Field-C1XQT8Mx.js                              0.18 kB │ gzip:   0.16 kB
dist/assets/useCatalogs-CH6XaRIz.js                        0.22 kB │ gzip:   0.20 kB
dist/assets/moneyInput-h-t6GBWC.js                         0.24 kB │ gzip:   0.19 kB
dist/assets/check-DE05nt6r.js                              0.30 kB │ gzip:   0.25 kB
dist/assets/chevron-left-CtxWn9wk.js                       0.30 kB │ gzip:   0.25 kB
dist/assets/loader-circle-BWct8Ung.js                      0.32 kB │ gzip:   0.26 kB
dist/assets/plus-Ck_JJHdd.js                               0.33 kB │ gzip:   0.26 kB
dist/assets/arrow-right-CLd63vKe.js                        0.34 kB │ gzip:   0.27 kB
dist/assets/useDirtyGuard-BqGWFxBT.js                      0.34 kB │ gzip:   0.23 kB
dist/assets/trending-down-BOUyT3GK.js                      0.35 kB │ gzip:   0.27 kB
dist/assets/search-B2GrB6KM.js                             0.35 kB │ gzip:   0.28 kB
dist/assets/trending-up-BtvvL1HA.js                        0.35 kB │ gzip:   0.27 kB
dist/assets/circle-check-B9-I2ToI.js                       0.35 kB │ gzip:   0.28 kB
dist/assets/XClose-IY-1Q8g5.js                             0.35 kB │ gzip:   0.27 kB
dist/assets/clock-Bc5DAB20.js                              0.36 kB │ gzip:   0.27 kB
dist/assets/clock-3-BLGMuU-t.js                            0.36 kB │ gzip:   0.28 kB
dist/assets/rotate-ccw-yUXZxRxF.js                         0.37 kB │ gzip:   0.29 kB
dist/assets/ellipsis-Ci5USloj.js                           0.40 kB │ gzip:   0.27 kB
dist/assets/upload-DRqbl2Wd.js                             0.40 kB │ gzip:   0.30 kB
dist/assets/download-Bhqneezu.js                           0.41 kB │ gzip:   0.30 kB
dist/assets/user-round-check-CVj0jZ1q.js                   0.41 kB │ gzip:   0.31 kB
dist/assets/ellipsis-vertical-BbBuzmhr.js                  0.41 kB │ gzip:   0.28 kB
dist/assets/copy-AYh71W2r.js                               0.41 kB │ gzip:   0.31 kB
dist/assets/history-CPlcfUw-.js                            0.41 kB │ gzip:   0.30 kB
dist/assets/photo-DdTQ7DRY.js                              0.41 kB │ gzip:   0.25 kB
dist/assets/banknote-wl7xiqGh.js                           0.42 kB │ gzip:   0.31 kB
dist/assets/Money-BETGSSTw.js                              0.42 kB │ gzip:   0.27 kB
dist/assets/camera-B8gPnoWA.js                             0.42 kB │ gzip:   0.31 kB
dist/assets/circle-dollar-sign--3fQlzI4.js                 0.42 kB │ gzip:   0.31 kB
dist/assets/external-link-CAgz5P-g.js                      0.42 kB │ gzip:   0.30 kB
dist/assets/settings-2-o92otcFu.js                         0.43 kB │ gzip:   0.30 kB
dist/assets/eye-Ch3JJZjV.js                                0.43 kB │ gzip:   0.31 kB
dist/assets/file-check-2-4Xp-t3h6.js                       0.43 kB │ gzip:   0.30 kB
dist/assets/map-pin-C3maT_ug.js                            0.43 kB │ gzip:   0.33 kB
dist/assets/zap-CVaWZHAR.js                                0.44 kB │ gzip:   0.31 kB
dist/assets/pencil-D2kH5nlt.js                             0.45 kB │ gzip:   0.33 kB
dist/assets/receipt-text-DJEhm8KD.js                       0.47 kB │ gzip:   0.31 kB
dist/assets/userClient-FPdMijdv.js                         0.49 kB │ gzip:   0.26 kB
dist/assets/printer-BcHxA4G6.js                            0.49 kB │ gzip:   0.34 kB
dist/assets/shield-check-DUM788H2.js                       0.49 kB │ gzip:   0.36 kB
dist/assets/refresh-cw-BmDrG__H.js                         0.49 kB │ gzip:   0.33 kB
dist/assets/refresh-ccw-DF1_MUtM.js                        0.49 kB │ gzip:   0.33 kB
dist/assets/save-UKnjxZtM.js                               0.50 kB │ gzip:   0.33 kB
dist/assets/wallet-cards-3hbmHldX.js                       0.50 kB │ gzip:   0.36 kB
dist/assets/shield-alert-DW6Pc02z.js                       0.53 kB │ gzip:   0.37 kB
dist/assets/trash-2-iIkfQD6S.js                            0.53 kB │ gzip:   0.36 kB
dist/assets/fuel-CoPWelKn.js                               0.54 kB │ gzip:   0.35 kB
dist/assets/file-spreadsheet-DVf4s4fg.js                   0.55 kB │ gzip:   0.33 kB
dist/assets/calendar-clock-BHSSCPct.js                     0.56 kB │ gzip:   0.36 kB
dist/assets/customerDebitNoteMode-CiBOkO0t.js              0.56 kB │ gzip:   0.38 kB
dist/assets/octagon-alert-BRN_3nD_.js                      0.60 kB │ gzip:   0.35 kB
dist/assets/eye-off-Cf9kKHDR.js                            0.60 kB │ gzip:   0.38 kB
dist/assets/useFocusDeepLink-CL__qm3n.js                   0.61 kB │ gzip:   0.40 kB
dist/assets/building-2-C_YbFZL0.js                         0.61 kB │ gzip:   0.35 kB
dist/assets/arrow-up-kFQupcqm.js                           0.62 kB │ gzip:   0.32 kB
dist/assets/ClickableCard-IrUYPDVx.js                      0.63 kB │ gzip:   0.38 kB
dist/assets/DriverTripsPage-BTCywqht.js                    0.63 kB │ gzip:   0.45 kB
dist/assets/useCounterAnimation-CrGe-cBf.js                0.63 kB │ gzip:   0.43 kB
dist/assets/star-ztUOgojB.js                               0.65 kB │ gzip:   0.41 kB
dist/assets/ForwarderTripsPage-D4NbxHMI.js                 0.65 kB │ gzip:   0.46 kB
dist/assets/Skeleton-CkSbKtjr.js                           0.66 kB │ gzip:   0.37 kB
dist/assets/useBackShortcut-DPMUowfM.js                    0.70 kB │ gzip:   0.45 kB
dist/assets/PortalShipmentsPage-CHutn9T5.js                0.71 kB │ gzip:   0.48 kB
dist/assets/FormActions-CnaXtrqJ.js                        0.76 kB │ gzip:   0.45 kB
dist/assets/constants-Cv3UB1Xz.js                          0.78 kB │ gzip:   0.41 kB
dist/assets/cap-table-D-EbwnMC.js                          0.86 kB │ gzip:   0.40 kB
dist/assets/utils-CQV1IjPl.js                              0.89 kB │ gzip:   0.62 kB
dist/assets/AccountingLockBanner-TAUNJH46.js               0.91 kB │ gzip:   0.60 kB
dist/assets/StatusStrip-B9wczV0Q.js                        0.95 kB │ gzip:   0.44 kB
dist/assets/usePageAnimations-Dk6Fum62.js                  0.98 kB │ gzip:   0.55 kB
dist/assets/useListAnimations-DsSpO7Bn.js                  1.05 kB │ gzip:   0.58 kB
dist/assets/useDriverQueries-BC8jZzEj.js                   1.07 kB │ gzip:   0.41 kB
dist/assets/TextField-BzGNbFLB.js                          1.12 kB │ gzip:   0.49 kB
dist/assets/ForwarderSettlementsPage-Kd5S2dFb.js           1.21 kB │ gzip:   0.64 kB
dist/assets/shipment-operations-DQSsSNYS.js                1.25 kB │ gzip:   0.67 kB
dist/assets/useDashboardQueries-C5SKRNkC.js                1.27 kB │ gzip:   0.55 kB
dist/assets/maps-CWbumznQ.js                               1.27 kB │ gzip:   0.66 kB
dist/assets/useTableQueryState-MOV3QQbJ.js                 1.27 kB │ gzip:   0.67 kB
dist/assets/ShipmentContainerCell-BuuRwEZ7.js              1.36 kB │ gzip:   0.73 kB
dist/assets/Pagination-Ce-ASora.js                         1.56 kB │ gzip:   0.76 kB
dist/assets/useCRUD-SBt_BH79.js                            1.64 kB │ gzip:   0.81 kB
dist/assets/catalogs-C_gViue4.js                           1.66 kB │ gzip:   0.81 kB
dist/assets/DispatchPlanPage-BoHg9xU9.js                   1.70 kB │ gzip:   0.69 kB
dist/assets/CargoTypesConfigPage-sZm26Zb3.js               1.70 kB │ gzip:   1.00 kB
dist/assets/useTireQueries-DBu65L62.js                     1.73 kB │ gzip:   0.62 kB
dist/assets/TirePositionsConfigPage-DxPqWsQm.js            1.78 kB │ gzip:   1.04 kB
dist/assets/textarea-CgfvWA0k.js                           1.81 kB │ gzip:   0.94 kB
dist/assets/customerServiceFinanceClient-CO2CYrYn.js       1.83 kB │ gzip:   0.73 kB
dist/assets/format-DkVRWOTM.js                             2.01 kB │ gzip:   0.83 kB
dist/assets/credit-override-permissions-DNHFezXI.js        2.10 kB │ gzip:   0.69 kB
dist/assets/EmptyState-CX69l5LO.js                         2.27 kB │ gzip:   0.62 kB
dist/assets/TrucksConfigPage-2uNG2nXu.js                   2.29 kB │ gzip:   1.25 kB
dist/assets/WeightPricingTiersConfigPage-BDAM0k9k.js       2.31 kB │ gzip:   1.10 kB
dist/assets/TrailersConfigPage-D7b-PV-8.js                 2.51 kB │ gzip:   1.26 kB
dist/assets/CarrierAllocationSummary-BCc5zT-x.js           2.63 kB │ gzip:   1.20 kB
dist/assets/AncillaryRevenueConfigPage-Cz0FQGQP.js         2.68 kB │ gzip:   1.34 kB
dist/assets/confirm-dialog-BvNTw6eN.js                     2.71 kB │ gzip:   1.33 kB
dist/assets/audit-helpers-CqThM5Wh.js                      2.73 kB │ gzip:   1.38 kB
dist/assets/RoadAllowancesConfigPage-BySpX1ce.js           2.78 kB │ gzip:   1.44 kB
dist/assets/BusinessCalendarConfigPage-CW5HadbV.js         3.14 kB │ gzip:   1.59 kB
dist/assets/LocationAutocomplete-CqFCRjIB.js               3.21 kB │ gzip:   1.57 kB
dist/assets/select-native-CZj0U-ts.js                      3.24 kB │ gzip:   1.09 kB
dist/assets/useFinancialQueries-Bt_tvbWo.js                3.27 kB │ gzip:   1.11 kB
dist/assets/TreasuryPositionPage-Cp-E1X02.js               3.39 kB │ gzip:   1.49 kB
dist/assets/forwarderClient-DJ4K_vuL.js                    3.40 kB │ gzip:   1.17 kB
dist/assets/LiftPricingConfigPage-BENs3Nqp.js              3.41 kB │ gzip:   1.51 kB
dist/assets/salaryClient-BjPcOzcN.js                       3.44 kB │ gzip:   0.93 kB
dist/assets/ExpenseCategoriesConfigPage-l-JUYcgp.js        3.57 kB │ gzip:   1.55 kB
dist/assets/driverClient-HiHN9C2b.js                       3.60 kB │ gzip:   1.35 kB
dist/assets/FleetDriversPage-BegGhGUB.js                   3.73 kB │ gzip:   1.62 kB
dist/assets/DriverFormModal-Dl9aIMY3.js                    3.86 kB │ gzip:   1.37 kB
dist/assets/FleetVehiclesPage-IVL-w-us.js                  3.90 kB │ gzip:   1.66 kB
dist/assets/DriverPayslipsPage-BDqGBYnm.js                 4.01 kB │ gzip:   1.64 kB
dist/assets/PricingTablesConfigPage-BBvDBdDE.js            4.04 kB │ gzip:   1.73 kB
dist/assets/DispatchSuppliersPage-KKiMsVBU.js              4.13 kB │ gzip:   1.89 kB
dist/assets/CapTableConfigPage-CbYKBG_C.js                 4.15 kB │ gzip:   1.96 kB
dist/assets/DebitNoteTemplatesConfigPage-CR2Qzccq.js       4.29 kB │ gzip:   1.81 kB
dist/assets/CrudTable-CtabNwD9.js                          4.42 kB │ gzip:   1.99 kB
dist/assets/FuelNormsConfigPage-DGDWJq2H.js                4.45 kB │ gzip:   1.81 kB
dist/assets/shipmentClient-DX8-xrDJ.js                     4.58 kB │ gzip:   1.19 kB
dist/assets/LoginPage-C-1cvqU0.js                          4.85 kB │ gzip:   1.91 kB
dist/assets/useForwarderQueries-CDi9_lwa.js                4.89 kB │ gzip:   0.97 kB
dist/assets/RevenueTrendChart-B2IcBlJk.js                  4.97 kB │ gzip:   2.11 kB
dist/assets/TripExpenseConfigPage-D1BpN77U.js              5.22 kB │ gzip:   1.83 kB
dist/assets/SalaryPeriodConfigPage-BmzoSazZ.js             5.26 kB │ gzip:   2.04 kB
dist/assets/PhotoViewer-n7XYYn-J.js                        5.70 kB │ gzip:   2.34 kB
dist/assets/cusUtils-Bt6DFkxs.js                           5.72 kB │ gzip:   2.56 kB
dist/assets/useGeolocation-5_hHXQGi.js                     5.72 kB │ gzip:   2.18 kB
dist/assets/PortsConfigPage-BfsxLrSf.js                    6.17 kB │ gzip:   2.20 kB
dist/assets/DriverPenaltyPage-DVfb4JM4.js                  6.26 kB │ gzip:   2.28 kB
dist/assets/DriverTwoOrdersPage-CMRObU0D.js                6.47 kB │ gzip:   2.40 kB
dist/assets/TruckFormModal-oMwOQTJP.js                     6.65 kB │ gzip:   2.37 kB
dist/assets/PortalShipmentDetailPage-tjxC7S4J.js           7.24 kB │ gzip:   2.49 kB
dist/assets/roleCommandSender-BJg_kVOR.js                  7.26 kB │ gzip:   2.70 kB
dist/assets/useSalaryQueries-DafmNEC_.js                   7.40 kB │ gzip:   1.16 kB
dist/assets/PortalStatementPage-CRBpOv8r.js                7.45 kB │ gzip:   2.47 kB
dist/assets/TruckOwnersConfigPage-CIpFN9vQ.js              7.48 kB │ gzip:   3.01 kB
dist/assets/FuelEvidenceReviewPage-QpY6BM6N.js             7.64 kB │ gzip:   2.90 kB
dist/assets/ForwarderSettlementsPage-DQee84EZ.js           7.87 kB │ gzip:   2.82 kB
dist/assets/CompanyInfoConfigPage-Bld0jgqS.js              7.88 kB │ gzip:   2.69 kB
dist/assets/SearchableSelect-BPZT3GMx.js                   7.89 kB │ gzip:   3.02 kB
dist/assets/FuelConfigPage-fyYPPYL3.js                     8.20 kB │ gzip:   2.65 kB
dist/assets/ConfigPage-M07Rnfuw.js                         8.62 kB │ gzip:   3.33 kB
dist/assets/PortalDebitNotesPage-BrtEdH8H.js               8.65 kB │ gzip:   3.19 kB
dist/assets/MasterDataImportPage-C_qwTIRz.js               9.09 kB │ gzip:   3.29 kB
dist/assets/ForwarderAdvancesPage-B6g-rQcp.js              9.77 kB │ gzip:   3.06 kB
dist/assets/ExpenseListPage-BE8G_LGw.js                    9.84 kB │ gzip:   3.24 kB
dist/assets/DriverEarningsPage-D6OQ5_JT.js                10.05 kB │ gzip:   2.95 kB
dist/assets/ForwarderExpenseTypesConfigPage-C8NWpFk1.js   10.30 kB │ gzip:   3.54 kB
dist/assets/ForwarderSettlementCreatePage-DGwgKKKW.js     13.19 kB │ gzip:   4.14 kB
dist/assets/RoleWorkInbox-CDmTjklU.js                     13.35 kB │ gzip:   4.96 kB
dist/assets/GovernanceActionsPage-_Ka9nT3P.js             13.97 kB │ gzip:   4.75 kB
dist/assets/AncillaryFeesCard-BPf9mZro.js                 14.45 kB │ gzip:   4.24 kB
dist/assets/DebtListPage-qEzuEPyy.js                      14.79 kB │ gzip:   4.92 kB
dist/assets/AuditLogPage-C6cjiIlh.js                      15.01 kB │ gzip:   5.29 kB
dist/assets/CustomersConfigPage-DxoH8EFw.js               15.86 kB │ gzip:   5.19 kB
dist/assets/PenaltyReasonsConfigPage-DzipxFWW.js          16.42 kB │ gzip:   5.27 kB
dist/assets/CreditOverrideQueuePage-CHpoefZy.js           16.60 kB │ gzip:   4.87 kB
dist/assets/SettlementPrintPage-DPhdv92R.js               16.91 kB │ gzip:   5.10 kB
dist/assets/PayableDetailPage-BCVUzpTH.js                 20.70 kB │ gzip:   6.26 kB
dist/assets/RecoverableCostsPage-CKYtVR8Q.js              21.44 kB │ gzip:   7.17 kB
dist/assets/SupplierListPage-in-k1fxJ.js                  21.52 kB │ gzip:   6.19 kB
dist/assets/driver.js-CK928fzB.js                         22.53 kB │ gzip:   6.55 kB
dist/assets/RoutesConfigPage-Cedet5KN.js                  24.12 kB │ gzip:   7.04 kB
dist/assets/CustomersPage-CDxLGsZE.js                     24.24 kB │ gzip:   7.55 kB
dist/assets/ExpenseEntryPage-9NJ7Oild.js                  24.24 kB │ gzip:   7.17 kB
dist/assets/AccountingWorkspacePage-DgrbNP7T.js           24.71 kB │ gzip:   7.83 kB
dist/assets/AdvanceWorkspacePage-B24uPnqe.js              25.41 kB │ gzip:   6.65 kB
dist/assets/ProfitPage-C08hd91m.js                        25.54 kB │ gzip:   7.56 kB
dist/assets/DriverTripDetailPage-CbyehFO4.js              28.58 kB │ gzip:   9.25 kB
dist/assets/DebtDetailPage-ydAjh4Ee.js                    29.42 kB │ gzip:   9.00 kB
dist/assets/PeriodSummaryCards-BdEc6uvo.js                29.84 kB │ gzip:   9.22 kB
dist/assets/PenaltyPage-BM9KczXF.js                       29.85 kB │ gzip:   9.24 kB
dist/assets/ShipmentDetailPage-LAdENCNA.js                31.26 kB │ gzip:   9.13 kB
dist/assets/DebitNoteTemplateEditorPage-BiSmpCWM.js       31.63 kB │ gzip:   8.69 kB
dist/assets/DispatchDetailPlanPage-mydi2lN3.js            35.58 kB │ gzip:   9.63 kB
dist/assets/TruckTiresPage-DMhg74Ju.js                    36.93 kB │ gzip:   9.82 kB
dist/assets/FleetPage-DIqZaLoG.js                         37.21 kB │ gzip:   7.12 kB
dist/assets/TripCreatePage-CsbEQ8pF.js                    37.85 kB │ gzip:  10.76 kB
dist/assets/ForwarderTripDetailPage-C8orVEuf.js           39.24 kB │ gzip:  11.55 kB
dist/assets/ShipmentsDetailPage-CAxLlkCg.js               40.57 kB │ gzip:  11.17 kB
dist/assets/TripEditPage-C-5kfsnN.js                      40.90 kB │ gzip:  11.19 kB
dist/assets/vendor-anim-CJ4B5Iet.js                       41.97 kB │ gzip:  15.75 kB
dist/assets/AppSettingsConfigPage-BooI4BKU.js             42.12 kB │ gzip:  10.81 kB
dist/assets/DashboardPage-Bx7l8AB9.js                     44.26 kB │ gzip:  13.90 kB
dist/assets/FinancePage-Boc_N6Qn.js                       44.70 kB │ gzip:  11.59 kB
dist/assets/PayableListPage-BFOTAJ0i.js                   45.19 kB │ gzip:  12.01 kB
dist/assets/MasterPlanPage-Ut8TO4Tn.js                    46.23 kB │ gzip:  11.71 kB
dist/assets/ClerkShipmentCreatePage-CQo1-iXA.js           48.41 kB │ gzip:  13.39 kB
dist/assets/SalaryAttendancePage-CaJlQdC3.js              50.65 kB │ gzip:  12.60 kB
dist/assets/UsersPage-BgrCLaii.js                         50.72 kB │ gzip:  13.37 kB
dist/assets/TripDetailPage-nbOSeN0V.js                    54.13 kB │ gzip:  15.11 kB
dist/assets/ShipmentsPage-QTZJpbW1.js                     54.94 kB │ gzip:  14.71 kB
dist/assets/TripForm-C0psP1Y2.js                          67.27 kB │ gzip:  20.37 kB
dist/assets/TripListPage-BGF1U3u-.js                      90.10 kB │ gzip:  25.60 kB
dist/assets/AgentAssistant-BagtqlFH.js                   134.86 kB │ gzip:  41.84 kB
dist/assets/LeafletMap-g4bKPQP-.js                       156.36 kB │ gzip:  45.57 kB
dist/assets/vendor-react-BZzewrSf.js                     280.28 kB │ gzip:  88.22 kB
dist/assets/index-NqEAnUbk.js                            685.42 kB │ gzip: 198.29 kB
dist/assets/csv-Bdfe0fWn.js                              945.82 kB │ gzip: 273.69 kB

(!) Some chunks are larger than 500 kB after minification. Consider:
- Using dynamic import() to code-split the application
- Use build.rollupOptions.output.manualChunks to improve chunking: https://rollupjs.org/configuration-options/#output-manualchunks
- Adjust chunk size limit for this warning via build.chunkSizeWarningLimit.
✓ built in 5.30s
Exit status: 0
