🔍 Checking servers...
✅ Servers ready (frontend :7174, backend :3001)


🧪 Running: 00-auth-permissions
────────────────────────────────────────────────────────────
  ✅ TC-0001: Login by username → /dashboard
  ✅ TC-0004: Login DRIVER → /my-trips
  ✅ TC-0004b: Login OPS → /my-orders
  ✅ TC-0006: Logout → login page
  ✅ TC-0011: Wrong password → 401
  ✅ TC-0009: Empty identifier → submit disabled
  ✅ TC-0014: DRIVER → /dashboard → redirect /my-trips
  ✅ TC-0015: DRIVER → /finance → redirect
  ✅ TC-0018: DRIVER → GET /api/trips → 403
  ✅ TC-0020: ADMIN → /my-trips → redirect /config
  ✅ TC-0022: 404 catch-all ADMIN → /config
  ✅ TC-0034: OPS → /my-orders
  ✅ TC-0035: OPS → /dashboard → redirect
  ✅ TC-0036: OPS → /finance → redirect
  ✅ TC-0037: OPS → /my-trips → redirect
  ✅ TC-0038: ADMIN → /my-forwarder-trips → redirect /config
  ✅ TC-0039: DRIVER → /my-forwarder-trips → redirect
  ✅ TC-0040: OPS trip catalog is read-only
  ✅ TC-0042: 404 catch-all OPS → /my-orders
  ✅ TC-0041: OPS sidebar: 3 rendered items

============================================================
  Test Suite: 00-auth-permissions
  Total: 20  |  ✅ Pass: 20  |  ❌ Fail: 0  |  ⏭️  Skip: 0
  Time: 51.2s
============================================================


🧪 Running: 01-trip-lifecycle
────────────────────────────────────────────────────────────
  ✅ TC-0101: Create trip via API → id=140687
  ✅ TC-0101B: Fuel surcharge snapshotted at create (0 VND)
  ✅ TC-0102: Trip detail page loads
  ✅ TC-0103: Trip list loads (0 elements found)
  ✅ TC-0104: Trip edit page loads
  ✅ TC-0105: ACCOUNTANT can list trips
  ✅ TC-0106: DRIVER cannot create trip → 403
  ✅ TC-0107: Trip list renders (reference may be in different format)
  ✅ TC-0108: Health check → 200

============================================================
  Test Suite: 01-trip-lifecycle
  Total: 9  |  ✅ Pass: 9  |  ❌ Fail: 0  |  ⏭️  Skip: 0
  Time: 15.9s
============================================================


🧪 Running: 02-trip-list-search
────────────────────────────────────────────────────────────
  ✅ TC-0201: Trip list API returns 50 trips
  ✅ TC-0202: Trip list page renders
  ✅ TC-0203: Pagination works (total=503)
  ✅ TC-0204: Filter by status works
  ✅ TC-0205: Trip stats API works
  ✅ TC-0206: ACCOUNTANT views trip list

============================================================
  Test Suite: 02-trip-list-search
  Total: 6  |  ✅ Pass: 6  |  ❌ Fail: 0  |  ⏭️  Skip: 0
  Time: 4.2s
============================================================


🧪 Running: 03-dashboard-finance
────────────────────────────────────────────────────────────
  ✅ TC-0301: Dashboard page loads
  ✅ TC-0302: Dashboard API returns KPIs (revenue=891666675)
  ✅ TC-0303: Finance page loads
  ✅ TC-0304: P&L report API works
  ✅ TC-0305: MANAGER sees dashboard

============================================================
  Test Suite: 03-dashboard-finance
  Total: 5  |  ✅ Pass: 5  |  ❌ Fail: 0  |  ⏭️  Skip: 0
  Time: 12.8s
============================================================


🧪 Running: 04-debt-payments
────────────────────────────────────────────────────────────
  ✅ TC-0401: Debt list page loads
  ✅ TC-0402: Receivables summary API works
  ✅ TC-0403: Ledger API returns 50 entries
  ✅ TC-0404: Customer statement API works
  ✅ TC-0405: DRIVER cannot access ledger → 403

============================================================
  Test Suite: 04-debt-payments
  Total: 5  |  ✅ Pass: 5  |  ❌ Fail: 0  |  ⏭️  Skip: 0
  Time: 4.1s
============================================================


🧪 Running: 05-profit-distribution
────────────────────────────────────────────────────────────
  ✅ TC-0501: Profit page loads
  ✅ TC-0502: Cap table API returns 50 entries
  ✅ TC-0503: Distribution API works
  ✅ TC-0504: ACCOUNTANT views profit page
  ✅ TC-0505: DRIVER cannot access cap table → 403

============================================================
  Test Suite: 05-profit-distribution
  Total: 5  |  ✅ Pass: 5  |  ❌ Fail: 0  |  ⏭️  Skip: 0
  Time: 7.9s
============================================================


🧪 Running: 06-penalties-discipline
────────────────────────────────────────────────────────────
  ✅ TC-0601: Penalties page loads
  ✅ TC-0602: Penalties list API works
  ✅ TC-0603: Penalty reasons API works
  ✅ TC-0604: Create penalty via API
  ✅ TC-0605: DRIVER cannot create penalty → 403

============================================================
  Test Suite: 06-penalties-discipline
  Total: 5  |  ✅ Pass: 5  |  ❌ Fail: 0  |  ⏭️  Skip: 0
  Time: 4.1s
============================================================


🧪 Running: 07-fleet-dispatch
────────────────────────────────────────────────────────────
  ✅ TC-0701: Dispatch page loads
  ✅ TC-0702: Fleet page loads
  ✅ TC-0703: Trucks API returns 50 trucks
  ✅ TC-0704: Drivers API returns 50 drivers
  ✅ TC-0705: Trailers API works
  ✅ TC-0706: Create truck E2E-1788012672

============================================================
  Test Suite: 07-fleet-dispatch
  Total: 6  |  ✅ Pass: 6  |  ❌ Fail: 0  |  ⏭️  Skip: 0
  Time: 8.0s
============================================================


🧪 Running: 08-customers
────────────────────────────────────────────────────────────
  ✅ TC-0801: Customers page loads
  ✅ TC-0802: Customers API returns 50 customers
  ✅ TC-0803: Create customer: E2E Customer 1788012676
  ✅ TC-0804: ACCOUNTANT views customers
  ✅ TC-0805: DRIVER cannot access customers → 403

============================================================
  Test Suite: 08-customers
  Total: 5  |  ✅ Pass: 5  |  ❌ Fail: 0  |  ⏭️  Skip: 0
  Time: 4.2s
============================================================


🧪 Running: 09-system-config
────────────────────────────────────────────────────────────
  ✅ TC-0901: Config hub page loads
  ✅ TC-0902: Routes config page loads
  ✅ TC-0903: Fuel config page loads
  ✅ TC-0904: Catalogs bootstrap API works
  ✅ TC-0905: Routes API works
  ✅ TC-0906: Cargo types API works
  ✅ TC-0907: Pricing tables API works
  ✅ TC-0908: Road allowances API works
  ✅ TC-0909: Fuel config API works
  ✅ TC-0910: Penalty reasons API works
  ✅ TC-0911: Salary periods API works
  ✅ TC-0912: DRIVER cannot access config APIs → 403
  ✅ TC-0913: Forwarder receives scoped lift-price result (MATRIX)
  ✅ TC-0914: Accountant can access AR/AP/fuel reconciliation queues
  ✅ TC-0915: Clerk cannot access financial reconciliation queues

============================================================
  Test Suite: 09-system-config
  Total: 15  |  ✅ Pass: 15  |  ❌ Fail: 0  |  ⏭️  Skip: 0
  Time: 11.7s
============================================================


🧪 Running: 10-system-admin
────────────────────────────────────────────────────────────
  ✅ TC-1001: Users page loads for ADMIN
  ✅ TC-1002: KPI cards match API count (259)
  ✅ TC-1003: Role filter pills visible (9 pills)
  ✅ TC-1004: User search input exists
  ✅ TC-1005: Create user via API (id=155157)
  ✅ TC-1006: Create user missing password → validation error
  ✅ TC-1007: Create user short password → validation error
  ✅ TC-1008: Edit user change role → MANAGER
  ✅ TC-1009: Edit user change status → INACTIVE
  ✅ TC-1010: Delete user via API (id=155157)
  ✅ TC-1011: Cannot delete self → blocked
  ✅ TC-1012: Role pill colors visible (28 colored pills)
  ✅ TC-1013: MANAGER can view /users
  ✅ TC-1014: ACCOUNTANT blocked from /api/auth/users → 403
  ✅ TC-1015: DRIVER → /users → redirect /my-trips
  ✅ TC-1016: Mobile users page renders without overflow (11 mobile elements)
  ✅ TC-1017: Duplicate username → 409
  ✅ TC-1020: Audit logs page loads for ADMIN
  ✅ TC-1021: Audit log API returns 200 (31447 entries)
  ✅ TC-1022: Filter audit by category=trip returns 200
  ✅ TC-1023: Search audit logs (search=login) returns 200
  ✅ TC-1024: Audit pagination returns 200 (10 items)
  ✅ TC-1025: Vietnamese action labels visible in audit entries
  ✅ TC-1026: MANAGER can view audit logs
  ✅ TC-1027: ACCOUNTANT can view audit logs
  ✅ TC-1028: Audit logs sorted newest first
  ✅ TC-1029: DRIVER → /audit-logs → redirect /my-trips
  ✅ TC-1030: Audit user column with avatars (10 found)
  ✅ TC-1031: Empty audit filter shows empty state

============================================================
  Test Suite: 10-system-admin
  Total: 29  |  ✅ Pass: 29  |  ❌ Fail: 0  |  ⏭️  Skip: 0
  Time: 64.7s
============================================================


🧪 Running: 11-driver-portal
────────────────────────────────────────────────────────────
  ✅ TC-1101: DRIVER accesses portal — API returns 64 trips
  ✅ TC-1102: ADMIN blocked from /my-trips → http://localhost:7174/config
  ✅ TC-1103: DRIVER blocked from /finance → http://localhost:7174/my-trips
  ✅ TC-1104: DRIVER blocked from /users → http://localhost:7174/my-trips
  ✅ TC-1105: ADMIN → /api/driver/me/trips → 404
  ✅ TC-1106: Invalid token → 401
  ✅ TC-1107: DRIVER blocked from /trips → http://localhost:7174/my-trips
  ✅ TC-1110: Trip list page loaded
  ⏭️  TC-1111: Empty state — SKIPPED
  ✅ TC-1112: Navigated to trip detail: http://localhost:7174/my-trips/133449
  ✅ TC-1113: Trip list API returns 64 trips with id field
  ✅ TC-1114: Trip list cards render on page
  ✅ TC-1120: Trip detail page loads for trip 133449
  ✅ TC-1121: Trip detail page loaded (fuel section may vary)
  ✅ TC-1122: Trip detail API returns data for trip 133449
  ✅ TC-1123: Foreign trip 99999 → 404
  ✅ TC-1124: Back button returns to trip list
  ✅ TC-1125: Route/leg information visible on detail page
  ✅ TC-1130: Earnings page loads
  ✅ TC-1131: Earnings API returns 200
  ✅ TC-1132: Earnings KPI/summary cards visible
  ✅ TC-1133: Earnings breakdown content renders
  ✅ TC-1134: Earnings API response contains all formula fields (17 keys)
  ✅ TC-1140: Penalties page loads
  ✅ TC-1141: Penalties API returns 0 items
  ✅ TC-1142: Penalties page renders
  ✅ TC-1143: Penalties page loaded (filter may use different selector)
  ✅ TC-1144: No penalties to inspect — API returns valid empty list
  ✅ TC-1150: Mobile trip list renders at 375px
  ✅ TC-1151: Mobile trip detail renders at 375px
  ✅ TC-1152: DRIVER sidebar: 4 menu items at mobile viewport
  ✅ TC-1153: Mobile earnings page renders at 375px

============================================================
  Test Suite: 11-driver-portal
  Total: 32  |  ✅ Pass: 31  |  ❌ Fail: 0  |  ⏭️  Skip: 1
  Time: 91.2s
============================================================


🧪 Running: 12-vendor-expenses
────────────────────────────────────────────────────────────
  ✅ TC-1201: Create supplier via API
  ✅ TC-1202: List suppliers returns 200
  ✅ TC-1203: Duplicate supplier name accepted (no unique constraint)
  ✅ TC-1204: Create expense category
  ✅ TC-1205: List expense categories returns 200
  ✅ TC-1206: Create recurring expense category
  ✅ TC-1210: Create UNPAID expense
  ✅ TC-1211: Create PAID expense
  ✅ TC-1212: Create expense with truck
  ✅ TC-1213: Create expense with trailer
  ✅ TC-1214: Create expense without truckId
  ✅ TC-1215: List expenses returns array (50 items)
  ✅ TC-1216: Edit UNPAID expense
  ✅ TC-1217: Delete UNPAID expense
  ✅ TC-1218: Delete PAID expense accepted (soft-delete with ledger adjustment)
  ✅ TC-1220: Missing supplierId → 400
  ✅ TC-1221: Missing categoryId/amount → 400
  ✅ TC-1222: Expense without truckId rejected → 400
  ✅ TC-1223: Amount 0 → 400
  ✅ TC-1224: Missing date → 400
  ✅ TC-1225: Invalid supplierId returns error
  ✅ TC-1230: Pay vendor via API
  ✅ TC-1231: Supplier statement returns 9 entries
  ✅ TC-1232: Overpayment rejected
  ✅ TC-1240: DRIVER redirected away from /expenses
  ✅ TC-1241: DRIVER redirected away from /payables
  ✅ TC-1242: DRIVER POST /api/expenses → 403
  ✅ TC-1243: ACCOUNTANT can GET /api/expenses
  ✅ TC-1244: MANAGER can GET /api/expenses
  ✅ TC-1245: DRIVER GET /api/suppliers → 403
  ✅ TC-1250: Payables summary API returns 200
  ✅ TC-1251: Supplier statement API returns 200
  ✅ TC-1252: Renewals report returns 200
  ✅ TC-1253: Ledger PUT rejected (immutable)
  ✅ TC-1254: P&L report returns 200
  ✅ TC-1255: Ledger shows adjustment after expense delete
  ✅ TC-1260: Expenses route opens the authoritative expense workspace
  ✅ TC-1261: Payables route opens the authoritative payable workspace
  ✅ TC-1262: Suppliers route renders the payable-aware workspace for Accountant
  ✅ TC-1263: Mobile expense workspace renders without document overflow
  ✅ TC-1264: Mobile payable workspace renders without document overflow

============================================================
  Test Suite: 12-vendor-expenses
  Total: 41  |  ✅ Pass: 41  |  ❌ Fail: 0  |  ⏭️  Skip: 0
  Time: 30.8s
============================================================


🧪 Running: 13-forwarder-portal
────────────────────────────────────────────────────────────
  ✅ TC-1301: FORWARDER accesses portal, API returns 200
  ✅ TC-1302: ADMIN redirected from /my-forwarder-trips
  ✅ TC-1303: DRIVER redirected from /my-forwarder-trips
  ✅ TC-1304: FORWARDER redirected from /trips
  ✅ TC-1305: OPS trip catalog is read-only
  ✅ TC-1306: ADMIN GET /api/forwarder/me/trips → 404
  ✅ TC-1307: Invalid token → 401
  ✅ TC-1308: FORWARDER sidebar limited (admin links: 0)
  ✅ TC-1310: Operations work inbox displays (1 visible inbox rows)
  ⏭️  TC-1311: Empty state — SKIPPED
  ⏭️  TC-1312: Click card → embedded bill workspace — SKIPPED
  ✅ TC-1313: Trip API response has no financial fields
  ✅ TC-1314: Trips returned with status: {'COMPLETED'}
  ✅ TC-1315: Trip cards show route/customer/date info
  ⏭️  TC-1320: Trip detail displays — SKIPPED
  ✅ TC-1321: Non-existent trip → 404
  ⏭️  TC-1322: Back button — SKIPPED
  ⏭️  TC-1323: Legs display — SKIPPED
  ⏭️  TC-1324: Notes display — SKIPPED
  ⏭️  TC-1325: Container section — SKIPPED
  ⏭️  TC-1326: Expense section — SKIPPED
  ⏭️  TC-1330: Container test — SKIPPED
  ⏭️  TC-1331: Container test — SKIPPED
  ⏭️  TC-1332: Container test — SKIPPED
  ⏭️  TC-1333: Container test — SKIPPED
  ⏭️  TC-1334: Container test — SKIPPED
  ⏭️  TC-1335: Container test — SKIPPED
  ⏭️  TC-1336: Container test — SKIPPED
  ⏭️  TC-1340: Expense test — SKIPPED
  ⏭️  TC-1341: Expense test — SKIPPED
  ⏭️  TC-1342: Expense test — SKIPPED
  ⏭️  TC-1343: Expense test — SKIPPED
  ⏭️  TC-1344: Expense test — SKIPPED
  ⏭️  TC-1345: Expense test — SKIPPED
  ⏭️  TC-1346: Expense test — SKIPPED
  ⏭️  TC-1347: Expense test — SKIPPED
  ⏭️  TC-1350: Delete expense test — SKIPPED
  ⏭️  TC-1351: Delete expense test — SKIPPED
  ⏭️  TC-1352: Delete expense test — SKIPPED
  ⏭️  TC-1353: Delete expense test — SKIPPED
  ⏭️  TC-1354: Delete expense test — SKIPPED
  ✅ TC-1360: ADMIN views forwarder expenses → 200
  ✅ TC-1361: Filter by tripId → 200
  ✅ TC-1362: Filter by expenseType=LIFTING → 200
  ✅ TC-1363: FORWARDER GET /api/forwarder-expenses → 403
  ✅ TC-1364: MANAGER views forwarder expenses → 200
  ✅ TC-1370: Mobile trip list renders without horizontal overflow
  ⏭️  TC-1371: Mobile trip detail — SKIPPED
  ⏭️  TC-1372: Mobile container form — SKIPPED
  ✅ TC-1373: Mobile navigation control is present without overflow

============================================================
  Test Suite: 13-forwarder-portal
  Total: 50  |  ✅ Pass: 20  |  ❌ Fail: 0  |  ⏭️  Skip: 30
  Time: 33.9s
============================================================


🧪 Running: 14-smoke-closed-loop
────────────────────────────────────────────────────────────
  ✅ TC-1401: API health check
  ✅ TC-1402: List shipments
  ✅ TC-1403: List trips
  ✅ TC-1404: Dashboard stats
  ✅ TC-1405: P&L report
  ✅ TC-1406: Receivables aging
  ✅ TC-1407: Dashboard widgets
  ✅ TC-1408: Payment-term eval

============================================================
  Test Suite: 14-smoke-closed-loop
  Total: 8  |  ✅ Pass: 8  |  ❌ Fail: 0  |  ⏭️  Skip: 0
  Time: 2.1s
============================================================


🧪 Running: 15_customer_portal
────────────────────────────────────────────────────────────
  ✅ TC-1501: Dedicated CUSTOMER fixture authenticates with CUSTOMER role
  ✅ TC-1502: Customer-scoped shipment list returns 200
  ✅ TC-1503: CUSTOMER remains blocked from operator shipment API
  ✅ TC-1504: Foreign shipment direct ID returns 404
  ✅ TC-1505: Debit-note list returns 200
  ✅ TC-1506: Customer statement returns 200
  ✅ TC-1510: Desktop navigation is customer-only and decision-focused
  ✅ TC-1511: Desktop portal has no horizontal overflow
  ✅ TC-1512: CUSTOMER /dashboard redirects to portal without office content
  ✅ TC-1520: Mobile bottom navigation has three usable customer actions
  ✅ TC-1521: Theo dõi lô hàng fits 375px viewport
  ✅ TC-1522: Giấy báo nợ fits 375px viewport
  ✅ TC-1523: Sao kê công nợ fits 375px viewport

============================================================
  Test Suite: 15_customer_portal
  Total: 13  |  ✅ Pass: 13  |  ❌ Fail: 0  |  ⏭️  Skip: 0
  Time: 7.5s
============================================================


🧪 Running: 16-dispatch-workflow
────────────────────────────────────────────────────────────
  ✅ TC-1601: Dispatch queue is server-bounded
  ✅ TC-1601C: Dispatch handoff queue is flat and bounded
  ✅ TC-1601B: Dispatch queue has a deterministic shipment identity
  ✅ TC-1602B: Fleet contract exposes truck capacity
  ✅ TC-1602C: Fleet contract exposes driver binding
  ✅ TC-1602: Fleet response is bounded
  ✅ TC-1603: ACCOUNTANT is operationally read-only without dispatch assignment access
  ✅ TC-1604-ADMIN-desktop-control: admin control
  ✅ TC-1604-ADMIN: admin surface is usable at all five viewports
  ✅ TC-1604-MANAGER-desktop-control: manager control
  ✅ TC-1604-MANAGER-laptop-control: manager control
  ✅ TC-1604-MANAGER-tablet-control: manager control
  ✅ TC-1604-MANAGER-mobile-control: manager control
  ✅ TC-1604-MANAGER-narrow-control: manager control
  ✅ TC-1604-MANAGER: manager surface is usable at all five viewports
  ✅ TC-1604-ACCOUNTANT-desktop-control: accountant control
  ✅ TC-1604-ACCOUNTANT: accountant surface is usable at all five viewports
  ✅ TC-1604-CLERK-desktop-control: clerk control
  ✅ TC-1604-CLERK: clerk surface is usable at all five viewports
  ✅ TC-1604-DRIVER-desktop-control: driver workspace
  ✅ TC-1604-DRIVER: driver surface is usable at all five viewports
  ✅ TC-1604-CUSTOMER-desktop-control: customer workspace
  ✅ TC-1604-CUSTOMER: customer surface is usable at all five viewports
  ✅ TC-1605-MANAGER: manager workflow has no Zalo or live GPS map
  ✅ TC-1605-CLERK: clerk workflow has no Zalo or live GPS map
  ✅ TC-1605-DRIVER: driver workflow has no Zalo or live GPS map
  ✅ TC-1606: Driver list uses fulfillment deep-link authority
  ✅ TC-1607: Customer portal shipment contract

============================================================
  Test Suite: 16-dispatch-workflow
  Total: 28  |  ✅ Pass: 28  |  ❌ Fail: 0  |  ⏭️  Skip: 0
  Time: 21.5s
============================================================


🧪 Running: 17-dispatch-persisted-chain
────────────────────────────────────────────────────────────
🧱 Bootstrapped isolated Long Minh fixture with truck #29474 for 2026-08-29T15:00:00.000Z → 2026-08-29T17:00:00.000Z
  ✅ TC-1701: Seed customers include Long Minh
  ✅ TC-1701C: Customer portal fixture receives isolated customer scope
  ✅ TC-1702: Seed routes include Long Minh
  ✅ TC-1703: Seed cargo types available
  ✅ TC-1704: Long Minh debit template is seeded
  ✅ TC-1705: Admin can read Long Minh operational sites
  ✅ TC-1707: Transport date makes the new shipment ready for dispatch
  ✅ TC-1707B: Shipment remains ready after adding the closing time
  ✅ TC-1708: Clerk cannot dispatch directly
  ✅ TC-1709: Clerk submits shipment for dispatch
  ✅ TC-1710: Manager cannot review POD submissions
  ✅ TC-1711: Manager accepts the handoff
  ✅ TC-1712: Manager issues explicit dispatch order
  ✅ TC-1712B: Manager activates the trip for the driver
  ✅ TC-1713: Driver sees the dispatched trip
  ✅ TC-1713B: Admin assigns the shipment to Ops
  ✅ TC-1713C: Ops starts the parallel order exchange
  ✅ TC-1713D: Ops completes the parallel order exchange
  ✅ TC-1713E: Ops hands the original paper order to the driver
  ✅ TC-1714-1: Driver records Đã nhận lệnh gốc
  ✅ TC-1714-1B: Driver acknowledgement activates the trip
  ✅ TC-1714-2: Driver records Đã lấy vỏ / Lấy hàng
  ✅ TC-1714-3: Driver records Đang đóng / Trả hàng
  ✅ TC-1714-4: Driver records Đã hạ bãi / Giao hàng xong
  ✅ TC-1714-5: Customer sees only driver-reported safe delivery truth
  ✅ TC-1714-6: Customer reports a delivery discrepancy without blocking the workflow
  ✅ TC-1714-6R: Customer discrepancy replay returns the original response
  ✅ TC-1715: Driver opens e-POD submission
  ✅ TC-1716-1: Driver uploads YARD_OR_DROP_RECEIPT
  ✅ TC-1716-2: Driver uploads SIGNED_DELIVERY_NOTE
  ✅ TC-1717: Driver submits e-POD
  ✅ TC-1718: Driver completes the trip via full-close path
  ✅ TC-1718C: Shipment is COMPLETED after driver full-close
  ✅ TC-1719: Driver cannot generate debit notes
  ✅ TC-1720: Clerk cannot review e-POD after driver full-close (trip already COMPLETED)
  ✅ TC-1721: Manager remains blocked after driver full-close (trip already COMPLETED)
  ✅ TC-1722: Shipment is COMPLETED in persisted detail after driver full-close
  ✅ TC-1723: Debit note blocked while e-POD is SUBMITTED (skip kế toán flow)

============================================================
  Test Suite: 17-dispatch-persisted-chain
  Total: 38  |  ✅ Pass: 38  |  ❌ Fail: 0  |  ⏭️  Skip: 0
  Time: 1.8s
============================================================
🧹 Restored driver assignment and retired truck #29474

  ✅ TC-1801: CUS có phạm vi khách hàng để tạo lô
  ✅ TC-1801B: Có tuyến đường và loại hàng để chuẩn hóa lô
  ✅ TC-1802: Có danh mục loại container và cảng
  ✅ TC-1803-CREATE: CUS tạo khách hàng inline thành công (201, không bị 403)
  ✅ TC-1803-CREATE-STRIP: CUS intake strip credit/billing fields
  ✅ TC-1803-CREATE-CATALOG: Khách hàng inline xuất hiện trong danh mục
  ✅ TC-1803-CREATE-PUT-BLOCKED: CUS không thể sửa khách hàng (PUT → 403)
  ✅ TC-1803-CREATE-DEL-BLOCKED: CUS không thể xóa khách hàng (DELETE → 403)
  ✅ TC-1803-BLOCKED-DRIVER: driver bị chặn tạo khách hàng inline (403)
  ✅ TC-1803-BLOCKED-FORWARDER: forwarder bị chặn tạo khách hàng inline (403)
  ✅ TC-1803: CUS tạo lô FCL có mã tìm kiếm chính xác
  ✅ TC-1804: CUS tạo container nguồn cho workspace
  ✅ TC-1804A: CUS tạo tờ khai nguồn cho tìm kiếm hậu tố chữ-số
  ✅ TC-1805: Tìm đúng hậu tố Bill/Book chữ-số không phân biệt hoa thường và phân trang sau bộ lọc
  ✅ TC-1805A: Tìm đúng hậu tố tờ khai chữ-số không phân biệt hoa thường
  ✅ TC-1806: Chi tiết trả dữ liệu container và danh mục chọn
  ✅ TC-1807: CUS lưu thông tin vận hành container bằng optimistic version
  ✅ TC-1808: Bản ghi cũ bị từ chối thay vì ghi đè
  ✅ TC-1809: Không thể khóa lô nếu thiếu xác nhận kế toán hợp lệ
  ✅ TC-1810: Tài xế không được truy cập workspace CUS
  ✅ TC-1816: Dòng container mang trạng thái thông tin và danh sách trường thiếu do server suy ra
  ✅ TC-1817: Bộ lọc Chưa cập nhật trả đúng dòng FCL còn thiếu với đúng trường áp dụng
  ✅ TC-1818: Endpoint tổng quan từ chối tham số chỉ dành cho trang chi tiết
  ✅ TC-1819: Lô Lẻ không bao giờ xuất hiện trên bảng container hay bộ lọc Chưa cập nhật
  ✅ TC-1820: CUS lập kế hoạch xe nội bộ: plan-able OWN với biển số tự gán trước điều xe
  ✅ TC-1812: Mở drawer bằng bàn phím và trả focus đúng hàng
  ✅ TC-1811-1440: Workspace CUS vừa khung 1440px
  ✅ TC-1811-1024: Workspace CUS vừa khung 1024px
  ✅ TC-1811-768: Workspace CUS vừa khung 768px
  ✅ TC-1814: Workspace CUS reflow ở mức tương đương 200% zoom
  ✅ TC-1813: Drawer mobile giữ và trả focus khi đóng bằng Escape
  ✅ TC-1811-390: Workspace CUS vừa khung 390px
  ✅ TC-1811-320: Workspace CUS vừa khung 320px
  ✅ TC-1821: Bộ lọc Trạng thái (chưa điều xe) nằm trong URL, giữ lựa chọn và dòng cảnh báo trường thiếu hiển thị
  ✅ TC-1815: Mọi ô chi tiết được phép sửa mở editor từ vùng trống của toàn ô
  ✅ TC-1822: Chạm vào ô lịch trình trên mobile mở editor bằng con trỏ, không chỉ bằng bàn phím

============================================================
  Test Suite: 18-cus-shipment-workspace
  Total: 36  |  ✅ Pass: 36  |  ❌ Fail: 0  |  ⏭️  Skip: 0
  Time: 27.9s
============================================================


🧪 Running: 19-cus-workspace-accessibility-matrix
────────────────────────────────────────────────────────────
  ✅ TC-1901: Có khách hàng cục bộ để tạo lô workspace
  ✅ TC-1903: Có danh mục route/cargo/container/site để tạo fixture workspace
  ✅ TC-1904: CUS tạo lô kiểm tra workspace có hậu tố tìm kiếm xác định
  ✅ TC-1905: CUS tạo container nguồn cho workspace accessibility
  ✅ TC-1910-CLERK: clerk nhận đúng hành động workspace theo vai trò
  ✅ TC-1910-ACCOUNTANT: accountant nhận đúng hành động workspace theo vai trò
  ✅ TC-1910-ADMIN: admin nhận đúng hành động workspace theo vai trò
  ✅ TC-1910-MANAGER: manager nhận đúng hành động workspace theo vai trò
  ✅ TC-1910-DISPATCHER: dispatcher nhận đúng hành động workspace theo vai trò
  ✅ TC-1910-FORWARDER: forwarder bị chặn khỏi API workspace CUS
  ✅ TC-1920-CLERK-1440: clerk nhận đúng hành động workspace ở 1440px
  ✅ TC-1920-CLERK-1024: clerk nhận đúng hành động workspace ở 1024px
  ✅ TC-1920-CLERK-768: clerk nhận đúng hành động workspace ở 768px
  ✅ TC-1920-CLERK-390: clerk nhận đúng hành động workspace ở 390px
  ✅ TC-1920-CLERK-320: clerk nhận đúng hành động workspace ở 320px
  ✅ TC-1920-ACCOUNTANT-1440: accountant nhận đúng hành động workspace ở 1440px
  ✅ TC-1920-ACCOUNTANT-1024: accountant nhận đúng hành động workspace ở 1024px
  ✅ TC-1920-ACCOUNTANT-768: accountant nhận đúng hành động workspace ở 768px
  ✅ TC-1920-ACCOUNTANT-390: accountant nhận đúng hành động workspace ở 390px
  ✅ TC-1920-ACCOUNTANT-320: accountant nhận đúng hành động workspace ở 320px
  ✅ TC-1920-ADMIN-1440: admin nhận đúng hành động workspace ở 1440px
  ✅ TC-1920-ADMIN-1024: admin nhận đúng hành động workspace ở 1024px
  ✅ TC-1920-ADMIN-768: admin nhận đúng hành động workspace ở 768px
  ✅ TC-1920-ADMIN-390: admin nhận đúng hành động workspace ở 390px
  ✅ TC-1920-ADMIN-320: admin nhận đúng hành động workspace ở 320px
  ✅ TC-1920-MANAGER-1440: manager nhận đúng hành động workspace ở 1440px
  ✅ TC-1920-MANAGER-1024: manager nhận đúng hành động workspace ở 1024px
  ✅ TC-1920-MANAGER-768: manager nhận đúng hành động workspace ở 768px
  ✅ TC-1920-MANAGER-390: manager nhận đúng hành động workspace ở 390px
  ✅ TC-1920-MANAGER-320: manager nhận đúng hành động workspace ở 320px
  ✅ TC-1920-DISPATCHER-1440: dispatcher nhận đúng hành động workspace ở 1440px
  ✅ TC-1920-DISPATCHER-1024: dispatcher nhận đúng hành động workspace ở 1024px
  ✅ TC-1920-DISPATCHER-768: dispatcher nhận đúng hành động workspace ở 768px
  ✅ TC-1920-DISPATCHER-390: dispatcher nhận đúng hành động workspace ở 390px
  ✅ TC-1920-DISPATCHER-320: dispatcher nhận đúng hành động workspace ở 320px
  ✅ TC-1920-FORWARDER-1440: ops không thấy workspace CUS ở 1440px
  ✅ TC-1920-FORWARDER-1024: ops không thấy workspace CUS ở 1024px
  ✅ TC-1920-FORWARDER-768: ops không thấy workspace CUS ở 768px
  ✅ TC-1920-FORWARDER-390: ops không thấy workspace CUS ở 390px
  ✅ TC-1920-FORWARDER-320: ops không thấy workspace CUS ở 320px
  ✅ TC-1930: Desktop mở drawer bằng bàn phím và giữ focus đúng aria-controls
  ✅ TC-1933-1440: Workspace CUS không tràn ngang ở 1440px và không có lỗi runtime
  ✅ TC-1933-1024: Workspace CUS không tràn ngang ở 1024px và không có lỗi runtime
  ✅ TC-1933-768: Workspace CUS không tràn ngang ở 768px và không có lỗi runtime
  ✅ TC-1931-390-OPEN: Nút mở chi tiết mobile 390px đạt tối thiểu 24px
  ✅ TC-1931-390-CLOSE: Nút đóng drawer mobile 390px đạt tối thiểu 24px
  ✅ TC-1931-390-ACTION: Nút khóa lô trong drawer mobile 390px đạt tối thiểu 24px
  ✅ TC-1932-390: Drawer mobile 390px có nút đóng, Escape và trả focus
  ✅ TC-1933-390: Workspace CUS không tràn ngang ở 390px và không có lỗi runtime
  ✅ TC-1931-320-OPEN: Nút mở chi tiết mobile 320px đạt tối thiểu 24px
  ✅ TC-1931-320-CLOSE: Nút đóng drawer mobile 320px đạt tối thiểu 24px
  ✅ TC-1931-320-ACTION: Nút khóa lô trong drawer mobile 320px đạt tối thiểu 24px
  ✅ TC-1932-320: Drawer mobile 320px có nút đóng, Escape và trả focus
  ✅ TC-1933-320: Workspace CUS không tràn ngang ở 320px và không có lỗi runtime

============================================================
  Test Suite: 19-cus-workspace-accessibility-matrix
  Total: 54  |  ✅ Pass: 54  |  ❌ Fail: 0  |  ⏭️  Skip: 0
  Time: 123.4s
============================================================

============================================================
  E2E Test Results
============================================================
  Suites: 20  |  Total: 410  |  ✅ Pass: 379  |  ❌ Fail: 0  |  ⏭️  Skip: 31
============================================================

📁 Screenshots & results: /tmp/silversea-e2e/20260829-220923-56397
EXIT=0
