$ pnpm --filter @tingting/shared test -- src/schemas/work-inbox.test.ts

> @tingting/shared@0.1.0 test /Users/dev/Documents/projects/silversea/shared
> tsx --test src/**/*.test.ts -- src/schemas/work-inbox.test.ts

▶ computeFifoAging
  ✔ simple single debit aging into correct bucket (0.587084ms)
  ✔ multiple debits with credits applied FIFO (0.085208ms)
  ✔ unapplied credit carry-forward (0.053542ms)
  ✔ edge case: zero amounts (0.04825ms)
  ✔ edge case: all debits fully paid (zero balances) (0.053209ms)
  ✔ edge case: credit exceeds debits (negative balance clamped) (0.047333ms)
  ✔ bucket boundaries: 30/60/90 days (0.061333ms)
  ✔ bucket boundary exactly 30 days → current bucket (0.040708ms)
  ✔ bucket boundary exactly 60 days → d30 bucket (0.048542ms)
  ✔ bucket boundary exactly 90 days → d60 bucket (0.073959ms)
  ✔ bucket boundary 91 days → over90 bucket (0.048209ms)
  ✔ missing timestamps fall back to reference date (0.0405ms)
  ✔ entries sorted chronologically regardless of input order (0.0385ms)
  ✔ numeric debit/credit values (not strings) (0.033833ms)
  ✔ empty entries array returns zero aging (0.031917ms)
  ✔ partial payment splits single invoice correctly (0.0355ms)
  ✔ unapplied credit applied to later debits (0.033625ms)
✔ computeFifoAging (1.90025ms)
✔ computeFuelSurcharge applies the configured delta, liters, and share percent (3.369792ms)
✔ computeFuelSurcharge returns zero when share percent is null (0.167625ms)
✔ computeFuelSurcharge returns zero when base price is unset (0.098125ms)
✔ computeFuelSurcharge returns zero when current price does not exceed base price (0.085625ms)
✔ computeFuelSurcharge handles 100 percent customer share (0.108291ms)
✔ computeFuelSurcharge uses round2dp then roundInt (0.090667ms)
▶ normalizeContainerNumber
  ✔ strips hyphens/spaces and uppercases (0.259209ms)
✔ normalizeContainerNumber (0.579166ms)
▶ validateContainerFormat
  ✔ accepts 4 letters + 7 digits (0.112542ms)
  ✔ rejects wrong shapes (0.042334ms)
✔ validateContainerFormat (0.209292ms)
▶ calculateCheckDigit
  ✔ ALLU521653 (first 10) → 5 (0.083583ms)
  ✔ MSKU123456 (first 10) → 5 (0.038041ms)
  ✔ remainder 10 maps to check digit 0 (AAAU000006 → 0) (0.038209ms)
  ✔ throws when input is not 10 characters (1.811125ms)
✔ calculateCheckDigit (2.150791ms)
▶ validateCheckDigit
  ✔ valid numbers pass (0.274708ms)
  ✔ bad check digit fails (0.13275ms)
  ✔ wrong format fails fast (0.167958ms)
✔ validateCheckDigit (0.763459ms)
▶ validateContainerNumber
  ✔ valid → [true, ""] (0.126875ms)
  ✔ bad format → Vietnamese message (0.215166ms)
  ✔ bad check digit → Vietnamese message (0.182375ms)
  ✔ empty → prompt message (0.085375ms)
✔ validateContainerNumber (0.910792ms)
▶ suggestCorrections
  ✔ returns [] for already-valid number (0.499042ms)
  ✔ returns [] for unrecoverable format (0.040167ms)
  ✔ check-digit-only typo ranks the original first (0.18ms)
  ✔ single mid-digit error recovers the original when given room (2.118041ms)
  ✔ respects maxResults (0.091292ms)
✔ suggestCorrections (3.02475ms)
▶ round2dp
  ✔ basic rounding: 1.005 rounds to 1.01 (banker-safe) (0.314917ms)
  ✔ basic rounding: 1.004 rounds to 1.00 (0.052125ms)
  ✔ basic rounding: 2.345 rounds to 2.35 (0.04625ms)
  ✔ basic rounding: 2.344 rounds to 2.34 (0.041542ms)
  ✔ edge case: 0 passes through (0.052083ms)
  ✔ edge case: negative number rounds correctly (0.042791ms)
  ✔ edge case: very large numbers (0.047666ms)
  ✔ already-round numbers pass through (0.044209ms)
  ✔ rounding at 0.5 boundary (0.052584ms)
  ✔ VND-scale numbers (millions) (0.076375ms)
  ✔ floating-point edge: 0.1 + 0.2 (0.052833ms)
✔ round2dp (1.285416ms)
▶ roundInt
  ✔ basic rounding: 1.5 rounds to 2 (0.091959ms)
  ✔ basic rounding: 1.4 rounds to 1 (0.034083ms)
  ✔ basic rounding: 97.2 rounds to 97 (0.032125ms)
  ✔ basic rounding: 97.9 rounds to 98 (0.02775ms)
  ✔ negative numbers clamp to 0 (0.03525ms)
  ✔ very large numbers (0.031583ms)
  ✔ already-integer values pass through (0.044458ms)
  ✔ 0.5 rounds up to 1 (0.041166ms)
  ✔ 0.4 rounds down to 0 (0.033583ms)
  ✔ 0 passes through (0.030292ms)
✔ roundInt (0.519833ms)
▶ computeTripDriverSalary
  ✔ uses the fixed 26-day trip allocation divisor (0.266ms)
  ✔ uses the configured driver base salary (0.049917ms)
  ✔ returns zero for missing or invalid inputs (0.040833ms)
✔ computeTripDriverSalary (0.718375ms)
▶ resolveTripDriverSalary
  ✔ prefers configured driver salary allocation over a legacy route fallback (0.057459ms)
  ✔ retains the legacy fallback when the driver has no configured base salary (0.042625ms)
✔ resolveTripDriverSalary (0.159459ms)
✔ round2dp boundary correctness (0.455416ms)
✔ roundInt rounds to nearest integer and clamps negatives (0.057083ms)
✔ AUTO standard mode calculation -- fuel liters rounded to integer (0.147667ms)
✔ AUTO mountain mode allowance calculation (0.0545ms)
✔ AUTO uses a configured fixed route allowance even when the route is classified as plain (0.049791ms)
✔ AUTO mountain fallback calculation when allowance is null (0.041166ms)
✔ FLAT_RATE mode calculation (0.049042ms)
✔ FLAT_RATE mode takes precedence over mountain route (0.041208ms)
✔ FLAT_RATE with fractional override is rounded to integer (0.046167ms)
✔ supplement added in all modes (and rounded) (0.080916ms)
✔ negative road allowance clamped to 0 (0.540958ms)
✔ 0 legs (empty legs array) (0.053083ms)
✔ rounding preserves sum-of-legs consistency (0.045084ms)
✔ fuel liters always integer even when raw result is x.xx5 (0.036333ms)
✔ twoPointDeliveryBonus and vehicleShiftAllowance included in totalCost (0.03475ms)
✔ backward-compat: vatRate=0 (default) -- freightExVat equals revenue (0.038625ms)
✔ OWN trip with 8% VAT: freightExVat = revenue / 1.08 (0.031334ms)
✔ OWN trip with ancillary fees: service amounts do not affect transport grossProfit (0.03775ms)
✔ EXTERNAL trip: totalCost = externalFreightCost, margin uses incl-VAT cost (§4.7) (0.039917ms)
✔ EXTERNAL trip with service fees: service amounts do not affect transport grossProfit (0.033875ms)
✔ auto-calculated road allowance when tollsAddition is 0 (0.032334ms)
✔ tollCost = tollsStations × tollPerStation, included in totalCost for OWN trips (0.0275ms)
✔ tollCost = 0 when tollsStations is 0 (0.020208ms)
✔ tollCost NOT included in totalCost for EXTERNAL trips (0.02775ms)
✔ tollDeduction=0 (default) keeps gross toll in tollCost (no regression) (0.020708ms)
✔ tollDeduction equal to gross toll nets tollCost to 0 (second trip of a backhaul pair) (0.031083ms)
✔ partial tollDeduction nets only the deducted amount off tollCost (0.020083ms)
✔ tollDeduction larger than gross toll clamps net toll to 0 (never negative) (0.019167ms)
✔ tollDeduction does NOT touch road allowance (distinct from tollsDiscount) (0.024292ms)
✔ pair bears the toll once: trip1 gross + trip2 net(0) == single gross toll (0.025333ms)
✔ customerCommission=0: recordedRevenue equals freightExVat (backward compat) (0.027959ms)
✔ customerCommission=500K: recordedRevenue = freightExVat - commission (0.0225ms)
✔ customerCommission omitted (undefined): recordedRevenue equals freightExVat (0.021375ms)
✔ commission reduces grossProfit for OWN trips (0.027333ms)
✔ commission reduces EXTERNAL trip grossProfit and management margin (0.026875ms)
▶ Q22 source-authority catalog
  ✔ exhaustively contains every accepted source/dependent pair (0.85625ms)
  ✔ maps shipment facts to trip recompute before dispatch and version after dispatch (0.063291ms)
  ✔ maps trip changes to draft and AR recompute, then adjustment after issue (0.058917ms)
  ✔ makes only approved expense status and amount authoritative (0.052875ms)
  ✔ keeps issued receivables and recorded payments immutable through adjustments or reversals (0.048041ms)
  ✔ fails closed for an undefined pair or action (0.078042ms)
✔ Q22 source-authority catalog (1.734084ms)
▶ secure billing document write contract
  ✔ accepts only immutable source identities for a Debit Note (6.240167ms)
  ✔ rejects browser-authored money, exclusions, overrides and ad-hoc rows (0.857ms)
  ✔ rejects forged or incomplete financial-posting provenance (0.926667ms)
✔ secure billing document write contract (8.862208ms)
✔ CUS workspace query accepts 4-5 alphanumeric suffix search (1.107542ms)
✔ CUS workspace query rejects invalid suffix search (0.869417ms)
✔ overview query rejects the detail-only informationStatus parameter (0.577542ms)
✔ container query accepts informationStatus=MISSING and defaults are shared (0.185792ms)
✔ container query rejects unknown informationStatus values (0.353875ms)
✔ container query keeps the shared transport-date order refinement (0.154333ms)
✔ every missing-field code has a non-empty Vietnamese label (0.101208ms)
✔ CUS workspace list item supports explicit unavailable custody state (1.519542ms)
✔ CUS accounting confirmation response includes the Debit Note identity (0.404458ms)
✔ CUS container-line update accepts inline new external carrier input (0.145291ms)
✔ CUS container-line update accepts a container-specific customer appointment (0.098791ms)
✔ CUS container-line update accepts only normalized container identity and cargo fields (0.233458ms)
✔ CUS container-line update rejects every finance field at the strict operational boundary (0.12025ms)
✔ CUS container-line update rejects mixed existing and new external carrier input (0.086666ms)
✔ CUS container-line update rejects inline external carrier for OWN carrier type (0.062042ms)
▶ accounting transport register contract
  ✔ normalizes bounded pagination and strict filters (3.214125ms)
  ✔ rejects reversed dates, oversized pages, invalid enums, and unknown money inputs (1.168709ms)
  ✔ response contract requires financial posting provenance and bounded metadata (0.312084ms)
✔ accounting transport register contract (5.706792ms)
✔ customerSchema accepts WEEKLY debit-note mode (0.8565ms)
✔ customerSchema rejects legacy PER_BATCH for new writes (0.252666ms)
✔ customerUpdateSchema accepts legacy PER_BATCH for unchanged-row compatibility (0.125125ms)
✔ customerSchema rejects unknown debit-note modes (0.088334ms)
✔ customerSchema accepts distinct full and short names (0.070917ms)
✔ customerSchema rejects an explicitly blank short name (0.071ms)
✔ updateTripFiguresSchema preserves fuelActualUnitPrice=23530 (number input) (1.211959ms)
✔ updateTripFiguresSchema preserves fuelActualUnitPrice="23530" (string input) (0.282625ms)
✔ updateTripFiguresSchema preserves fuelActualUnitPrice=23528 (number input) (0.098167ms)
✔ updateTripFiguresSchema preserves fuelActualUnitPrice="23528" (string input) (0.087916ms)
✔ updateTripFiguresSchema preserves fuelActualUnitPrice=27650 (number input) (0.08525ms)
✔ updateTripFiguresSchema preserves fuelActualUnitPrice="27650" (string input) (0.067625ms)
✔ updateTripFiguresSchema preserves fuelActualUnitPrice=100000 (number input) (0.058125ms)
✔ updateTripFiguresSchema preserves fuelActualUnitPrice="100000" (string input) (0.066542ms)
✔ updateTripFiguresSchema preserves fuelActualUnitPrice=1 (number input) (0.068625ms)
✔ updateTripFiguresSchema preserves fuelActualUnitPrice="1" (string input) (0.1165ms)
✔ updateTripFiguresSchema preserves fuelActualUnitPrice=99999 (number input) (0.06575ms)
✔ updateTripFiguresSchema preserves fuelActualUnitPrice="99999" (string input) (0.072583ms)
✔ createTripSchema accepts a per-trip actual pump price (0.146708ms)
✔ full VND round-trip input → String() → Number() is lossless (0.037208ms)
✔ blank fuelActualUnitPrice (null/undefined) is accepted → config fallback (0.101959ms)
✔ accepts a minimal valid payload (optionals omitted) (0.66225ms)
✔ accepts all whitelisted entity types (0.140375ms)
✔ rejects an unknown entity type (1.615625ms)
✔ coerces entityId from string (0.080458ms)
✔ rejects entityId <= 0 (0.105417ms)
✔ rejects lat out of range (0.092833ms)
✔ rejects lng out of range (0.059166ms)
✔ accepts gpsAt omitted (manual / no-device-fix entry) (0.050708ms)
✔ accepts the diagnostic optional fields (0.069417ms)
✔ accepts all whitelisted sources (3.725833ms)
✔ shipment schemas accept canonical calendar dates (1.78625ms)
✔ shipment schemas reject malformed and impossible delivery dates (0.405291ms)
✔ shipment schemas preserve nullable delivery-date compatibility (0.2415ms)
✔ shipment schemas carry the explicit consolidation flag (1.162875ms)
✔ shipment write schemas accept recipient-specific driver notes (0.12525ms)
✔ shipment schemas reject a Bill and Booking on the same shipment (0.153458ms)
▶ supplierSchema
  ✔ normalizes canonical supplier categories case-insensitively (1.279666ms)
  ✔ rejects unknown and non-string supplier categories (0.337083ms)
✔ supplierSchema (1.966334ms)
✔ rejects fuelSupplementLiters > 0 with empty reason (1.023083ms)
✔ rejects fuelSupplementLiters > 0 with missing reason (0.152208ms)
✔ accepts fuelSupplementLiters > 0 with provided reason (0.100709ms)
✔ accepts fuelSupplementLiters = 0 without reason (0.13125ms)
✔ accepts fuelSupplementLiters undefined without reason (0.083ms)
✔ accepts null values for external carrier fields (0.085583ms)
✔ bulkUpdateTripFiguresSchema accepts per-row malformed figures for row-level handling (0.093792ms)
✔ bulkUpdateTripFiguresSchema rejects empty batches (0.109167ms)
▶ work inbox contracts
  ✔ requires a bounded reason for a disputed delivery (1.530916ms)
  ✔ keeps the response authority and pagination shape stable (0.633291ms)
✔ work inbox contracts (2.658292ms)
ℹ tests 179
ℹ suites 16
ℹ pass 179
ℹ fail 0
ℹ cancelled 0
ℹ skipped 0
ℹ todo 0
ℹ duration_ms 306.488458
shared_exit_status=0
$ cd backend && npx tsc --noEmit
src/services/work-inbox.service.ts(106,9): error TS2322: Type '{ id: string; entityType: string; entityId: number; title: string; subtitle: string | null; state: "ACTION" | "WAITING" | "DONE"; priority: number; dueAt: string | null; freshnessAt: string; ... 14 more ...; podState: "MISSING" | ... 3 more ... | "DRAFT"; }[]' is not assignable to type '{ targetRoute: string; id: string; entityType: string; entityId: string | number; title: string; subtitle: string | null; state: "ACTION" | "WAITING" | "DONE"; priority: number; dueAt: string | null; ... 14 more ...; podState: "MISSING" | ... 2 more ... | "REJECTED"; }[]'.
  Type '{ id: string; entityType: string; entityId: number; title: string; subtitle: string | null; state: "ACTION" | "WAITING" | "DONE"; priority: number; dueAt: string | null; freshnessAt: string; ... 14 more ...; podState: "MISSING" | ... 3 more ... | "DRAFT"; }' is not assignable to type '{ targetRoute: string; id: string; entityType: string; entityId: string | number; title: string; subtitle: string | null; state: "ACTION" | "WAITING" | "DONE"; priority: number; dueAt: string | null; ... 14 more ...; podState: "MISSING" | ... 2 more ... | "REJECTED"; }'.
    Types of property 'podState' are incompatible.
      Type '"MISSING" | "SUBMITTED" | "ACCEPTED" | "REJECTED" | "DRAFT"' is not assignable to type '"MISSING" | "SUBMITTED" | "ACCEPTED" | "REJECTED"'.
        Type '"DRAFT"' is not assignable to type '"MISSING" | "SUBMITTED" | "ACCEPTED" | "REJECTED"'.
backend_typecheck_exit_status=2
$ cd backend && npx tsc --noEmit
exit_status=0
$ cd backend && node --import tsx --test src/tests/work-inbox.service.test.ts src/tests/work-inbox-rbac.test.ts src/tests/customer-delivery-response.test.ts src/tests/driver-fulfillment-progress.test.ts
▶ customer delivery response authority
  ✔ confirmation is immutable and replays only the same idempotency key and payload (23.82625ms)
  ✔ dispute is recorded with evidence but cannot cross customer or stale event version (30.487875ms)
  ✔ superseded delivery events reject a response even when their own version still matches (11.8415ms)
  ✔ Manager resolves a dispute through separate governance authority without mutating the response (24.906ms)
✔ customer delivery response authority (115.900292ms)
▶ Phase 4 driver fulfillment execution
  ✔ other driver cannot open or complete another owned fulfillment task (47.827167ms)
  ✔ driver trip list excludes canceled trips and canceled fulfillments from actionable work (77.723917ms)
  ✔ milestones are ordered and replay-safe (42.464875ms)
  ✔ publishes only safe driver milestones and creates replay-safe LCL/FCL delivery attempts (103.811042ms)
  ✔ driver cannot confirm order receipt before Ops hands over the paper order (12.466541ms)
  ✔ Driver inbox follows order acknowledgement and waits truthfully while POD is under review (44.445291ms)
  ✔ receiving an assigned order starts the driver-owned fulfillment (35.042834ms)
  ✔ driver-owned start capability cannot reopen a completed trip (12.938083ms)
  ✔ generic trip photos and incomplete POD do not satisfy completion readiness (42.121708ms)
  ✔ driver pod history uses driver download URLs and rollback cleanup preserves prior required evidence (31.128834ms)
  ✔ rejects pod uploads when a declared PDF does not match the file signature (8.791917ms)
  ✔ O2C: driver completion hands the shipment to Pending Expense Approval without financial posting (52.095459ms)
  ✔ driver fulfillment detail falls back to site snapshot for pickup / drop / factory when top-level columns are null (11.025667ms)
✔ Phase 4 driver fulfillment execution (522.648167ms)
▶ work inbox RBAC
  ✔ driver cannot load financial, manager-decision, or Admin health inboxes (26.115875ms)
  ✔ Manager cannot load Admin health (0.76825ms)
  ✔ Driver cannot resolve a customer delivery dispute (2.584125ms)
✔ work inbox RBAC (30.339208ms)
▶ work inbox projection
  ✔ sorts priority, due date and stable id before filtering and paging (6.223167ms)
  ✔ customer dispute stays advisory and does not block financially ready work (18.514375ms)
  ✔ Manager decision items identify the owner, age, impact, and direct route (12.680625ms)
  ✔ Admin health reports each real source and does not call an empty audit source unavailable (324.275208ms)
✔ work inbox projection (411.759959ms)
ℹ tests 24
ℹ suites 4
ℹ pass 24
ℹ fail 0
ℹ cancelled 0
ℹ skipped 0
ℹ todo 0
ℹ duration_ms 1168.929917
exit_status=0
