$ make build
pnpm --dir shared build

> @tingting/shared@0.1.0 build /Users/dev/Documents/projects/silversea/shared
> tsc && node fix-esm-imports.js

Fixed 0 bare imports in /Users/dev/Documents/projects/silversea/shared/dist
pnpm --dir backend build

> @tingting/backend@0.1.0 prebuild /Users/dev/Documents/projects/silversea/backend
> pnpm --dir ../shared build


> @tingting/shared@0.1.0 build /Users/dev/Documents/projects/silversea/shared
> tsc && node fix-esm-imports.js

Fixed 0 bare imports in /Users/dev/Documents/projects/silversea/shared/dist

> @tingting/backend@0.1.0 build /Users/dev/Documents/projects/silversea/backend
> tsc -p tsconfig.build.json && node fix-esm-imports.js

Fixed 101 bare imports in /Users/dev/Documents/projects/silversea/backend/dist
pnpm --dir frontend build

> @tingting/frontend@0.1.0 build /Users/dev/Documents/projects/silversea/frontend
> tsc -b && vite build

vite v6.4.3 building for production...
transforming...
✓ 5015 modules transformed.
rendering chunks...
computing gzip size...
dist/index.html                                            2.31 kB │ gzip:   0.93 kB
dist/assets/CustomersPage-CHoYw38o.css                     0.13 kB │ gzip:   0.13 kB
dist/assets/Money-tgS0Dch5.css                             0.26 kB │ gzip:   0.19 kB
dist/assets/PhotoViewer-wCVc5Kjd.css                       0.31 kB │ gzip:   0.22 kB
dist/assets/operational-table-typography-vdIY03Hr.css      0.50 kB │ gzip:   0.18 kB
dist/assets/CarrierAllocationSummary-C9XWt-6-.css          0.85 kB │ gzip:   0.33 kB
dist/assets/ShipmentContainerCell-frdUuLnk.css             1.36 kB │ gzip:   0.50 kB
dist/assets/DispatchPlanPage-DmsAums3.css                  1.62 kB │ gzip:   0.59 kB
dist/assets/useOfflineCommandQueue-DX61K0W9.css            1.85 kB │ gzip:   0.63 kB
dist/assets/ConfigPage-CWHtkr7-.css                        2.58 kB │ gzip:   0.86 kB
dist/assets/SupplierListPage-DpOVkFeb.css                  2.58 kB │ gzip:   0.76 kB
dist/assets/driver-2DKMumT3.css                            2.97 kB │ gzip:   0.97 kB
dist/assets/catalogs-DGHAf0X3.css                          3.20 kB │ gzip:   1.01 kB
dist/assets/HeroKpiRow-D0_uPXQz.css                        3.28 kB │ gzip:   1.07 kB
dist/assets/ExpenseEntryPage-MaBolNiY.css                  3.85 kB │ gzip:   1.31 kB
dist/assets/SalaryPeriodConfigPage-D2TasUMj.css            4.65 kB │ gzip:   1.36 kB
dist/assets/ForwarderTripDetailPage-ayABMsoF.css           5.45 kB │ gzip:   1.41 kB
dist/assets/ForwarderAdvancesPage-DqfHm65h.css             6.09 kB │ gzip:   1.67 kB
dist/assets/ProfitPage-C26ATvCf.css                        6.15 kB │ gzip:   1.46 kB
dist/assets/AuditLogPage-Bv8PGgAv.css                      6.46 kB │ gzip:   1.65 kB
dist/assets/DriverPenaltyPage-C5Bk8UhG.css                 6.83 kB │ gzip:   1.52 kB
dist/assets/RoleWorkInbox-BgzcPAf1.css                     7.01 kB │ gzip:   1.60 kB
dist/assets/LoginPage-s9iWQUNS.css                         8.30 kB │ gzip:   2.38 kB
dist/assets/TripEditPage-Cag1VBMv.css                      8.35 kB │ gzip:   2.26 kB
dist/assets/DebtListPage-DC781Qv5.css                      8.36 kB │ gzip:   2.27 kB
dist/assets/DriverEarningsPage-CZMSxxBI.css                8.68 kB │ gzip:   1.96 kB
dist/assets/SettlementPrintPage-Cux18H8O.css               9.37 kB │ gzip:   2.20 kB
dist/assets/ShipmentDetailPage-DmuIKHWs.css                9.87 kB │ gzip:   2.02 kB
dist/assets/WorkflowFinance-Ca0sva4d.css                   9.89 kB │ gzip:   2.10 kB
dist/assets/DriverTripDetailPage-CVzsMiaM.css             10.54 kB │ gzip:   2.16 kB
dist/assets/AccountingWorkspacePage-DzvVc8Gm.css          10.69 kB │ gzip:   2.10 kB
dist/assets/RecoverableCostsPage-Dhk0yf_7.css             10.69 kB │ gzip:   2.16 kB
dist/assets/ExpenseListPage-DW4OGPuq.css                  10.83 kB │ gzip:   2.57 kB
dist/assets/GovernanceActionsPage-BowAPemR.css            11.49 kB │ gzip:   2.32 kB
dist/assets/TripCreatePage-BDKLSDD2.css                   11.62 kB │ gzip:   2.55 kB
dist/assets/CreditOverrideQueuePage-DZKZ9k4v.css          12.99 kB │ gzip:   2.45 kB
dist/assets/PayableListPage-BlA9pS0m.css                  13.63 kB │ gzip:   2.87 kB
dist/assets/FinancePage-DOlmyl2M.css                      13.99 kB │ gzip:   3.16 kB
dist/assets/ForwarderSettlementsPage-D2olZctj.css         14.95 kB │ gzip:   3.10 kB
dist/assets/AgentAssistant-BxBPKmuV.css                   15.00 kB │ gzip:   3.82 kB
dist/assets/LeafletMap-CIGW-MKW.css                       15.61 kB │ gzip:   6.46 kB
dist/assets/FleetPage-C6HvNHEu.css                        16.65 kB │ gzip:   3.27 kB
dist/assets/PortalPages-C_I6uOBl.css                      16.84 kB │ gzip:   3.38 kB
dist/assets/UsersPage-CDz0Rr9W.css                        18.42 kB │ gzip:   3.70 kB
dist/assets/PenaltyPage-gFXiYDqX.css                      19.05 kB │ gzip:   3.61 kB
dist/assets/ClerkShipmentCreatePage-DZHlNjqg.css          19.19 kB │ gzip:   3.96 kB
dist/assets/TruckTiresPage-CqcJAOda.css                   19.22 kB │ gzip:   4.13 kB
dist/assets/config-page-C5O-8R2z.css                      20.89 kB │ gzip:   4.17 kB
dist/assets/TripForm-CJygKBUL.css                         22.22 kB │ gzip:   4.40 kB
dist/assets/DispatchDetailPlanPage-BdNDQnal.css           23.86 kB │ gzip:   4.22 kB
dist/assets/SalaryAttendancePage-DoAZI2zi.css             24.89 kB │ gzip:   4.94 kB
dist/assets/TripDetailPage-8IBxHNC8.css                   26.49 kB │ gzip:   5.63 kB
dist/assets/ShipmentsDetailPage-CUcgdTaf.css              26.74 kB │ gzip:   4.20 kB
dist/assets/AdvanceWorkspacePage-CfTk1rxS.css             27.22 kB │ gzip:   4.23 kB
dist/assets/MasterPlanPage-laXQcokF.css                   28.70 kB │ gzip:   5.11 kB
dist/assets/DebitNoteTemplateEditorPage-WKdlFZ7n.css      33.99 kB │ gzip:   5.76 kB
dist/assets/ShipmentsPage-DzEorODe.css                    35.49 kB │ gzip:   6.22 kB
dist/assets/DashboardPage-BEPIau6p.css                    36.47 kB │ gzip:   6.51 kB
dist/assets/TripListPage-BKSEiIA6.css                     40.70 kB │ gzip:   6.84 kB
dist/assets/PeriodSummaryCards-D5PkTEAD.css               48.01 kB │ gzip:   8.20 kB
dist/assets/index-CV_4-iWX.css                           316.42 kB │ gzip:  51.87 kB
dist/assets/Breadcrumbs-Bnvm1v27.js                        0.04 kB │ gzip:   0.06 kB
dist/assets/index-B2MRi5gO.js                              0.08 kB │ gzip:   0.10 kB
dist/assets/expenseCatalogs-YK3wo1OL.js                    0.09 kB │ gzip:   0.10 kB
dist/assets/company-info-BFRGy1MG.js                       0.11 kB │ gzip:   0.12 kB
dist/assets/formStyles-D51DQkoZ.js                         0.11 kB │ gzip:   0.12 kB
dist/assets/governance-DX8vO2l5.js                         0.16 kB │ gzip:   0.16 kB
dist/assets/round-CFmSqWfU.js                              0.17 kB │ gzip:   0.15 kB
dist/assets/Field-C1XQT8Mx.js                              0.18 kB │ gzip:   0.16 kB
dist/assets/useCatalogs-CNb_kHfa.js                        0.22 kB │ gzip:   0.19 kB
dist/assets/moneyInput-h-t6GBWC.js                         0.24 kB │ gzip:   0.19 kB
dist/assets/check-CYU9fXZs.js                              0.30 kB │ gzip:   0.25 kB
dist/assets/chevron-left-C6cHkkDe.js                       0.30 kB │ gzip:   0.25 kB
dist/assets/loader-circle-CRElSWMy.js                      0.32 kB │ gzip:   0.26 kB
dist/assets/plus-BL0JPXHm.js                               0.33 kB │ gzip:   0.26 kB
dist/assets/arrow-right-BPu8O7a8.js                        0.34 kB │ gzip:   0.27 kB
dist/assets/useDirtyGuard-BqGWFxBT.js                      0.34 kB │ gzip:   0.23 kB
dist/assets/search-CR3l1c5t.js                             0.35 kB │ gzip:   0.27 kB
dist/assets/trending-up-Bjn9X25G.js                        0.35 kB │ gzip:   0.28 kB
dist/assets/circle-check-Y1z4IOf2.js                       0.35 kB │ gzip:   0.27 kB
dist/assets/trending-down-BoD8Ueun.js                      0.35 kB │ gzip:   0.28 kB
dist/assets/XClose-IY-1Q8g5.js                             0.35 kB │ gzip:   0.27 kB
dist/assets/clock-BDerl9RD.js                              0.36 kB │ gzip:   0.28 kB
dist/assets/clock-3-BN83zwSX.js                            0.36 kB │ gzip:   0.28 kB
dist/assets/rotate-ccw-OAWC6ODp.js                         0.37 kB │ gzip:   0.29 kB
dist/assets/ellipsis-DlmC_YgK.js                           0.40 kB │ gzip:   0.27 kB
dist/assets/upload-BU4_Ugol.js                             0.40 kB │ gzip:   0.30 kB
dist/assets/download-pByq25SW.js                           0.41 kB │ gzip:   0.30 kB
dist/assets/user-round-check-07frdHhp.js                   0.41 kB │ gzip:   0.31 kB
dist/assets/ellipsis-vertical-C0CID5ZZ.js                  0.41 kB │ gzip:   0.28 kB
dist/assets/copy-CSXE44ay.js                               0.41 kB │ gzip:   0.31 kB
dist/assets/history-BxJAcLGs.js                            0.41 kB │ gzip:   0.30 kB
dist/assets/photo-DAd8wZsk.js                              0.41 kB │ gzip:   0.25 kB
dist/assets/banknote-BmnE6WYB.js                           0.42 kB │ gzip:   0.31 kB
dist/assets/Money-BETGSSTw.js                              0.42 kB │ gzip:   0.27 kB
dist/assets/camera-_BdgTH8e.js                             0.42 kB │ gzip:   0.31 kB
dist/assets/circle-dollar-sign-BTU2f7Hv.js                 0.42 kB │ gzip:   0.31 kB
dist/assets/external-link-C4aM8c-P.js                      0.42 kB │ gzip:   0.30 kB
dist/assets/settings-2-Cskd10j5.js                         0.43 kB │ gzip:   0.30 kB
dist/assets/eye-D6tygPCi.js                                0.43 kB │ gzip:   0.31 kB
dist/assets/file-check-2-DPWKAQpm.js                       0.43 kB │ gzip:   0.30 kB
dist/assets/map-pin-CSavPIhB.js                            0.43 kB │ gzip:   0.33 kB
dist/assets/zap-Cr7dHRSX.js                                0.44 kB │ gzip:   0.31 kB
dist/assets/pencil-BGYndyx_.js                             0.45 kB │ gzip:   0.33 kB
dist/assets/receipt-text-Be_MxxrM.js                       0.47 kB │ gzip:   0.31 kB
dist/assets/userClient-BYHM3-RJ.js                         0.49 kB │ gzip:   0.25 kB
dist/assets/printer-CP-ossmF.js                            0.49 kB │ gzip:   0.34 kB
dist/assets/shield-check-Ddaa5aUh.js                       0.49 kB │ gzip:   0.36 kB
dist/assets/refresh-cw-BkEBrz9o.js                         0.49 kB │ gzip:   0.33 kB
dist/assets/refresh-ccw-BTdFFHqy.js                        0.49 kB │ gzip:   0.33 kB
dist/assets/save-DfHugsTM.js                               0.50 kB │ gzip:   0.33 kB
dist/assets/wallet-cards-DiUZQvqj.js                       0.50 kB │ gzip:   0.36 kB
dist/assets/DriverTripsPage-BHVU9P74.js                    0.52 kB │ gzip:   0.39 kB
dist/assets/shield-alert-lRjsoilk.js                       0.53 kB │ gzip:   0.37 kB
dist/assets/trash-2-B2u61FkQ.js                            0.53 kB │ gzip:   0.36 kB
dist/assets/ForwarderTripsPage-DLfz_VoW.js                 0.54 kB │ gzip:   0.41 kB
dist/assets/fuel-BFC_TSJX.js                               0.54 kB │ gzip:   0.35 kB
dist/assets/file-spreadsheet-C3yA9YAn.js                   0.55 kB │ gzip:   0.33 kB
dist/assets/calendar-clock-BxigBGYO.js                     0.56 kB │ gzip:   0.36 kB
dist/assets/customerDebitNoteMode-CiBOkO0t.js              0.56 kB │ gzip:   0.38 kB
dist/assets/PortalShipmentsPage-C3RYs28W.js                0.59 kB │ gzip:   0.42 kB
dist/assets/octagon-alert-pbsSuKgC.js                      0.60 kB │ gzip:   0.35 kB
dist/assets/eye-off-yrzChJ--.js                            0.60 kB │ gzip:   0.38 kB
dist/assets/useFocusDeepLink-Cbfq8j8f.js                   0.61 kB │ gzip:   0.40 kB
dist/assets/building-2-CNn_1B36.js                         0.61 kB │ gzip:   0.35 kB
dist/assets/arrow-up-8e-mIOEY.js                           0.62 kB │ gzip:   0.32 kB
dist/assets/ClickableCard-IrUYPDVx.js                      0.63 kB │ gzip:   0.38 kB
dist/assets/useCounterAnimation-CrGe-cBf.js                0.63 kB │ gzip:   0.43 kB
dist/assets/star-OHkbOmmF.js                               0.65 kB │ gzip:   0.41 kB
dist/assets/Skeleton-CAMwk0XT.js                           0.66 kB │ gzip:   0.37 kB
dist/assets/useBackShortcut-COyxpwt6.js                    0.70 kB │ gzip:   0.45 kB
dist/assets/FormActions-DkpuT0vV.js                        0.76 kB │ gzip:   0.45 kB
dist/assets/constants-Cv3UB1Xz.js                          0.78 kB │ gzip:   0.41 kB
dist/assets/cap-table-D-EbwnMC.js                          0.86 kB │ gzip:   0.40 kB
dist/assets/utils-CQV1IjPl.js                              0.89 kB │ gzip:   0.62 kB
dist/assets/AccountingLockBanner-TAUNJH46.js               0.91 kB │ gzip:   0.60 kB
dist/assets/StatusStrip-B9wczV0Q.js                        0.95 kB │ gzip:   0.44 kB
dist/assets/usePageAnimations-DmbtEJw_.js                  0.98 kB │ gzip:   0.54 kB
dist/assets/useListAnimations-OEtvBo3e.js                  1.05 kB │ gzip:   0.58 kB
dist/assets/TextField-CmJ5W7Gl.js                          1.12 kB │ gzip:   0.49 kB
dist/assets/ForwarderSettlementsPage-Kd5S2dFb.js           1.21 kB │ gzip:   0.64 kB
dist/assets/shipment-operations-DQSsSNYS.js                1.25 kB │ gzip:   0.67 kB
dist/assets/useDashboardQueries-cHYS_Jbd.js                1.27 kB │ gzip:   0.54 kB
dist/assets/maps-DKCP4gWA.js                               1.27 kB │ gzip:   0.66 kB
dist/assets/useTableQueryState-MOV3QQbJ.js                 1.27 kB │ gzip:   0.67 kB
dist/assets/ShipmentContainerCell-BuuRwEZ7.js              1.36 kB │ gzip:   0.73 kB
dist/assets/Pagination-DDGOlzH2.js                         1.56 kB │ gzip:   0.77 kB
dist/assets/useCRUD-D4xhKHlc.js                            1.64 kB │ gzip:   0.81 kB
dist/assets/catalogs-B2euX_yB.js                           1.66 kB │ gzip:   0.81 kB
dist/assets/DispatchPlanPage-BQ-xlSDe.js                   1.70 kB │ gzip:   0.69 kB
dist/assets/CargoTypesConfigPage-BKUrga4v.js               1.70 kB │ gzip:   1.00 kB
dist/assets/useTireQueries-C-yKiAhB.js                     1.73 kB │ gzip:   0.61 kB
dist/assets/TirePositionsConfigPage-CSfSZxJT.js            1.78 kB │ gzip:   1.04 kB
dist/assets/textarea-bJgT8VjN.js                           1.81 kB │ gzip:   0.94 kB
dist/assets/customerServiceFinanceClient-C85lS-kn.js       1.83 kB │ gzip:   0.73 kB
dist/assets/format-DkVRWOTM.js                             2.01 kB │ gzip:   0.83 kB
dist/assets/credit-override-permissions-BoTWsmOS.js        2.10 kB │ gzip:   0.69 kB
dist/assets/EmptyState-DXiP9A9t.js                         2.27 kB │ gzip:   0.62 kB
dist/assets/TrucksConfigPage-Dzalrwim.js                   2.29 kB │ gzip:   1.25 kB
dist/assets/WeightPricingTiersConfigPage-DdMqyqT7.js       2.31 kB │ gzip:   1.10 kB
dist/assets/TrailersConfigPage-BgJbm0A6.js                 2.51 kB │ gzip:   1.25 kB
dist/assets/CarrierAllocationSummary-BCc5zT-x.js           2.63 kB │ gzip:   1.20 kB
dist/assets/AncillaryRevenueConfigPage-8xls3z1T.js         2.68 kB │ gzip:   1.34 kB
dist/assets/confirm-dialog-B9_cBwlF.js                     2.71 kB │ gzip:   1.33 kB
dist/assets/audit-helpers-Bf7V_4lg.js                      2.73 kB │ gzip:   1.38 kB
dist/assets/RoadAllowancesConfigPage-DqPXWauH.js           2.78 kB │ gzip:   1.44 kB
dist/assets/BusinessCalendarConfigPage-1reJjL75.js         3.14 kB │ gzip:   1.59 kB
dist/assets/LocationAutocomplete-CzY3PV4S.js               3.21 kB │ gzip:   1.57 kB
dist/assets/select-native-Biv9G0Va.js                      3.24 kB │ gzip:   1.09 kB
dist/assets/TreasuryPositionPage-D76YhpLP.js               3.39 kB │ gzip:   1.49 kB
dist/assets/LiftPricingConfigPage-CzkWbdz3.js              3.41 kB │ gzip:   1.50 kB
dist/assets/useFinancialQueries-BUEQVT1U.js                3.43 kB │ gzip:   1.16 kB
dist/assets/salaryClient-CU18BgHP.js                       3.44 kB │ gzip:   0.93 kB
dist/assets/ExpenseCategoriesConfigPage-C3ONfZYn.js        3.58 kB │ gzip:   1.55 kB
dist/assets/FleetDriversPage-BMkILjNM.js                   3.73 kB │ gzip:   1.62 kB
dist/assets/DriverFormModal-Cct_9NLa.js                    3.86 kB │ gzip:   1.37 kB
dist/assets/FleetVehiclesPage-BhahgRX-.js                  3.90 kB │ gzip:   1.66 kB
dist/assets/DriverPayslipsPage-CDntzd8y.js                 3.98 kB │ gzip:   1.62 kB
dist/assets/PricingTablesConfigPage-BGJoBBXG.js            4.04 kB │ gzip:   1.73 kB
dist/assets/DispatchSuppliersPage-CkBsvjQO.js              4.13 kB │ gzip:   1.89 kB
dist/assets/CapTableConfigPage-BcygcYvI.js                 4.15 kB │ gzip:   1.96 kB
dist/assets/DebitNoteTemplatesConfigPage-Bi-x7zdj.js       4.30 kB │ gzip:   1.81 kB
dist/assets/CrudTable-3uW6dvjh.js                          4.42 kB │ gzip:   1.99 kB
dist/assets/FuelNormsConfigPage-BEknWd0S.js                4.45 kB │ gzip:   1.81 kB
dist/assets/shipmentClient-CEoOXVQE.js                     4.58 kB │ gzip:   1.19 kB
dist/assets/useDriverQueries-CG61Mdky.js                   4.59 kB │ gzip:   1.61 kB
dist/assets/LoginPage-B2hhQ0P7.js                          4.85 kB │ gzip:   1.90 kB
dist/assets/RevenueTrendChart-B2IcBlJk.js                  4.97 kB │ gzip:   2.11 kB
dist/assets/TripExpenseConfigPage-BLzodE0v.js              5.22 kB │ gzip:   1.82 kB
dist/assets/SalaryPeriodConfigPage-VmbSFVsv.js             5.26 kB │ gzip:   2.04 kB
dist/assets/PhotoViewer-DZwLgcZz.js                        5.70 kB │ gzip:   2.34 kB
dist/assets/cusUtils-dluMu59V.js                           5.72 kB │ gzip:   2.56 kB
dist/assets/ConfigPage-DHE_Wt7f.js                         6.14 kB │ gzip:   2.39 kB
dist/assets/PortsConfigPage-CwfTDSxc.js                    6.17 kB │ gzip:   2.20 kB
dist/assets/DriverPenaltyPage-B3bMd7Wo.js                  6.22 kB │ gzip:   2.26 kB
dist/assets/DriverTwoOrdersPage-Dod326VF.js                6.43 kB │ gzip:   2.38 kB
dist/assets/TruckFormModal-CMQRfdh4.js                     6.65 kB │ gzip:   2.37 kB
dist/assets/PortalShipmentDetailPage-yfKNXh-B.js           7.24 kB │ gzip:   2.48 kB
dist/assets/useSalaryQueries-R69KSnu0.js                   7.40 kB │ gzip:   1.17 kB
dist/assets/PortalStatementPage-C59ImrU1.js                7.45 kB │ gzip:   2.47 kB
dist/assets/TruckOwnersConfigPage-DQSbUKco.js              7.48 kB │ gzip:   3.01 kB
dist/assets/FuelEvidenceReviewPage-DIXrQgwp.js             7.64 kB │ gzip:   2.90 kB
dist/assets/ForwarderSettlementsPage-BasLSOxs.js           7.79 kB │ gzip:   2.78 kB
dist/assets/CompanyInfoConfigPage-CE2NOGdi.js              7.88 kB │ gzip:   2.69 kB
dist/assets/SearchableSelect-BaA3AYXk.js                   7.89 kB │ gzip:   3.02 kB
dist/assets/useForwarderQueries-BBdjE4dx.js                8.05 kB │ gzip:   1.86 kB
dist/assets/FuelConfigPage-WN67NNux.js                     8.20 kB │ gzip:   2.65 kB
dist/assets/PortalDebitNotesPage-DVLtuf6A.js               8.65 kB │ gzip:   3.19 kB
dist/assets/MasterDataImportPage-B1Un36El.js               9.09 kB │ gzip:   3.29 kB
dist/assets/ForwarderAdvancesPage-DhgfAwKR.js              9.41 kB │ gzip:   2.90 kB
dist/assets/RoleWorkInbox-DS_TOFes.js                     10.02 kB │ gzip:   3.77 kB
dist/assets/DriverEarningsPage-DS5LXdp8.js                10.02 kB │ gzip:   2.93 kB
dist/assets/useOfflineCommandQueue-Brhlpi4k.js            10.08 kB │ gzip:   3.86 kB
dist/assets/ForwarderExpenseTypesConfigPage-jUeJeDw2.js   10.35 kB │ gzip:   3.56 kB
dist/assets/ExpenseListPage-6wPYgD6e.js                   11.35 kB │ gzip:   3.59 kB
dist/assets/ForwarderSettlementCreatePage-DqikpJ8t.js     13.12 kB │ gzip:   4.10 kB
dist/assets/GovernanceActionsPage-M1RCLVrB.js             13.32 kB │ gzip:   4.43 kB
dist/assets/AncillaryFeesCard-CDyIIDhp.js                 14.45 kB │ gzip:   4.24 kB
dist/assets/DebtListPage-2xYSp5eK.js                      14.79 kB │ gzip:   4.92 kB
dist/assets/AuditLogPage-Do00H4FJ.js                      14.95 kB │ gzip:   5.26 kB
dist/assets/CustomersConfigPage-L3wOfvnz.js               15.86 kB │ gzip:   5.19 kB
dist/assets/PenaltyReasonsConfigPage-BFbUy1Tf.js          16.42 kB │ gzip:   5.27 kB
dist/assets/CreditOverrideQueuePage-BmqzQm4B.js           16.79 kB │ gzip:   4.77 kB
dist/assets/SettlementPrintPage-Dym3WxUT.js               16.83 kB │ gzip:   5.06 kB
dist/assets/AccountingWorkspacePage-ZVdWevRz.js           18.85 kB │ gzip:   6.19 kB
dist/assets/PayableDetailPage-BadjrFQu.js                 20.70 kB │ gzip:   6.26 kB
dist/assets/RecoverableCostsPage-EBZ9z_ue.js              21.44 kB │ gzip:   7.18 kB
dist/assets/SupplierListPage-Bv1B9QRX.js                  21.52 kB │ gzip:   6.20 kB
dist/assets/driver.js-CK928fzB.js                         22.53 kB │ gzip:   6.55 kB
dist/assets/RoutesConfigPage-DK-AGnVS.js                  24.12 kB │ gzip:   7.04 kB
dist/assets/CustomersPage-D5yLcZ2E.js                     24.24 kB │ gzip:   7.56 kB
dist/assets/ExpenseEntryPage-BtkRTMqB.js                  24.24 kB │ gzip:   7.18 kB
dist/assets/ProfitPage-DGiOE3k_.js                        25.18 kB │ gzip:   7.46 kB
dist/assets/AdvanceWorkspacePage-DDaj7nF1.js              25.30 kB │ gzip:   6.54 kB
dist/assets/PenaltyPage-BABuOtbB.js                       28.08 kB │ gzip:   8.64 kB
dist/assets/DebtDetailPage-CnVx-u0G.js                    29.42 kB │ gzip:   9.00 kB
dist/assets/DriverTripDetailPage-DLYyzuLT.js              29.45 kB │ gzip:   9.33 kB
dist/assets/PeriodSummaryCards-DTYde6UD.js                29.84 kB │ gzip:   9.23 kB
dist/assets/ShipmentDetailPage-SLwrGmwG.js                31.26 kB │ gzip:   9.13 kB
dist/assets/DebitNoteTemplateEditorPage-DykRDPAc.js       31.63 kB │ gzip:   8.69 kB
dist/assets/DispatchDetailPlanPage-yfboxwQE.js            35.58 kB │ gzip:   9.63 kB
dist/assets/TruckTiresPage-CjScFuMe.js                    36.93 kB │ gzip:   9.83 kB
dist/assets/FleetPage-CvS8Uqj_.js                         37.21 kB │ gzip:   7.12 kB
dist/assets/TripCreatePage-Bp1733zR.js                    37.85 kB │ gzip:  10.76 kB
dist/assets/DashboardPage-CpJ8qxrm.js                     38.40 kB │ gzip:  12.20 kB
dist/assets/ForwarderTripDetailPage-gSwOn9ml.js           39.66 kB │ gzip:  11.66 kB
dist/assets/ShipmentsDetailPage-8SlPdnth.js               40.57 kB │ gzip:  11.18 kB
dist/assets/TripEditPage-D7qFpqN8.js                      40.90 kB │ gzip:  11.19 kB
dist/assets/vendor-anim-CJ4B5Iet.js                       41.97 kB │ gzip:  15.75 kB
dist/assets/AppSettingsConfigPage-BkRZXvRz.js             42.12 kB │ gzip:  10.81 kB
dist/assets/FinancePage-CQ8SHi-D.js                       44.70 kB │ gzip:  11.60 kB
dist/assets/PayableListPage-C_PiiirT.js                   45.19 kB │ gzip:  12.01 kB
dist/assets/MasterPlanPage-B04GZc0X.js                    46.23 kB │ gzip:  11.71 kB
dist/assets/ClerkShipmentCreatePage-9a4Q-tZe.js           48.41 kB │ gzip:  13.40 kB
dist/assets/SalaryAttendancePage-KuxJ5cwH.js              50.65 kB │ gzip:  12.60 kB
dist/assets/UsersPage-Byqt7CdD.js                         50.72 kB │ gzip:  13.37 kB
dist/assets/TripDetailPage-MKy5P9Ql.js                    54.13 kB │ gzip:  15.12 kB
dist/assets/ShipmentsPage-Chk9YDZe.js                     54.94 kB │ gzip:  14.72 kB
dist/assets/TripForm-DED2nbzM.js                          67.27 kB │ gzip:  20.37 kB
dist/assets/TripListPage-BV5Ha7IO.js                      90.10 kB │ gzip:  25.60 kB
dist/assets/AgentAssistant-BthSm51y.js                   134.86 kB │ gzip:  41.84 kB
dist/assets/LeafletMap-6PCgPf4q.js                       156.36 kB │ gzip:  45.57 kB
dist/assets/vendor-react-BZzewrSf.js                     280.28 kB │ gzip:  88.22 kB
dist/assets/index-CESoEzrW.js                            683.77 kB │ gzip: 197.88 kB
dist/assets/csv-BJ4pXzHy.js                              945.82 kB │ gzip: 273.69 kB

(!) Some chunks are larger than 500 kB after minification. Consider:
- Using dynamic import() to code-split the application
- Use build.rollupOptions.output.manualChunks to improve chunking: https://rollupjs.org/configuration-options/#output-manualchunks
- Adjust chunk size limit for this warning via build.chunkSizeWarningLimit.
✓ built in 5.39s
exit_status=0
